ARM Linker, 5.03 [Build 76] [MDK-ARM Standard]

==============================================================================

Section Cross References

    main.o(.text) refers to delay.o(.text) for delay_init
    main.o(.text) refers to misc.o(.text) for NVIC_PriorityGroupConfig
    main.o(.text) refers to usart.o(.text) for uart_init
    main.o(.text) refers to usart2.o(.text) for USART2_Init
    main.o(.text) refers to lcd.o(.text) for LCD_Init
    main.o(.text) refers to led.o(.text) for LED_Init
    main.o(.text) refers to key.o(.text) for KEY_Init
    main.o(.text) refers to malloc.o(.text) for mem_init
    main.o(.text) refers to exfuns.o(.text) for exfuns_init
    main.o(.text) refers to ff.o(.text) for f_mount
    main.o(.text) refers to fontupd.o(.text) for font_init
    main.o(.text) refers to mmc_sd.o(.text) for SD_Initialize
    main.o(.text) refers to common.o(.text) for atk_8266_test
    main.o(.text) refers to touch.o(.data) for tp_dev
    main.o(.text) refers to exfuns.o(.data) for fs
    main.o(.text) refers to lcd.o(.data) for POINT_COLOR
    system_stm32f10x.o(.text) refers to system_stm32f10x.o(.data) for SystemCoreClock
    delay.o(.text) refers to misc.o(.text) for SysTick_CLKSourceConfig
    delay.o(.text) refers to system_stm32f10x.o(.data) for SystemCoreClock
    delay.o(.text) refers to delay.o(.data) for fac_us
    sys.o(.text) refers to misc.o(.text) for NVIC_PriorityGroupConfig
    usart.o(.text) refers (Special) to use_no_semi_2.o(.text) for __use_no_semihosting
    usart.o(.text) refers to stm32f10x_rcc.o(.text) for RCC_APB2PeriphClockCmd
    usart.o(.text) refers to stm32f10x_usart.o(.text) for USART_DeInit
    usart.o(.text) refers to stm32f10x_gpio.o(.text) for GPIO_Init
    usart.o(.text) refers to misc.o(.text) for NVIC_Init
    usart.o(.text) refers to usart.o(.data) for USART_RX_STA
    usart.o(.text) refers to usart.o(.bss) for USART_RX_BUF
    usart.o(.bss) refers (Special) to use_no_semi_2.o(.text) for __use_no_semihosting
    usart.o(.data) refers (Special) to use_no_semi_2.o(.text) for __use_no_semihosting
    24cxx.o(.text) refers to myiic.o(.text) for IIC_Init
    24cxx.o(.text) refers to delay.o(.text) for delay_ms
    flash.o(.text) refers to spi.o(.text) for SPI1_ReadWriteByte
    flash.o(.text) refers to stm32f10x_rcc.o(.text) for RCC_APB2PeriphClockCmd
    flash.o(.text) refers to stm32f10x_gpio.o(.text) for GPIO_Init
    flash.o(.text) refers to malloc.o(.text) for mymalloc
    flash.o(.text) refers to delay.o(.text) for delay_us
    flash.o(.text) refers to flash.o(.data) for SPI_FLASH_TYPE
    myiic.o(.text) refers to stm32f10x_rcc.o(.text) for RCC_APB2PeriphClockCmd
    myiic.o(.text) refers to stm32f10x_gpio.o(.text) for GPIO_Init
    myiic.o(.text) refers to delay.o(.text) for delay_us
    key.o(.text) refers to stm32f10x_rcc.o(.text) for RCC_APB2PeriphClockCmd
    key.o(.text) refers to stm32f10x_gpio.o(.text) for GPIO_PinRemapConfig
    key.o(.text) refers to delay.o(.text) for delay_ms
    key.o(.text) refers to key.o(.data) for key_up
    lcd.o(.text) refers to _printf_percent.o(.ARM.Collect$$_printf_percent$$00000000) for _printf_percent
    lcd.o(.text) refers to _printf_x.o(.ARM.Collect$$_printf_percent$$0000000C) for _printf_x
    lcd.o(.text) refers to _printf_hex_int_ll_ptr.o(.text) for _printf_longlong_hex
    lcd.o(.text) refers to delay.o(.text) for delay_us
    lcd.o(.text) refers to lcd.o(.bss) for lcddev
    lcd.o(.text) refers to dflt_clz.o(x$fpl$dfltu) for __aeabi_ui2d
    lcd.o(.text) refers to dmul.o(x$fpl$dmul) for __aeabi_dmul
    lcd.o(.text) refers to dfixu.o(x$fpl$dfixu) for __aeabi_d2uiz
    lcd.o(.text) refers to lcd.o(.data) for POINT_COLOR
    lcd.o(.text) refers to stm32f10x_rcc.o(.text) for RCC_APB2PeriphClockCmd
    lcd.o(.text) refers to stm32f10x_gpio.o(.text) for GPIO_PinRemapConfig
    lcd.o(.text) refers to __2printf.o(.text) for __2printf
    lcd.o(.text) refers to lcd.o(.constdata) for asc2_1206
    led.o(.text) refers to stm32f10x_rcc.o(.text) for RCC_APB2PeriphClockCmd
    led.o(.text) refers to stm32f10x_gpio.o(.text) for GPIO_Init
    mmc_sd.o(.text) refers to spi.o(.text) for SPI1_ReadWriteByte
    mmc_sd.o(.text) refers to stm32f10x_rcc.o(.text) for RCC_APB2PeriphClockCmd
    mmc_sd.o(.text) refers to stm32f10x_gpio.o(.text) for GPIO_Init
    mmc_sd.o(.text) refers to mmc_sd.o(.data) for SD_Type
    spi.o(.text) refers to stm32f10x_spi.o(.text) for SPI_I2S_GetFlagStatus
    spi.o(.text) refers to stm32f10x_rcc.o(.text) for RCC_APB2PeriphClockCmd
    spi.o(.text) refers to stm32f10x_gpio.o(.text) for GPIO_Init
    spi.o(.text) refers to spi.o(.bss) for SPI_InitStructure
    ctiic.o(.text) refers to delay.o(.text) for delay_us
    ft5206.o(.text) refers to _printf_percent.o(.ARM.Collect$$_printf_percent$$00000000) for _printf_percent
    ft5206.o(.text) refers to _printf_x.o(.ARM.Collect$$_printf_percent$$0000000C) for _printf_x
[...]
    CT_IIC_Init                              0x08006fe7   Thumb Code    62  ctiic.o(.text)
    CT_IIC_Start                             0x08007025   Thumb Code    60  ctiic.o(.text)
    CT_IIC_Stop                              0x08007061   Thumb Code    60  ctiic.o(.text)
    CT_IIC_Wait_Ack                          0x0800709d   Thumb Code    82  ctiic.o(.text)
    CT_IIC_Ack                               0x080070ef   Thumb Code    64  ctiic.o(.text)
    CT_IIC_NAck                              0x0800712f   Thumb Code    64  ctiic.o(.text)
    CT_IIC_Send_Byte                         0x0800716f   Thumb Code    84  ctiic.o(.text)
    CT_IIC_Read_Byte                         0x080071c3   Thumb Code    92  ctiic.o(.text)
    FT5206_WR_Reg                            0x08007239   Thumb Code    82  ft5206.o(.text)
    FT5206_RD_Reg                            0x0800728b   Thumb Code    88  ft5206.o(.text)
    FT5206_Init                              0x080072e3   Thumb Code   216  ft5206.o(.text)
    FT5206_Scan                              0x080073bb   Thumb Code   396  ft5206.o(.text)
    GT9147_WR_Reg                            0x0800756d   Thumb Code    92  gt9147.o(.text)
    GT9147_Send_Cfg                          0x080075c9   Thumb Code    86  gt9147.o(.text)
    GT9147_RD_Reg                            0x0800761f   Thumb Code    98  gt9147.o(.text)
    GT9147_Init                              0x08007681   Thumb Code   244  gt9147.o(.text)
    GT9147_Scan                              0x08007775   Thumb Code   406  gt9147.o(.text)
    OTT2001A_WR_Reg                          0x08007951   Thumb Code    92  ott2001a.o(.text)
    OTT2001A_RD_Reg                          0x080079ad   Thumb Code    98  ott2001a.o(.text)
    OTT2001A_SensorControl                   0x08007a0f   Thumb Code    28  ott2001a.o(.text)
    OTT2001A_Init                            0x08007a2b   Thumb Code   158  ott2001a.o(.text)
    OTT2001A_Scan                            0x08007ac9   Thumb Code   440  ott2001a.o(.text)
    TP_Write_Byte                            0x08007cb9   Thumb Code    64  touch.o(.text)
    TP_Read_AD                               0x08007cf9   Thumb Code   124  touch.o(.text)
    TP_Read_XOY                              0x08007d75   Thumb Code   120  touch.o(.text)
    TP_Read_XY                               0x08007ded   Thumb Code    38  touch.o(.text)
    TP_Read_XY2                              0x08007e13   Thumb Code   192  touch.o(.text)
    TP_Drow_Touch_Point                      0x08007ed3   Thumb Code   108  touch.o(.text)
    TP_Draw_Big_Point                        0x08007f3f   Thumb Code    54  touch.o(.text)
    TP_Scan                                  0x08007f75   Thumb Code   262  touch.o(.text)
    TP_Save_Adjdata                          0x0800807b   Thumb Code   164  touch.o(.text)
    TP_Get_Adjdata                           0x0800811f   Thumb Code   152  touch.o(.text)
    TP_Adj_Info_Show                         0x080081b7   Thumb Code   376  touch.o(.text)
    TP_Adjust                                0x0800832f   Thumb Code  1240  touch.o(.text)
    TP_Init                                  0x08008807   Thumb Code   248  touch.o(.text)
    TIM4_Set                                 0x08008965   Thumb Code    34  usart2.o(.text)
    USART2_IRQHandler                        0x08008987   Thumb Code    84  usart2.o(.text)
    TIM4_Init                                0x080089db   Thumb Code    82  usart2.o(.text)
    UART_DMA_Config                          0x08008a2d   Thumb Code    72  usart2.o(.text)
    USART2_Init                              0x08008a75   Thumb Code   206  usart2.o(.text)
    UART_DMA_Enable                          0x08008b43   Thumb Code    32  usart2.o(.text)
    u2_printf                                0x08008b63   Thumb Code    56  usart2.o(.text)
    TIM4_IRQHandler                          0x08008b9b   Thumb Code    40  usart2.o(.text)
    Reset_Handler                            0x08008be1   Thumb Code     8  startup_stm32f10x_md.o(.text)
    ADC1_2_IRQHandler                        0x08008bfb   Thumb Code     0  startup_stm32f10x_md.o(.text)
    CAN1_RX1_IRQHandler                      0x08008bfb   Thumb Code     0  startup_stm32f10x_md.o(.text)
    CAN1_SCE_IRQHandler                      0x08008bfb   Thumb Code     0  startup_stm32f10x_md.o(.text)
    DMA1_Channel1_IRQHandler                 0x08008bfb   Thumb Code     0  startup_stm32f10x_md.o(.text)
    DMA1_Channel2_IRQHandler                 0x08008bfb   Thumb Code     0  startup_stm32f10x_md.o(.text)
    DMA1_Channel3_IRQHandler                 0x08008bfb   Thumb Code     0  startup_stm32f10x_md.o(.text)
    DMA1_Channel4_IRQHandler                 0x08008bfb   Thumb Code     0  startup_stm32f10x_md.o(.text)
    DMA1_Channel5_IRQHandler                 0x08008bfb   Thumb Code     0  startup_stm32f10x_md.o(.text)
    DMA1_Channel6_IRQHandler                 0x08008bfb   Thumb Code     0  startup_stm32f10x_md.o(.text)
    DMA1_Channel7_IRQHandler                 0x08008bfb   Thumb Code     0  startup_stm32f10x_md.o(.text)
    EXTI0_IRQHandler                         0x08008bfb   Thumb Code     0  startup_stm32f10x_md.o(.text)
    EXTI15_10_IRQHandler                     0x08008bfb   Thumb Code     0  startup_stm32f10x_md.o(.text)
    EXTI1_IRQHandler                         0x08008bfb   Thumb Code     0  startup_stm32f10x_md.o(.text)
    EXTI2_IRQHandler                         0x08008bfb   Thumb Code     0  startup_stm32f10x_md.o(.text)
    EXTI3_IRQHandler                         0x08008bfb   Thumb Code     0  startup_stm32f10x_md.o(.text)
    EXTI4_IRQHandler                         0x08008bfb   Thumb Code     0  startup_stm32f10x_md.o(.text)
    EXTI9_5_IRQHandler                       0x08008bfb   Thumb Code     0  startup_stm32f10x_md.o(.text)
    FLASH_IRQHandler                         0x08008bfb   Thumb Code     0  startup_stm32f10x_md.o(.text)
    I2C1_ER_IRQHandler                       0x08008bfb   Thumb Code     0  startup_stm32f10x_md.o(.text)
    I2C1_EV_IRQHandler                       0x08008bfb   Thumb Code     0  startup_stm32f10x_md.o(.text)
    I2C2_ER_IRQHandler                       0x08008bfb   Thumb Code     0  startup_stm32f10x_md.o(.text)
    I2C2_EV_IRQHandler                       0x08008bfb   Thumb Code     0  startup_stm32f10x_md.o(.text)
    PVD_IRQHandler                           0x08008bfb   Thumb Code     0  startup_stm32f10x_md.o(.text)
    RCC_IRQHandler                           0x08008bfb   Thumb Code     0  startup_stm32f10x_md.o(.text)
    RTCAlarm_IRQHandler                      0x08008bfb   Thumb Code     0  startup_stm32f10x_md.o(.text)
    RTC_IRQHandler                           0x08008bfb   Thumb Code     0  startup_stm32f10x_md.o(.text)
    SPI1_IRQHandler                          0x08008bfb   Thumb Code     0  startup_stm32f10x_md.o(.text)
    SPI2_IRQHandler                          0x08008bfb   Thumb Code     0  startup_stm32f10x_md.o(.text)
    TAMPER_IRQHandler                        0x08008bfb   Thumb Code     0  startup_stm32f10x_md.o(.text)
    TIM1_BRK_IRQHandler                      0x08008bfb   Thumb Code     0  startup_stm32f10x_md.o(.text)
    TIM1_CC_IRQHandler                       0x08008bfb   Thumb Code     0  startup_stm32f10x_md.o(.text)
    TIM1_TRG_COM_IRQHandler                  0x08008bfb   Thumb Code     0  startup_stm32f10x_md.o(.text)
    TIM1_UP_IRQHandler                       0x08008bfb   Thumb Code     0  startup_stm32f10x_md.o(.text)
    TIM3_IRQHandler                          0x08008bfb   Thumb Code     0  startup_stm32f10x_md.o(.text)
    USART3_IRQHandler                        0x08008bfb   Thumb Code     0  startup_stm32f10x_md.o(.text)
    USBWakeUp_IRQHandler                     0x08008bfb   Thumb Code     0  startup_stm32f10x_md.o(.text)
    USB_HP_CAN1_TX_IRQHandler                0x08008bfb   Thumb Code     0  startup_stm32f10x_md.o(.text)
    USB_LP_CAN1_RX0_IRQHandler               0x08008bfb   Thumb Code     0  startup_stm32f10x_md.o(.text)
    WWDG_IRQHandler                          0x08008bfb   Thumb Code     0  startup_stm32f10x_md.o(.text)
    __user_initial_stackheap                 0x08008bfd   Thumb Code     0  startup_stm32f10x_md.o(.text)
    NVIC_PriorityGroupConfig                 0x08008c21   Thumb Code    10  misc.o(.text)
    NVIC_Init                                0x08008c2b   Thumb Code   102  misc.o(.text)
    NVIC_SetVectorTable                      0x08008c91   Thumb Code    14  misc.o(.text)
    NVIC_SystemLPConfig                      0x08008c9f   Thumb Code    34  misc.o(.text)
    SysTick_CLKSourceConfig                  0x08008cc1   Thumb Code    40  misc.o(.text)
    DMA_DeInit                               0x08008cfd   Thumb Code   324  stm32f10x_dma.o(.text)
    DMA_Init                                 0x08008e41   Thumb Code    60  stm32f10x_dma.o(.text)
    DMA_StructInit                           0x08008e7d   Thumb Code    26  stm32f10x_dma.o(.text)
    DMA_Cmd                                  0x08008e97   Thumb Code    24  stm32f10x_dma.o(.text)
    DMA_ITConfig                             0x08008eaf   Thumb Code    18  stm32f10x_dma.o(.text)
    DMA_SetCurrDataCounter                   0x08008ec1   Thumb Code     4  stm32f10x_dma.o(.text)
    DMA_GetCurrDataCounter                   0x08008ec5   Thumb Code     8  stm32f10x_dma.o(.text)
    DMA_GetFlagStatus                        0x08008ecd   Thumb Code    38  stm32f10x_dma.o(.text)
    DMA_ClearFlag                            0x08008ef3   Thumb Code    22  stm32f10x_dma.o(.text)
    DMA_GetITStatus                          0x08008f09   Thumb Code    38  stm32f10x_dma.o(.text)
    DMA_ClearITPendingBit                    0x08008f2f   Thumb Code    22  stm32f10x_dma.o(.text)
    GPIO_DeInit                              0x08008f4d   Thumb Code   172  stm32f10x_gpio.o(.text)
    GPIO_AFIODeInit                          0x08008ff9   Thumb Code    20  stm32f10x_gpio.o(.text)
    GPIO_Init                                0x0800900d   Thumb Code   274  stm32f10x_gpio.o(.text)
    GPIO_StructInit                          0x0800911f   Thumb Code    16  stm32f10x_gpio.o(.text)
    GPIO_ReadInputDataBit                    0x0800912f   Thumb Code    18  stm32f10x_gpio.o(.text)
    GPIO_ReadInputData                       0x08009141   Thumb Code     8  stm32f10x_gpio.o(.text)
    GPIO_ReadOutputDataBit                   0x08009149   Thumb Code    18  stm32f10x_gpio.o(.text)
    GPIO_ReadOutputData                      0x0800915b   Thumb Code     8  stm32f10x_gpio.o(.text)
    GPIO_SetBits                             0x08009163   Thumb Code     4  stm32f10x_gpio.o(.text)
    GPIO_ResetBits                           0x08009167   Thumb Code     4  stm32f10x_gpio.o(.text)
    GPIO_WriteBit                            0x0800916b   Thumb Code    10  stm32f10x_gpio.o(.text)
    GPIO_Write                               0x08009175   Thumb Code     4  stm32f10x_gpio.o(.text)
    GPIO_PinLockConfig                       0x08009179   Thumb Code    18  stm32f10x_gpio.o(.text)
    GPIO_EventOutputConfig                   0x0800918b   Thumb Code    26  stm32f10x_gpio.o(.text)
    GPIO_EventOutputCmd                      0x080091a5   Thumb Code     6  stm32f10x_gpio.o(.text)
    GPIO_PinRemapConfig                      0x080091ab   Thumb Code   138  stm32f10x_gpio.o(.text)
    GPIO_EXTILineConfig                      0x08009235   Thumb Code    66  stm32f10x_gpio.o(.text)
    GPIO_ETH_MediaInterfaceConfig            0x08009277   Thumb Code     6  stm32f10x_gpio.o(.text)
    RCC_DeInit                               0x080092a5   Thumb Code    64  stm32f10x_rcc.o(.text)
    RCC_HSEConfig                            0x080092e5   Thumb Code    70  stm32f10x_rcc.o(.text)
    RCC_GetFlagStatus                        0x0800932b   Thumb Code    56  stm32f10x_rcc.o(.text)
    RCC_WaitForHSEStartUp                    0x08009363   Thumb Code    56  stm32f10x_rcc.o(.text)
    RCC_AdjustHSICalibrationValue            0x0800939b   Thumb Code    20  stm32f10x_rcc.o(.text)
    RCC_HSICmd                               0x080093af   Thumb Code     6  stm32f10x_rcc.o(.text)
    RCC_PLLConfig                            0x080093b5   Thumb Code    24  stm32f10x_rcc.o(.text)
    RCC_PLLCmd                               0x080093cd   Thumb Code     6  stm32f10x_rcc.o(.text)
    RCC_SYSCLKConfig                         0x080093d3   Thumb Code    18  stm32f10x_rcc.o(.text)
    RCC_GetSYSCLKSource                      0x080093e5   Thumb Code    10  stm32f10x_rcc.o(.text)
    RCC_HCLKConfig                           0x080093ef   Thumb Code    18  stm32f10x_rcc.o(.text)
    RCC_PCLK1Config                          0x08009401   Thumb Code    18  stm32f10x_rcc.o(.text)
    RCC_PCLK2Config                          0x08009413   Thumb Code    20  stm32f10x_rcc.o(.text)
    RCC_ITConfig                             0x08009427   Thumb Code    26  stm32f10x_rcc.o(.text)
    RCC_USBCLKConfig                         0x08009441   Thumb Code     6  stm32f10x_rcc.o(.text)
    RCC_ADCCLKConfig                         0x08009447   Thumb Code    18  stm32f10x_rcc.o(.text)
    RCC_LSEConfig                            0x08009459   Thumb Code    44  stm32f10x_rcc.o(.text)
    RCC_LSICmd                               0x08009485   Thumb Code     6  stm32f10x_rcc.o(.text)
    RCC_RTCCLKConfig                         0x0800948b   Thumb Code    12  stm32f10x_rcc.o(.text)
    RCC_RTCCLKCmd                            0x08009497   Thumb Code     8  stm32f10x_rcc.o(.text)
    RCC_GetClocksFreq                        0x0800949f   Thumb Code   192  stm32f10x_rcc.o(.text)
    RCC_AHBPeriphClockCmd                    0x0800955f   Thumb Code    26  stm32f10x_rcc.o(.text)
    RCC_APB2PeriphClockCmd                   0x08009579   Thumb Code    26  stm32f10x_rcc.o(.text)
    RCC_APB1PeriphClockCmd                   0x08009593   Thumb Code    26  stm32f10x_rcc.o(.text)
    RCC_APB2PeriphResetCmd                   0x080095ad   Thumb Code    26  stm32f10x_rcc.o(.text)
    RCC_APB1PeriphResetCmd                   0x080095c7   Thumb Code    26  stm32f10x_rcc.o(.text)
    RCC_BackupResetCmd                       0x080095e1   Thumb Code     8  stm32f10x_rcc.o(.text)
    RCC_ClockSecuritySystemCmd               0x080095e9   Thumb Code     6  stm32f10x_rcc.o(.text)
    RCC_MCOConfig                            0x080095ef   Thumb Code     6  stm32f10x_rcc.o(.text)
    RCC_ClearFlag                            0x080095f5   Thumb Code    14  stm32f10x_rcc.o(.text)
    RCC_GetITStatus                          0x08009603   Thumb Code    20  stm32f10x_rcc.o(.text)
    RCC_ClearITPendingBit                    0x08009617   Thumb Code     6  stm32f10x_rcc.o(.text)
    SPI_I2S_DeInit                           0x08009649   Thumb Code    76  stm32f10x_spi.o(.text)
    SPI_Init                                 0x08009695   Thumb Code    60  stm32f10x_spi.o(.text)
    I2S_Init                                 0x080096d1   Thumb Code   226  stm32f10x_spi.o(.text)
    SPI_StructInit                           0x080097b3   Thumb Code    24  stm32f10x_spi.o(.text)
    I2S_StructInit                           0x080097cb   Thumb Code    20  stm32f10x_spi.o(.text)
    SPI_Cmd                                  0x080097df   Thumb Code    24  stm32f10x_spi.o(.text)
    I2S_Cmd                                  0x080097f7   Thumb Code    24  stm32f10x_spi.o(.text)
    SPI_I2S_ITConfig                         0x0800980f   Thumb Code    32  stm32f10x_spi.o(.text)
    SPI_I2S_DMACmd                           0x0800982f   Thumb Code    18  stm32f10x_spi.o(.text)
    SPI_I2S_SendData                         0x08009841   Thumb Code     4  stm32f10x_spi.o(.text)
    SPI_I2S_ReceiveData                      0x08009845   Thumb Code     6  stm32f10x_spi.o(.text)
    SPI_NSSInternalSoftwareConfig            0x0800984b   Thumb Code    30  stm32f10x_spi.o(.text)
    SPI_SSOutputCmd                          0x08009869   Thumb Code    24  stm32f10x_spi.o(.text)
    SPI_DataSizeConfig                       0x08009881   Thumb Code    18  stm32f10x_spi.o(.text)
    SPI_TransmitCRC                          0x08009893   Thumb Code    10  stm32f10x_spi.o(.text)
    SPI_CalculateCRC                         0x0800989d   Thumb Code    24  stm32f10x_spi.o(.text)
    SPI_GetCRC                               0x080098b5   Thumb Code    16  stm32f10x_spi.o(.text)
    SPI_GetCRCPolynomial                     0x080098c5   Thumb Code     6  stm32f10x_spi.o(.text)
    SPI_BiDirectionalLineConfig              0x080098cb   Thumb Code    28  stm32f10x_spi.o(.text)
    SPI_I2S_GetFlagStatus                    0x080098e7   Thumb Code    18  stm32f10x_spi.o(.text)
    SPI_I2S_ClearFlag                        0x080098f9   Thumb Code     6  stm32f10x_spi.o(.text)
    SPI_I2S_GetITStatus                      0x080098ff   Thumb Code    52  stm32f10x_spi.o(.text)
    SPI_I2S_ClearITPendingBit                0x08009933   Thumb Code    20  stm32f10x_spi.o(.text)
    TIM_DeInit                               0x08009955   Thumb Code   424  stm32f10x_tim.o(.text)
    TIM_TimeBaseInit                         0x08009afd   Thumb Code   122  stm32f10x_tim.o(.text)
    TIM_OC1Init                              0x08009b77   Thumb Code   132  stm32f10x_tim.o(.text)
    TIM_OC2Init                              0x08009bfb   Thumb Code   154  stm32f10x_tim.o(.text)
    TIM_OC3Init                              0x08009c95   Thumb Code   150  stm32f10x_tim.o(.text)
    TIM_OC4Init                              0x08009d2b   Thumb Code   182  stm32f10x_tim.o(.text)
    TIM_SetIC4Prescaler                      0x08009de1   Thumb Code    26  stm32f10x_tim.o(.text)
    TIM_SetIC3Prescaler                      0x08009e7d   Thumb Code    18  stm32f10x_tim.o(.text)
    TIM_SetIC2Prescaler                      0x08009f09   Thumb Code    26  stm32f10x_tim.o(.text)
    TIM_SetIC1Prescaler                      0x08009fa5   Thumb Code    18  stm32f10x_tim.o(.text)
    TIM_ICInit                               0x0800a023   Thumb Code   150  stm32f10x_tim.o(.text)
    TIM_PWMIConfig                           0x0800a0b9   Thumb Code   124  stm32f10x_tim.o(.text)
    TIM_BDTRConfig                           0x0800a135   Thumb Code    32  stm32f10x_tim.o(.text)
    TIM_TimeBaseStructInit                   0x0800a155   Thumb Code    18  stm32f10x_tim.o(.text)
    TIM_OCStructInit                         0x0800a167   Thumb Code    20  stm32f10x_tim.o(.text)
    TIM_ICStructInit                         0x0800a17b   Thumb Code    18  stm32f10x_tim.o(.text)
    TIM_BDTRStructInit                       0x0800a18d   Thumb Code    40  stm32f10x_tim.o(.text)
    TIM_Cmd                                  0x0800a1b5   Thumb Code    24  stm32f10x_tim.o(.text)
    TIM_CtrlPWMOutputs                       0x0800a1cd   Thumb Code    30  stm32f10x_tim.o(.text)
    TIM_ITConfig                             0x0800a1eb   Thumb Code    18  stm32f10x_tim.o(.text)
    TIM_GenerateEvent                        0x0800a1fd   Thumb Code     4  stm32f10x_tim.o(.text)
    TIM_DMAConfig                            0x0800a201   Thumb Code    10  stm32f10x_tim.o(.text)
    TIM_DMACmd                               0x0800a20b   Thumb Code    18  stm32f10x_tim.o(.text)
    TIM_InternalClockConfig                  0x0800a21d   Thumb Code    12  stm32f10x_tim.o(.text)
    TIM_SelectInputTrigger                   0x0800a229   Thumb Code    18  stm32f10x_tim.o(.text)
    TIM_ITRxExternalClockConfig              0x0800a23b   Thumb Code    24  stm32f10x_tim.o(.text)
    TIM_TIxExternalClockConfig               0x0800a253   Thumb Code    62  stm32f10x_tim.o(.text)
    TIM_ETRConfig                            0x0800a291   Thumb Code    28  stm32f10x_tim.o(.text)
    TIM_ETRClockMode1Config                  0x0800a2ad   Thumb Code    54  stm32f10x_tim.o(.text)
    TIM_ETRClockMode2Config                  0x0800a2e3   Thumb Code    32  stm32f10x_tim.o(.text)
    TIM_PrescalerConfig                      0x0800a303   Thumb Code     6  stm32f10x_tim.o(.text)
    TIM_CounterModeConfig                    0x0800a309   Thumb Code    18  stm32f10x_tim.o(.text)
    TIM_EncoderInterfaceConfig               0x0800a31b   Thumb Code    66  stm32f10x_tim.o(.text)
    TIM_ForcedOC1Config                      0x0800a35d   Thumb Code    18  stm32f10x_tim.o(.text)
    TIM_ForcedOC2Config                      0x0800a36f   Thumb Code    26  stm32f10x_tim.o(.text)
    TIM_ForcedOC3Config                      0x0800a389   Thumb Code    18  stm32f10x_tim.o(.text)
    TIM_ForcedOC4Config                      0x0800a39b   Thumb Code    26  stm32f10x_tim.o(.text)
    TIM_ARRPreloadConfig                     0x0800a3b5   Thumb Code    24  stm32f10x_tim.o(.text)
    TIM_SelectCOM                            0x0800a3cd   Thumb Code    24  stm32f10x_tim.o(.text)
    TIM_SelectCCDMA                          0x0800a3e5   Thumb Code    24  stm32f10x_tim.o(.text)
    TIM_CCPreloadControl                     0x0800a3fd   Thumb Code    24  stm32f10x_tim.o(.text)
    TIM_OC1PreloadConfig                     0x0800a415   Thumb Code    18  stm32f10x_tim.o(.text)
    TIM_OC2PreloadConfig                     0x0800a427   Thumb Code    26  stm32f10x_tim.o(.text)
    TIM_OC3PreloadConfig                     0x0800a441   Thumb Code    18  stm32f10x_tim.o(.text)
    TIM_OC4PreloadConfig                     0x0800a453   Thumb Code    26  stm32f10x_tim.o(.text)
    TIM_OC1FastConfig                        0x0800a46d   Thumb Code    18  stm32f10x_tim.o(.text)
    TIM_OC2FastConfig                        0x0800a47f   Thumb Code    26  stm32f10x_tim.o(.text)
    TIM_OC3FastConfig                        0x0800a499   Thumb Code    18  stm32f10x_tim.o(.text)
    TIM_OC4FastConfig                        0x0800a4ab   Thumb Code    26  stm32f10x_tim.o(.text)
    TIM_ClearOC1Ref                          0x0800a4c5   Thumb Code    18  stm32f10x_tim.o(.text)
    TIM_ClearOC2Ref                          0x0800a4d7   Thumb Code    24  stm32f10x_tim.o(.text)
    TIM_ClearOC3Ref                          0x0800a4ef   Thumb Code    18  stm32f10x_tim.o(.text)
    TIM_ClearOC4Ref                          0x0800a501   Thumb Code    24  stm32f10x_tim.o(.text)
    TIM_OC1PolarityConfig                    0x0800a519   Thumb Code    18  stm32f10x_tim.o(.text)
    TIM_OC1NPolarityConfig                   0x0800a52b   Thumb Code    18  stm32f10x_tim.o(.text)
    TIM_OC2PolarityConfig                    0x0800a53d   Thumb Code    26  stm32f10x_tim.o(.text)
    TIM_OC2NPolarityConfig                   0x0800a557   Thumb Code    26  stm32f10x_tim.o(.text)
    TIM_OC3PolarityConfig                    0x0800a571   Thumb Code    26  stm32f10x_tim.o(.text)
    TIM_OC3NPolarityConfig                   0x0800a58b   Thumb Code    26  stm32f10x_tim.o(.text)
    TIM_OC4PolarityConfig                    0x0800a5a5   Thumb Code    26  stm32f10x_tim.o(.text)
    TIM_CCxCmd                               0x0800a5bf   Thumb Code    30  stm32f10x_tim.o(.text)
    TIM_CCxNCmd                              0x0800a5dd   Thumb Code    30  stm32f10x_tim.o(.text)
    TIM_SelectOCxM                           0x0800a5fb   Thumb Code    82  stm32f10x_tim.o(.text)
    TIM_UpdateDisableConfig                  0x0800a64d   Thumb Code    24  stm32f10x_tim.o(.text)
    TIM_UpdateRequestConfig                  0x0800a665   Thumb Code    24  stm32f10x_tim.o(.text)
    TIM_SelectHallSensor                     0x0800a67d   Thumb Code    24  stm32f10x_tim.o(.text)
    TIM_SelectOnePulseMode                   0x0800a695   Thumb Code    18  stm32f10x_tim.o(.text)
    TIM_SelectOutputTrigger                  0x0800a6a7   Thumb Code    18  stm32f10x_tim.o(.text)
    TIM_SelectSlaveMode                      0x0800a6b9   Thumb Code    18  stm32f10x_tim.o(.text)
    TIM_SelectMasterSlaveMode                0x0800a6cb   Thumb Code    18  stm32f10x_tim.o(.text)
    TIM_SetCounter                           0x0800a6dd   Thumb Code     4  stm32f10x_tim.o(.text)
    TIM_SetAutoreload                        0x0800a6e1   Thumb Code     4  stm32f10x_tim.o(.text)
    TIM_SetCompare1                          0x0800a6e5   Thumb Code     4  stm32f10x_tim.o(.text)
    TIM_SetCompare2                          0x0800a6e9   Thumb Code     4  stm32f10x_tim.o(.text)
    TIM_SetCompare3                          0x0800a6ed   Thumb Code     4  stm32f10x_tim.o(.text)
    TIM_SetCompare4                          0x0800a6f1   Thumb Code     6  stm32f10x_tim.o(.text)
    TIM_SetClockDivision                     0x0800a6f7   Thumb Code    18  stm32f10x_tim.o(.text)
    TIM_GetCapture1                          0x0800a709   Thumb Code     6  stm32f10x_tim.o(.text)
    TIM_GetCapture2                          0x0800a70f   Thumb Code     6  stm32f10x_tim.o(.text)
    TIM_GetCapture3                          0x0800a715   Thumb Code     6  stm32f10x_tim.o(.text)
    TIM_GetCapture4                          0x0800a71b   Thumb Code     8  stm32f10x_tim.o(.text)
    TIM_GetCounter                           0x0800a723   Thumb Code     6  stm32f10x_tim.o(.text)
    TIM_GetPrescaler                         0x0800a729   Thumb Code     6  stm32f10x_tim.o(.text)
    TIM_GetFlagStatus                        0x0800a72f   Thumb Code    18  stm32f10x_tim.o(.text)
    TIM_ClearFlag                            0x0800a741   Thumb Code     6  stm32f10x_tim.o(.text)
    TIM_GetITStatus                          0x0800a747   Thumb Code    34  stm32f10x_tim.o(.text)
    TIM_ClearITPendingBit                    0x0800a769   Thumb Code     6  stm32f10x_tim.o(.text)
    USART_DeInit                             0x0800a771   Thumb Code   134  stm32f10x_usart.o(.text)
    USART_Init                               0x0800a7f7   Thumb Code   210  stm32f10x_usart.o(.text)
    USART_StructInit                         0x0800a8c9   Thumb Code    24  stm32f10x_usart.o(.text)
    USART_ClockInit                          0x0800a8e1   Thumb Code    34  stm32f10x_usart.o(.text)
    USART_ClockStructInit                    0x0800a903   Thumb Code    12  stm32f10x_usart.o(.text)
    USART_Cmd                                0x0800a90f   Thumb Code    24  stm32f10x_usart.o(.text)
    USART_ITConfig                           0x0800a927   Thumb Code    74  stm32f10x_usart.o(.text)
    USART_DMACmd                             0x0800a971   Thumb Code    18  stm32f10x_usart.o(.text)
    USART_SetAddress                         0x0800a983   Thumb Code    18  stm32f10x_usart.o(.text)
    USART_WakeUpConfig                       0x0800a995   Thumb Code    18  stm32f10x_usart.o(.text)
    USART_ReceiverWakeUpCmd                  0x0800a9a7   Thumb Code    24  stm32f10x_usart.o(.text)
    USART_LINBreakDetectLengthConfig         0x0800a9bf   Thumb Code    18  stm32f10x_usart.o(.text)
    USART_LINCmd                             0x0800a9d1   Thumb Code    24  stm32f10x_usart.o(.text)
    USART_SendData                           0x0800a9e9   Thumb Code     8  stm32f10x_usart.o(.text)
    USART_ReceiveData                        0x0800a9f1   Thumb Code    10  stm32f10x_usart.o(.text)
    USART_SendBreak                          0x0800a9fb   Thumb Code    10  stm32f10x_usart.o(.text)
    USART_SetGuardTime                       0x0800aa05   Thumb Code    16  stm32f10x_usart.o(.text)
    USART_SetPrescaler                       0x0800aa15   Thumb Code    16  stm32f10x_usart.o(.text)
    USART_SmartCardCmd                       0x0800aa25   Thumb Code    24  stm32f10x_usart.o(.text)
    USART_SmartCardNACKCmd                   0x0800aa3d   Thumb Code    24  stm32f10x_usart.o(.text)
    USART_HalfDuplexCmd                      0x0800aa55   Thumb Code    24  stm32f10x_usart.o(.text)
    USART_OverSampling8Cmd                   0x0800aa6d   Thumb Code    22  stm32f10x_usart.o(.text)
    USART_OneBitMethodCmd                    0x0800aa83   Thumb Code    24  stm32f10x_usart.o(.text)
    USART_IrDAConfig                         0x0800aa9b   Thumb Code    18  stm32f10x_usart.o(.text)
    USART_IrDACmd                            0x0800aaad   Thumb Code    24  stm32f10x_usart.o(.text)
    USART_GetFlagStatus                      0x0800aac5   Thumb Code    26  stm32f10x_usart.o(.text)
    USART_ClearFlag                          0x0800aadf   Thumb Code    18  stm32f10x_usart.o(.text)
    USART_GetITStatus                        0x0800aaf1   Thumb Code    84  stm32f10x_usart.o(.text)
    USART_ClearITPendingBit                  0x0800ab45   Thumb Code    52  stm32f10x_usart.o(.text)
    usmart_sys_cmd_exe                       0x0800ab79   Thumb Code  1554  usmart.o(.text)
    usmart_reset_runtime                     0x0800b18b   Thumb Code    34  usmart.o(.text)
    usmart_get_runtime                       0x0800b1ad   Thumb Code    58  usmart.o(.text)
    TIM2_IRQHandler                          0x0800b1e7   Thumb Code    52  usmart.o(.text)
    Timer2_Init                              0x0800b21b   Thumb Code    90  usmart.o(.text)
    usmart_init                              0x0800b275   Thumb Code    36  usmart.o(.text)
    usmart_cmd_rec                           0x0800b299   Thumb Code   170  usmart.o(.text)
    usmart_exe                               0x0800b343   Thumb Code   868  usmart.o(.text)
    usmart_scan                              0x0800b6a7   Thumb Code   118  usmart.o(.text)
    read_addr                                0x0800b71d   Thumb Code     6  usmart.o(.text)
    write_addr                               0x0800b723   Thumb Code     4  usmart.o(.text)
    usmart_strcmp                            0x0800b7b1   Thumb Code    34  usmart_str.o(.text)
    usmart_strcopy                           0x0800b7d3   Thumb Code    22  usmart_str.o(.text)
    usmart_strlen                            0x0800b7e9   Thumb Code    24  usmart_str.o(.text)
    usmart_pow                               0x0800b801   Thumb Code    22  usmart_str.o(.text)
    usmart_str2num                           0x0800b817   Thumb Code   202  usmart_str.o(.text)
    usmart_get_cmdname                       0x0800b8e1   Thumb Code    54  usmart_str.o(.text)
    usmart_search_nextc                      0x0800b917   Thumb Code    22  usmart_str.o(.text)
    usmart_get_fname                         0x0800b92d   Thumb Code   440  usmart_str.o(.text)
    usmart_get_aparm                         0x0800bae5   Thumb Code   200  usmart_str.o(.text)
    usmart_get_parmpos                       0x0800bbad   Thumb Code    26  usmart_str.o(.text)
    usmart_get_fparam                        0x0800bbc7   Thumb Code   262  usmart_str.o(.text)
    disk_initialize                          0x0800bcd9   Thumb Code    88  diskio.o(.text)
    disk_status                              0x0800bd31   Thumb Code     6  diskio.o(.text)
    disk_read                                0x0800bd37   Thumb Code   118  diskio.o(.text)
    disk_write                               0x0800bdad   Thumb Code    98  diskio.o(.text)
    disk_ioctl                               0x0800be0f   Thumb Code   154  diskio.o(.text)
    get_fattime                              0x0800bea9   Thumb Code     4  diskio.o(.text)
    ff_memalloc                              0x0800bead   Thumb Code    12  diskio.o(.text)
    ff_memfree                               0x0800beb9   Thumb Code    12  diskio.o(.text)
    clust2sect                               0x0800c07f   Thumb Code    26  ff.o(.text)
    get_fat                                  0x0800c099   Thumb Code   232  ff.o(.text)
    put_fat                                  0x0800c181   Thumb Code   316  ff.o(.text)
    f_mount                                  0x0800d49b   Thumb Code    86  ff.o(.text)
    f_open                                   0x0800d4f1   Thumb Code   380  ff.o(.text)
    f_read                                   0x0800d66d   Thumb Code   446  ff.o(.text)
    f_write                                  0x0800d82b   Thumb Code   496  ff.o(.text)
    f_sync                                   0x0800da1b   Thumb Code   174  ff.o(.text)
    f_close                                  0x0800dac9   Thumb Code    32  ff.o(.text)
    f_lseek                                  0x0800dae9   Thumb Code   652  ff.o(.text)
    f_opendir                                0x0800dd75   Thumb Code   136  ff.o(.text)
    f_closedir                               0x0800ddfd   Thumb Code    22  ff.o(.text)
    f_readdir                                0x0800de13   Thumb Code   114  ff.o(.text)
    f_stat                                   0x0800de85   Thumb Code    84  ff.o(.text)
    f_getfree                                0x0800ded9   Thumb Code   258  ff.o(.text)
    f_truncate                               0x0800dfdb   Thumb Code   184  ff.o(.text)
    f_unlink                                 0x0800e093   Thumb Code   194  ff.o(.text)
    f_mkdir                                  0x0800e155   Thumb Code   380  ff.o(.text)
    f_chmod                                  0x0800e2d1   Thumb Code   112  ff.o(.text)
    f_utime                                  0x0800e341   Thumb Code   110  ff.o(.text)
    f_rename                                 0x0800e3af   Thumb Code   314  ff.o(.text)
    f_getlabel                               0x0800e4e9   Thumb Code   190  ff.o(.text)
    f_setlabel                               0x0800e5a7   Thumb Code   470  ff.o(.text)
    f_mkfs                                   0x0800e77d   Thumb Code  1570  ff.o(.text)
    f_gets                                   0x0800ed9f   Thumb Code    82  ff.o(.text)
    f_putc                                   0x0800ee35   Thumb Code    64  ff.o(.text)
    f_puts                                   0x0800ee75   Thumb Code    74  ff.o(.text)
    f_printf                                 0x0800eebf   Thumb Code   674  ff.o(.text)
    exfuns_init                              0x0800f161   Thumb Code   100  exfuns.o(.text)
    char_upper                               0x0800f1c5   Thumb Code    26  exfuns.o(.text)
    f_typetell                               0x0800f1df   Thumb Code   188  exfuns.o(.text)
    exf_getfree                              0x0800f29b   Thumb Code    74  exfuns.o(.text)
    ff_convert                               0x0800f2f9   Thumb Code   146  mycc936.o(.text)
    ff_wtoupper                              0x0800f38b   Thumb Code    46  mycc936.o(.text)
    fupd_prog                                0x0800f3c5   Thumb Code   134  fontupd.o(.text)
    updata_fontx                             0x0800f44b   Thumb Code   340  fontupd.o(.text)
    update_font                              0x0800f59f   Thumb Code   330  fontupd.o(.text)
    font_init                                0x0800f6e9   Thumb Code    34  fontupd.o(.text)
    Get_HzMat                                0x0800f789   Thumb Code   220  text.o(.text)
    Show_Font                                0x0800f865   Thumb Code   190  text.o(.text)
    Show_Str                                 0x0800f923   Thumb Code   192  text.o(.text)
    Show_Str_Mid                             0x0800f9e3   Thumb Code   106  text.o(.text)
    atk_8266_apsta_test                      0x0800fa5d   Thumb Code  2076  apsta.o(.text)
    atk_8266_at_response                     0x080102f5   Thumb Code    46  common.o(.text)
    atk_8266_check_cmd                       0x08010323   Thumb Code    44  common.o(.text)
    atk_8266_send_cmd                        0x0801034f   Thumb Code    92  common.o(.text)
    atk_8266_send_data                       0x080103ab   Thumb Code    84  common.o(.text)
    atk_8266_quit_trans                      0x080103ff   Thumb Code    94  common.o(.text)
    atk_8266_apsta_check                     0x0801045d   Thumb Code    62  common.o(.text)
    atk_8266_consta_check                    0x0801049b   Thumb Code    36  common.o(.text)
    atk_8266_load_keyboard                   0x080104bf   Thumb Code   280  common.o(.text)
    atk_8266_key_staset                      0x080105d7   Thumb Code   446  common.o(.text)
    atk_8266_get_keynum                      0x08010795   Thumb Code   228  common.o(.text)
    atk_8266_get_wanip                       0x08010879   Thumb Code    62  common.o(.text)
    atk_8266_get_ip                          0x080108b7   Thumb Code   228  common.o(.text)
    atk_8266_msg_show                        0x0801099b   Thumb Code   912  common.o(.text)
    atk_8266_wificonf_show                   0x08010d2b   Thumb Code   232  common.o(.text)
    atk_8266_netpro_sel                      0x08010e13   Thumb Code   502  common.o(.text)
    atk_8266_ip_set                          0x08011009   Thumb Code   550  common.o(.text)
    atk_8266_mode_cofig                      0x0801122f   Thumb Code   358  common.o(.text)
    atk_8266_mtest_ui                        0x08011395   Thumb Code   168  common.o(.text)
    atk_8266_test                            0x0801143d   Thumb Code   862  common.o(.text)
    atk_8266_wifiap_test                     0x080117a1   Thumb Code  1942  wifiap.o(.text)
    atk_8266_wifista_test                    0x08011f89   Thumb Code  2044  wifista.o(.text)
    mymemcpy                                 0x0801280d   Thumb Code    26  malloc.o(.text)
    mymemset                                 0x08012827   Thumb Code    20  malloc.o(.text)
    mem_init                                 0x0801283b   Thumb Code    38  malloc.o(.text)
    mem_perused                              0x08012861   Thumb Code    42  malloc.o(.text)
    mem_malloc                               0x0801288b   Thumb Code   116  malloc.o(.text)
    mem_free                                 0x080128ff   Thumb Code    66  malloc.o(.text)
    myfree                                   0x08012941   Thumb Code    24  malloc.o(.text)
    mymalloc                                 0x08012959   Thumb Code    26  malloc.o(.text)
    myrealloc                                0x08012973   Thumb Code    48  malloc.o(.text)
    __use_no_semihosting                     0x080129a9   Thumb Code     2  use_no_semi_2.o(.text)
    __c89vsprintf                            0x080129ad   Thumb Code    32  c89vsprintf.o(.text)
    __2printf                                0x080129d1   Thumb Code    20  __2printf.o(.text)
    __2sprintf                               0x080129e9   Thumb Code    38  __2sprintf.o(.text)
    _printf_pre_padding                      0x08012a15   Thumb Code    46  _printf_pad.o(.text)
    _printf_post_padding                     0x08012a43   Thumb Code    36  _printf_pad.o(.text)
    _printf_str                              0x08012a67   Thumb Code    82  _printf_str.o(.text)
    _printf_int_dec                          0x08012ab9   Thumb Code   102  _printf_dec.o(.text)
    _printf_longlong_hex                     0x08012b31   Thumb Code    92  _printf_hex_int_ll_ptr.o(.text)
    _printf_int_hex                          0x08012b8d   Thumb Code    28  _printf_hex_int_ll_ptr.o(.text)
    _printf_ll_hex                           0x08012ba9   Thumb Code    12  _printf_hex_int_ll_ptr.o(.text)
    _printf_hex_ptr                          0x08012bb5   Thumb Code    18  _printf_hex_int_ll_ptr.o(.text)
    __printf                                 0x08012bcd   Thumb Code   390  __printf_flags_ss_wp.o(.text)
    strstr                                   0x08012d59   Thumb Code    36  strstr.o(.text)
    strcpy                                   0x08012d7d   Thumb Code    72  strcpy.o(.text)
    strlen                                   0x08012dc5   Thumb Code    62  strlen.o(.text)
    strcmp                                   0x08012e05   Thumb Code   128  strcmpv7m.o(.text)
    __use_two_region_memory                  0x08012e85   Thumb Code     2  heapauxi.o(.text)
    __rt_heap_escrow$2region                 0x08012e87   Thumb Code     2  heapauxi.o(.text)
    __rt_heap_expand$2region                 0x08012e89   Thumb Code     2  heapauxi.o(.text)
    __I$use$semihosting                      0x08012e8b   Thumb Code     0  use_no_semi.o(.text)
    __use_no_semihosting_swi                 0x08012e8b   Thumb Code     2  use_no_semi.o(.text)
    __read_errno                             0x08012e8d   Thumb Code    10  _rserrno.o(.text)
    __set_errno                              0x08012e97   Thumb Code    12  _rserrno.o(.text)
    _printf_truncate_signed                  0x08012ea3   Thumb Code    18  _printf_truncate.o(.text)
    _printf_truncate_unsigned                0x08012eb5   Thumb Code    18  _printf_truncate.o(.text)
    _printf_int_common                       0x08012ec7   Thumb Code   184  _printf_intcommon.o(.text)
    _printf_charcount                        0x08012f7f   Thumb Code    42  _printf_charcount.o(.text)
    _printf_char_common                      0x08012fb3   Thumb Code    32  _printf_char_common.o(.text)
    _sputc                                   0x08012fd9   Thumb Code    10  _sputc.o(.text)
    _printf_cs_common                        0x08012fe3   Thumb Code    20  _printf_char.o(.text)
    _printf_char                             0x08012ff7   Thumb Code    16  _printf_char.o(.text)
    _printf_string                           0x08013007   Thumb Code     8  _printf_char.o(.text)
    _printf_char_file                        0x08013011   Thumb Code    32  _printf_char_file.o(.text)
    _printf_wctomb                           0x08013035   Thumb Code   182  _printf_wctomb.o(.text)
    _printf_longlong_dec                     0x080130f1   Thumb Code   104  _printf_longlong_dec.o(.text)
    _printf_longlong_oct                     0x08013169   Thumb Code    76  _printf_oct_int_ll.o(.text)
    _printf_int_oct                          0x080131b5   Thumb Code    24  _printf_oct_int_ll.o(.text)
    _printf_ll_oct                           0x080131cd   Thumb Code    12  _printf_oct_int_ll.o(.text)
    __aeabi_errno_addr                       0x080131e1   Thumb Code     8  rt_errno_addr_intlibspace.o(.text)
    __errno$intlibspace                      0x080131e1   Thumb Code     0  rt_errno_addr_intlibspace.o(.text)
    __rt_errno_addr$intlibspace              0x080131e1   Thumb Code     0  rt_errno_addr_intlibspace.o(.text)
    _ll_udiv10                               0x080131e9   Thumb Code   138  lludiv10.o(.text)
    __lib_sel_fp_printf                      0x08013273   Thumb Code     2  _printf_fp_dec.o(.text)
    _printf_fp_dec_real                      0x0801341f   Thumb Code   628  _printf_fp_dec.o(.text)
    _printf_lcs_common                       0x08013693   Thumb Code    20  _printf_wchar.o(.text)
    _printf_wchar                            0x080136a7   Thumb Code    16  _printf_wchar.o(.text)
    _printf_wstring                          0x080136b7   Thumb Code     8  _printf_wchar.o(.text)
    ferror                                   0x080136bf   Thumb Code     8  ferror.o(.text)
    _wcrtomb                                 0x080136c7   Thumb Code    64  _wcrtomb.o(.text)
    __user_libspace                          0x08013709   Thumb Code     8  libspace.o(.text)
    __user_perproc_libspace                  0x08013709   Thumb Code     0  libspace.o(.text)
    __user_perthread_libspace                0x08013709   Thumb Code     0  libspace.o(.text)
    __user_setup_stackheap                   0x08013711   Thumb Code    74  sys_stackheap_outer.o(.text)
    __rt_ctype_table                         0x0801375d   Thumb Code    16  rt_ctype_table.o(.text)
    __rt_locale                              0x0801376d   Thumb Code     8  rt_locale_intlibspace.o(.text)
    _printf_fp_infnan                        0x08013775   Thumb Code   112  _printf_fp_infnan.o(.text)
    _btod_etento                             0x080137f5   Thumb Code   222  bigflt0.o(.text)
    exit                                     0x080138d9   Thumb Code    12  exit.o(.text)
    _btod_d2e                                0x080138e5   Thumb Code    62  btod.o(CL$$btod_d2e)
    _d2e_denorm_low                          0x08013923   Thumb Code    70  btod.o(CL$$btod_d2e_denorm_low)
    _d2e_norm_op1                            0x08013969   Thumb Code    96  btod.o(CL$$btod_d2e_norm_op1)
    __btod_div_common                        0x080139c9   Thumb Code   696  btod.o(CL$$btod_div_common)
    _e2e                                     0x08013d01   Thumb Code   198  btod.o(CL$$btod_e2e)
    _btod_ediv                               0x08013dc7   Thumb Code    40  btod.o(CL$$btod_ediv)
    _btod_emul                               0x08013def   Thumb Code    40  btod.o(CL$$btod_emul)
    __btod_mult_common                       0x08013e17   Thumb Code   580  btod.o(CL$$btod_mult_common)
    __ARM_fpclassify                         0x0801405b   Thumb Code    40  fpclassify.o(i.__ARM_fpclassify)
    _is_digit                                0x08014083   Thumb Code    14  __printf_wp.o(i._is_digit)
    sqrt                                     0x08014091   Thumb Code    76  sqrt.o(i.sqrt)
    _get_lc_numeric                          0x080140dd   Thumb Code    44  lc_numeric_c.o(locale$$code)
    _get_lc_ctype                            0x08014109   Thumb Code    44  lc_ctype_c.o(locale$$code)
    __aeabi_dadd                             0x08014135   Thumb Code     0  daddsub_clz.o(x$fpl$dadd)
    _dadd                                    0x08014135   Thumb Code   332  daddsub_clz.o(x$fpl$dadd)
    __fpl_dcmp_Inf                           0x08014285   Thumb Code    24  dcmpi.o(x$fpl$dcmpinf)
    __aeabi_d2uiz                            0x0801429d   Thumb Code     0  dfixu.o(x$fpl$dfixu)
    _dfixu                                   0x0801429d   Thumb Code    90  dfixu.o(x$fpl$dfixu)
    __aeabi_i2d                              0x080142f7   Thumb Code     0  dflt_clz.o(x$fpl$dflt)
    _dflt                                    0x080142f7   Thumb Code    46  dflt_clz.o(x$fpl$dflt)
    __aeabi_ui2d                             0x08014325   Thumb Code     0  dflt_clz.o(x$fpl$dfltu)
    _dfltu                                   0x08014325   Thumb Code    38  dflt_clz.o(x$fpl$dfltu)
    __aeabi_cdcmple                          0x0801434d   Thumb Code     0  dleqf.o(x$fpl$dleqf)
    _dcmple                                  0x0801434d   Thumb Code   120  dleqf.o(x$fpl$dleqf)
    __fpl_dcmple_InfNaN                      0x080143af   Thumb Code     0  dleqf.o(x$fpl$dleqf)
    __aeabi_dmul                             0x080143c5   Thumb Code     0  dmul.o(x$fpl$dmul)
    _dmul                                    0x080143c5   Thumb Code   332  dmul.o(x$fpl$dmul)
    __fpl_dnaninf                            0x08014519   Thumb Code   156  dnaninf.o(x$fpl$dnaninf)
    __fpl_dretinf                            0x080145b5   Thumb Code    12  dretinf.o(x$fpl$dretinf)
    __aeabi_cdrcmple                         0x080145c1   Thumb Code     0  drleqf.o(x$fpl$drleqf)
    _drcmple                                 0x080145c1   Thumb Code   108  drleqf.o(x$fpl$drleqf)
    __aeabi_drsub                            0x0801462d   Thumb Code     0  daddsub_clz.o(x$fpl$drsb)
    _drsb                                    0x0801462d   Thumb Code    22  daddsub_clz.o(x$fpl$drsb)
    _dsqrt                                   0x08014645   Thumb Code   456  dsqrt_noumaal.o(x$fpl$dsqrt)
    __aeabi_dsub                             0x08014811   Thumb Code     0  daddsub_clz.o(x$fpl$dsub)
    _dsub                                    0x08014811   Thumb Code   464  daddsub_clz.o(x$fpl$dsub)
    __aeabi_f2d                              0x080149e5   Thumb Code     0  f2d.o(x$fpl$f2d)
    _f2d                                     0x080149e5   Thumb Code    86  f2d.o(x$fpl$f2d)
    __aeabi_fadd                             0x08014a3d   Thumb Code     0  faddsub_clz.o(x$fpl$fadd)
    _fadd                                    0x08014a3d   Thumb Code   196  faddsub_clz.o(x$fpl$fadd)
    __fpl_fcmp_Inf                           0x08014b01   Thumb Code    24  fcmpi.o(x$fpl$fcmpinf)
    __aeabi_fdiv                             0x08014b19   Thumb Code     0  fdiv.o(x$fpl$fdiv)
    _fdiv                                    0x08014b19   Thumb Code   384  fdiv.o(x$fpl$fdiv)
    __aeabi_cfcmpeq                          0x08014c9d   Thumb Code     0  feqf.o(x$fpl$feqf)
    _fcmpeq                                  0x08014c9d   Thumb Code   104  feqf.o(x$fpl$feqf)
    __aeabi_f2iz                             0x08014d05   Thumb Code     0  ffix.o(x$fpl$ffix)
    _ffix                                    0x08014d05   Thumb Code    54  ffix.o(x$fpl$ffix)
    __aeabi_f2uiz                            0x08014d3d   Thumb Code     0  ffixu.o(x$fpl$ffixu)
    _ffixu                                   0x08014d3d   Thumb Code    62  ffixu.o(x$fpl$ffixu)
    __aeabi_i2f                              0x08014d7d   Thumb Code     0  fflt_clz.o(x$fpl$fflt)
    _fflt                                    0x08014d7d   Thumb Code    48  fflt_clz.o(x$fpl$fflt)
    __aeabi_ui2f                             0x08014dad   Thumb Code     0  fflt_clz.o(x$fpl$ffltu)
    _ffltu                                   0x08014dad   Thumb Code    38  fflt_clz.o(x$fpl$ffltu)
    __aeabi_fmul                             0x08014dd5   Thumb Code     0  fmul.o(x$fpl$fmul)
    _fmul                                    0x08014dd5   Thumb Code   258  fmul.o(x$fpl$fmul)
    __fpl_fnaninf                            0x08014ed7   Thumb Code   140  fnaninf.o(x$fpl$fnaninf)
    __fpl_fretinf                            0x08014f63   Thumb Code    10  fretinf.o(x$fpl$fretinf)
    __aeabi_fsub                             0x08014f6d   Thumb Code     0  faddsub_clz.o(x$fpl$fsub)
    _fsub                                    0x08014f6d   Thumb Code   234  faddsub_clz.o(x$fpl$fsub)
    _printf_fp_dec                           0x08015057   Thumb Code     4  printf1.o(x$fpl$printf1)
    __I$use$fp                               0x0801505a   Number         0  usenofp.o(x$fpl$usenofp)
    asc2_1206                                0x0801505a   Data        1140  lcd.o(.constdata)
    asc2_1608                                0x080154ce   Data        1520  lcd.o(.constdata)
    asc2_2412                                0x08015abe   Data        3420  lcd.o(.constdata)
    FT5206_TPX_TBL                           0x0801681a   Data          10  ft5206.o(.constdata)
    GT9147_CFG_TBL                           0x08016824   Data         184  gt9147.o(.constdata)
    GT9147_TPX_TBL                           0x080168dc   Data          10  gt9147.o(.constdata)
    OTT_TPX_TBL                              0x080168e6   Data          10  ott2001a.o(.constdata)
    TP_ADJDIS_TBL                            0x080168f0   Data          12  touch.o(.constdata)
    Region$$Table$$Base                      0x0801704c   Number         0  anon$$obj.o(Region$$Table)
    Region$$Table$$Limit                     0x0801706c   Number         0  anon$$obj.o(Region$$Table)
    __ctype                                  0x08017095   Data           0  lc_ctype_c.o(locale$$data)
    SystemCoreClock                          0x20000000   Data           4  system_stm32f10x.o(.data)
    AHBPrescTable                            0x20000004   Data          16  system_stm32f10x.o(.data)
    USART_RX_STA                             0x20000018   Data           2  usart.o(.data)
    __stdout                                 0x2000001c   Data           4  usart.o(.data)
    SPI_FLASH_TYPE                           0x20000020   Data           2  flash.o(.data)
    POINT_COLOR                              0x20000024   Data           2  lcd.o(.data)
    BACK_COLOR                               0x20000026   Data           2  lcd.o(.data)
    SD_Type                                  0x20000028   Data           1  mmc_sd.o(.data)
    tp_dev                                   0x2000002c   Data          52  touch.o(.data)
    CMD_RDX                                  0x20000060   Data           1  touch.o(.data)
    CMD_RDY                                  0x20000061   Data           1  touch.o(.data)
    TP_REMIND_MSG_TBL                        0x20000064   Data           4  touch.o(.data)
    USART2_RX_STA                            0x20000068   Data           2  usart2.o(.data)
    sys_cmd_tab                              0x20000080   Data          28  usmart.o(.data)
    usmart_nametab                           0x2000009c   Data          32  usmart_config.o(.data)
    usmart_dev                               0x200000bc   Data         244  usmart_config.o(.data)
    FLASH_SECTOR_COUNT                       0x200001b0   Data           2  diskio.o(.data)
    FILE_TYPE_TBL                            0x200001c0   Data         312  exfuns.o(.data)
    fs                                       0x200002f8   Data           8  exfuns.o(.data)
    file                                     0x20000300   Data           4  exfuns.o(.data)
    ftemp                                    0x20000304   Data           4  exfuns.o(.data)
    br                                       0x20000308   Data           4  exfuns.o(.data)
    bw                                       0x2000030c   Data           4  exfuns.o(.data)
    fatbuf                                   0x20000310   Data           4  exfuns.o(.data)
    GBK24_PATH                               0x20000314   Data           4  fontupd.o(.data)
    GBK16_PATH                               0x20000318   Data           4  fontupd.o(.data)
    GBK12_PATH                               0x2000031c   Data           4  fontupd.o(.data)
    UNIGBK_PATH                              0x20000320   Data           4  fontupd.o(.data)
    portnum                                  0x20000324   Data           4  common.o(.data)
    wifista_ssid                             0x20000328   Data           4  common.o(.data)
    wifista_encryption                       0x2000032c   Data           4  common.o(.data)
    wifista_password                         0x20000330   Data           4  common.o(.data)
    wifiap_ssid                              0x20000334   Data           4  common.o(.data)
    wifiap_encryption                        0x20000338   Data           4  common.o(.data)
    wifiap_password                          0x2000033c   Data           4  common.o(.data)
    ATK_ESP8266_CWMODE_TBL                   0x20000340   Data          12  common.o(.data)
    ATK_ESP8266_WORKMODE_TBL                 0x2000034c   Data          12  common.o(.data)
    ATK_ESP8266_ECN_TBL                      0x20000358   Data          20  common.o(.data)
    kbd_tbl                                  0x2000036c   Data          52  common.o(.data)
    kbd_fn_tbl                               0x200003a4   Data           8  common.o(.data)
    netpro                                   0x200003ac   Data           1  wifista.o(.data)
    mallco_dev                               0x200003b0   Data          20  malloc.o(.data)
    USART_RX_BUF                             0x200003c4   Data         200  usart.o(.bss)
    lcddev                                   0x2000048c   Data          14  lcd.o(.bss)
    SPI_InitStructure                        0x2000049a   Data          18  spi.o(.bss)
    USART2_TX_BUF                            0x200004b0   Data        1024  usart2.o(.bss)
    USART2_RX_BUF                            0x200008b0   Data        1024  usart2.o(.bss)
    ftinfo                                   0x20000cb0   Data          33  fontupd.o(.bss)
    membase                                  0x20000cd4   Data       35840  malloc.o(.bss)
    memmapbase                               0x200098d4   Data        2240  malloc.o(.bss)
    __libspace_start                         0x2000a194   Data          96  libspace.o(.bss)
    __temporary_stack_top$libspace           0x2000a1f4   Data           0  libspace.o(.bss)



==============================================================================

Memory Map of the image

  Image Entry point : 0x080000ed

  Load Region LR_IROM1 (Base: 0x08000000, Size: 0x0001755c, Max: 0x00040000, ABSOLUTE, COMPRESSED[0x000172e0])

    Execution Region ER_IROM1 (Base: 0x08000000, Size: 0x00017198, Max: 0x00040000, ABSOLUTE)

    Base Addr    Size         Type   Attr      Idx    E Section Name        Object

    0x08000000   0x000000ec   Data   RO          568    RESET               startup_stm32f10x_md.o
    0x080000ec   0x00000008   Code   RO         1184  * !!!main             c_w.l(__main.o)
    0x080000f4   0x00000034   Code   RO         1523    !!!scatter          c_w.l(__scatter.o)
    0x08000128   0x0000005a   Code   RO         1521    !!dczerorl2         c_w.l(__dczerorl2.o)
    0x08000182   0x00000002   PAD
    0x08000184   0x0000001c   Code   RO         1525    !!handler_zi        c_w.l(__scatter_zi.o)
    0x080001a0   0x00000000   Code   RO         1173    .ARM.Collect$$_printf_percent$$00000000  c_w.l(_printf_percent.o)
    0x080001a0   0x00000006   Code   RO         1276    .ARM.Collect$$_printf_percent$$00000001  c_w.l(_printf_n.o)
    0x080001a6   0x00000006   Code   RO         1277    .ARM.Collect$$_printf_percent$$00000002  c_w.l(_printf_p.o)
    0x080001ac   0x00000006   Code   RO         1280    .ARM.Collect$$_printf_percent$$00000003  c_w.l(_printf_f.o)
    0x080001b2   0x00000006   Code   RO         1281    .ARM.Collect$$_printf_percent$$00000004  c_w.l(_printf_e.o)
    0x080001b8   0x00000006   Code   RO         1282    .ARM.Collect$$_printf_percent$$00000005  c_w.l(_printf_g.o)
    0x080001be   0x00000006   Code   RO         1283    .ARM.Collect$$_printf_percent$$00000006  c_w.l(_printf_a.o)
    0x080001c4   0x0000000a   Code   RO         1288    .ARM.Collect$$_printf_percent$$00000007  c_w.l(_printf_ll.o)
    0x080001ce   0x00000006   Code   RO         1279    .ARM.Collect$$_printf_percent$$00000008  c_w.l(_printf_i.o)
    0x080001d4   0x00000006   Code   RO         1171    .ARM.Collect$$_printf_percent$$00000009  c_w.l(_printf_d.o)
    0x080001da   0x00000006   Code   RO         1172    .ARM.Collect$$_printf_percent$$0000000A  c_w.l(_printf_u.o)
    0x080001e0   0x00000006   Code   RO         1278    .ARM.Collect$$_printf_percent$$0000000B  c_w.l(_printf_o.o)
    0x080001e6   0x00000006   Code   RO         1170    .ARM.Collect$$_printf_percent$$0000000C  c_w.l(_printf_x.o)
    0x080001ec   0x00000006   Code   RO         1285    .ARM.Collect$$_printf_percent$$0000000D  c_w.l(_printf_lli.o)
    0x080001f2   0x00000006   Code   RO         1286    .ARM.Collect$$_printf_percent$$0000000E  c_w.l(_printf_lld.o)
    0x080001f8   0x00000006   Code   RO         1287    .ARM.Collect$$_printf_percent$$0000000F  c_w.l(_printf_llu.o)
    0x080001fe   0x00000006   Code   RO         1292    .ARM.Collect$$_printf_percent$$00000010  c_w.l(_printf_llo.o)
    0x08000204   0x00000006   Code   RO         1293    .ARM.Collect$$_printf_percent$$00000011  c_w.l(_printf_llx.o)
    0x0800020a   0x0000000a   Code   RO         1289    .ARM.Collect$$_printf_percent$$00000012  c_w.l(_printf_l.o)
    0x08000214   0x00000006   Code   RO         1168    .ARM.Collect$$_printf_percent$$00000013  c_w.l(_printf_c.o)
    0x0800021a   0x00000006   Code   RO         1169    .ARM.Collect$$_printf_percent$$00000014  c_w.l(_printf_s.o)
    0x08000220   0x00000006   Code   RO         1290    .ARM.Collect$$_printf_percent$$00000015  c_w.l(_printf_lc.o)
    0x08000226   0x00000006   Code   RO         1291    .ARM.Collect$$_printf_percent$$00000016  c_w.l(_printf_ls.o)
    0x0800022c   0x00000004   Code   RO         1284    .ARM.Collect$$_printf_percent$$00000017  c_w.l(_printf_percent_end.o)
    0x08000230   0x00000002   Code   RO         1394    .ARM.Collect$$libinit$$00000000  c_w.l(libinit.o)
    0x08000232   0x00000000   Code   RO         1405    .ARM.Collect$$libinit$$00000002  c_w.l(libinit2.o)
    0x08000232   0x00000000   Code   RO         1408    .ARM.Collect$$libinit$$00000008  c_w.l(libinit2.o)
    0x08000232   0x00000000   Code   RO         1410    .ARM.Collect$$libinit$$0000000A  c_w.l(libinit2.o)
    0x08000232   0x00000000   Code   RO         1412    .ARM.Collect$$libinit$$0000000C  c_w.l(libinit2.o)
    0x08000232   0x00000006   Code   RO         1413    .ARM.Collect$$libinit$$0000000D  c_w.l(libinit2.o)
    0x08000238   0x00000000   Code   RO         1415    .ARM.Collect$$libinit$$0000000F  c_w.l(libinit2.o)
    0x08000238   0x0000000c   Code   RO         1416    .ARM.Collect$$libinit$$00000010  c_w.l(libinit2.o)
    0x08000244   0x00000000   Code   RO         1417    .ARM.Collect$$libinit$$00000011  c_w.l(libinit2.o)
    0x08000244   0x00000000   Code   RO         1419    .ARM.Collect$$libinit$$00000013  c_w.l(libinit2.o)
    0x08000244   0x0000000a   Code   RO         1420    .ARM.Collect$$libinit$$00000014  c_w.l(libinit2.o)
    0x0800024e   0x00000000   Code   RO         1421    .ARM.Collect$$libinit$$00000015  c_w.l(libinit2.o)
    0x0800024e   0x00000000   Code   RO         1423    .ARM.Collect$$libinit$$00000017  c_w.l(libinit2.o)
    0x0800024e   0x00000000   Code   RO         1425    .ARM.Collect$$libinit$$00000019  c_w.l(libinit2.o)
    0x0800024e   0x00000000   Code   RO         1427    .ARM.Collect$$libinit$$0000001B  c_w.l(libinit2.o)
    0x0800024e   0x00000000   Code   RO         1429    .ARM.Collect$$libinit$$0000001D  c_w.l(libinit2.o)
    0x0800024e   0x00000000   Code   RO         1431    .ARM.Collect$$libinit$$0000001F  c_w.l(libinit2.o)
    0x0800024e   0x00000000   Code   RO         1433    .ARM.Collect$$libinit$$00000021  c_w.l(libinit2.o)
    0x0800024e   0x00000000   Code   RO         1435    .ARM.Collect$$libinit$$00000023  c_w.l(libinit2.o)
    0x0800024e   0x00000000   Code   RO         1439    .ARM.Collect$$libinit$$0000002A  c_w.l(libinit2.o)
    0x0800024e   0x00000000   Code   RO         1441    .ARM.Collect$$libinit$$0000002C  c_w.l(libinit2.o)
    0x0800024e   0x00000000   Code   RO         1443    .ARM.Collect$$libinit$$0000002E  c_w.l(libinit2.o)
    0x0800024e   0x00000000   Code   RO         1445    .ARM.Collect$$libinit$$00000030  c_w.l(libinit2.o)
    0x0800024e   0x00000002   Code   RO         1446    .ARM.Collect$$libinit$$00000031  c_w.l(libinit2.o)
    0x08000250   0x00000002   Code   RO         1464    .ARM.Collect$$libshutdown$$00000000  c_w.l(libshutdown.o)
    0x08000252   0x00000000   Code   RO         1475    .ARM.Collect$$libshutdown$$00000003  c_w.l(libshutdown2.o)
    0x08000252   0x00000000   Code   RO         1478    .ARM.Collect$$libshutdown$$00000006  c_w.l(libshutdown2.o)
    0x08000252   0x00000000   Code   RO         1481    .ARM.Collect$$libshutdown$$00000009  c_w.l(libshutdown2.o)
    0x08000252   0x00000000   Code   RO         1483    .ARM.Collect$$libshutdown$$0000000B  c_w.l(libshutdown2.o)
    0x08000252   0x00000000   Code   RO         1486    .ARM.Collect$$libshutdown$$0000000E  c_w.l(libshutdown2.o)
    0x08000252   0x00000002   Code   RO         1487    .ARM.Collect$$libshutdown$$0000000F  c_w.l(libshutdown2.o)
    0x08000254   0x00000000   Code   RO         1248    .ARM.Collect$$rtentry$$00000000  c_w.l(rtentry.o)
    0x08000254   0x00000000   Code   RO         1312    .ARM.Collect$$rtentry$$00000002  c_w.l(rtentry2.o)
    0x08000254   0x00000006   Code   RO         1324    .ARM.Collect$$rtentry$$00000004  c_w.l(rtentry4.o)
    0x0800025a   0x00000000   Code   RO         1314    .ARM.Collect$$rtentry$$00000009  c_w.l(rtentry2.o)
    0x0800025a   0x00000004   Code   RO         1315    .ARM.Collect$$rtentry$$0000000A  c_w.l(rtentry2.o)
    0x0800025e   0x00000000   Code   RO         1317    .ARM.Collect$$rtentry$$0000000C  c_w.l(rtentry2.o)
    0x0800025e   0x00000008   Code   RO         1318    .ARM.Collect$$rtentry$$0000000D  c_w.l(rtentry2.o)
    0x08000266   0x00000002   Code   RO         1399    .ARM.Collect$$rtexit$$00000000  c_w.l(rtexit.o)
    0x08000268   0x00000000   Code   RO         1448    .ARM.Collect$$rtexit$$00000002  c_w.l(rtexit2.o)
    0x08000268   0x00000004   Code   RO         1449    .ARM.Collect$$rtexit$$00000003  c_w.l(rtexit2.o)
    0x0800026c   0x00000006   Code   RO         1450    .ARM.Collect$$rtexit$$00000004  c_w.l(rtexit2.o)
    0x08000272   0x00000002   PAD
    0x08000274   0x000001fc   Code   RO            1    .text               main.o
    0x08000470   0x0000001a   Code   RO          191    .text               stm32f10x_it.o
    0x0800048a   0x00000002   PAD
    0x0800048c   0x000001dc   Code   RO          232    .text               system_stm32f10x.o
    0x08000668   0x000000d0   Code   RO          250    .text               delay.o
    0x08000738   0x00000144   Code   RO          276    .text               usart.o
    0x0800087c   0x0000017a   Code   RO          299    .text               24cxx.o
    0x080009f6   0x00000002   PAD
    0x080009f8   0x000003d4   Code   RO          317    .text               flash.o
    0x08000dcc   0x00000274   Code   RO          342    .text               myiic.o
    0x08001040   0x000000fc   Code   RO          354    .text               key.o
    0x0800113c   0x0000583e   Code   RO          367    .text               lcd.o
    0x0800697a   0x00000002   PAD
    0x0800697c   0x00000050   Code   RO          397    .text               led.o
    0x080069cc   0x00000528   Code   RO          409    .text               mmc_sd.o
    0x08006ef4   0x000000e8   Code   RO          427    .text               spi.o
    0x08006fdc   0x0000025c   Code   RO          442    .text               ctiic.o
    0x08007238   0x00000334   Code   RO          457    .text               ft5206.o
    0x0800756c   0x000003e4   Code   RO          473    .text               gt9147.o
    0x08007950   0x00000368   Code   RO          489    .text               ott2001a.o
    0x08007cb8   0x00000cac   Code   RO          505    .text               touch.o
    0x08008964   0x0000027c   Code   RO          529    .text               usart2.o
    0x08008be0   0x00000040   Code   RO          569    .text               startup_stm32f10x_md.o
    0x08008c20   0x000000dc   Code   RO          573    .text               misc.o
    0x08008cfc   0x00000250   Code   RO          669    .text               stm32f10x_dma.o
    0x08008f4c   0x00000358   Code   RO          717    .text               stm32f10x_gpio.o
    0x080092a4   0x000003a4   Code   RO          765    .text               stm32f10x_rcc.o
    0x08009648   0x0000030c   Code   RO          803    .text               stm32f10x_spi.o
    0x08009954   0x00000e1a   Code   RO          815    .text               stm32f10x_tim.o
    0x0800a76e   0x00000002   PAD
    0x0800a770   0x00000408   Code   RO          827    .text               stm32f10x_usart.o
    0x0800ab78   0x00000c38   Code   RO          851    .text               usmart.o
    0x0800b7b0   0x00000528   Code   RO          883    .text               usmart_str.o
    0x0800bcd8   0x000001f8   Code   RO          895    .text               diskio.o
    0x0800bed0   0x00003290   Code   RO          917    .text               ff.o
    0x0800f160   0x00000198   Code   RO          935    .text               exfuns.o
    0x0800f2f8   0x000000cc   Code   RO          978    .text               mycc936.o
    0x0800f3c4   0x000003c4   Code   RO          991    .text               fontupd.o
    0x0800f788   0x000002d4   Code   RO         1012    .text               text.o
    0x0800fa5c   0x00000898   Code   RO         1027    .text               apsta.o
    0x080102f4   0x000014ac   Code   RO         1039    .text               common.o
    0x080117a0   0x000007e8   Code   RO         1058    .text               wifiap.o
    0x08011f88   0x00000884   Code   RO         1070    .text               wifista.o
    0x0801280c   0x0000019c   Code   RO         1085    .text               malloc.o
    0x080129a8   0x00000002   Code   RO         1107    .text               c_w.l(use_no_semi_2.o)
    0x080129aa   0x00000002   PAD
    0x080129ac   0x00000024   Code   RO         1109    .text               c_w.l(c89vsprintf.o)
    0x080129d0   0x00000018   Code   RO         1111    .text               c_w.l(__2printf.o)
    0x080129e8   0x0000002c   Code   RO         1113    .text               c_w.l(__2sprintf.o)
    0x08012a14   0x00000052   Code   RO         1121    .text               c_w.l(_printf_pad.o)
    0x08012a66   0x00000052   Code   RO         1123    .text               c_w.l(_printf_str.o)
    0x08012ab8   0x00000078   Code   RO         1125    .text               c_w.l(_printf_dec.o)
    0x08012b30   0x0000009c   Code   RO         1145    .text               c_w.l(_printf_hex_int_ll_ptr.o)
    0x08012bcc   0x0000018c   Code   RO         1165    .text               c_w.l(__printf_flags_ss_wp.o)
    0x08012d58   0x00000024   Code   RO         1174    .text               c_w.l(strstr.o)
    0x08012d7c   0x00000048   Code   RO         1176    .text               c_w.l(strcpy.o)
    0x08012dc4   0x0000003e   Code   RO         1178    .text               c_w.l(strlen.o)
    0x08012e02   0x00000002   PAD
    0x08012e04   0x00000080   Code   RO         1180    .text               c_w.l(strcmpv7m.o)
    0x08012e84   0x00000006   Code   RO         1182    .text               c_w.l(heapauxi.o)
    0x08012e8a   0x00000002   Code   RO         1246    .text               c_w.l(use_no_semi.o)
    0x08012e8c   0x00000016   Code   RO         1249    .text               c_w.l(_rserrno.o)
    0x08012ea2   0x00000024   Code   RO         1251    .text               c_w.l(_printf_truncate.o)
    0x08012ec6   0x000000b8   Code   RO         1253    .text               c_w.l(_printf_intcommon.o)
    0x08012f7e   0x0000002a   Code   RO         1255    .text               c_w.l(_printf_charcount.o)
    0x08012fa8   0x00000030   Code   RO         1257    .text               c_w.l(_printf_char_common.o)
    0x08012fd8   0x0000000a   Code   RO         1259    .text               c_w.l(_sputc.o)
    0x08012fe2   0x0000002c   Code   RO         1261    .text               c_w.l(_printf_char.o)
    0x0801300e   0x00000002   PAD
    0x08013010   0x00000024   Code   RO         1263    .text               c_w.l(_printf_char_file.o)
    0x08013034   0x000000bc   Code   RO         1265    .text               c_w.l(_printf_wctomb.o)
    0x080130f0   0x00000078   Code   RO         1268    .text               c_w.l(_printf_longlong_dec.o)
    0x08013168   0x00000078   Code   RO         1274    .text               c_w.l(_printf_oct_int_ll.o)
    0x080131e0   0x00000008   Code   RO         1329    .text               c_w.l(rt_errno_addr_intlibspace.o)
    0x080131e8   0x0000008a   Code   RO         1331    .text               c_w.l(lludiv10.o)
    0x08013272   0x00000420   Code   RO         1333    .text               c_w.l(_printf_fp_dec.o)
    0x08013692   0x0000002c   Code   RO         1337    .text               c_w.l(_printf_wchar.o)
    0x080136be   0x00000008   Code   RO         1339    .text               c_w.l(ferror.o)
    0x080136c6   0x00000040   Code   RO         1343    .text               c_w.l(_wcrtomb.o)
    0x08013706   0x00000002   PAD
    0x08013708   0x00000008   Code   RO         1345    .text               c_w.l(libspace.o)
    0x08013710   0x0000004a   Code   RO         1348    .text               c_w.l(sys_stackheap_outer.o)
    0x0801375a   0x00000002   PAD
    0x0801375c   0x00000010   Code   RO         1350    .text               c_w.l(rt_ctype_table.o)
    0x0801376c   0x00000008   Code   RO         1355    .text               c_w.l(rt_locale_intlibspace.o)
    0x08013774   0x00000080   Code   RO         1357    .text               c_w.l(_printf_fp_infnan.o)
    0x080137f4   0x000000e4   Code   RO         1359    .text               c_w.l(bigflt0.o)
    0x080138d8   0x0000000c   Code   RO         1387    .text               c_w.l(exit.o)
    0x080138e4   0x0000003e   Code   RO         1362    CL$$btod_d2e        c_w.l(btod.o)
    0x08013922   0x00000046   Code   RO         1364    CL$$btod_d2e_denorm_low  c_w.l(btod.o)
    0x08013968   0x00000060   Code   RO         1363    CL$$btod_d2e_norm_op1  c_w.l(btod.o)
    0x080139c8   0x00000338   Code   RO         1372    CL$$btod_div_common  c_w.l(btod.o)
    0x08013d00   0x000000c6   Code   RO         1369    CL$$btod_e2e        c_w.l(btod.o)
    0x08013dc6   0x00000028   Code   RO         1366    CL$$btod_ediv       c_w.l(btod.o)
    0x08013dee   0x00000028   Code   RO         1365    CL$$btod_emul       c_w.l(btod.o)
    0x08013e16   0x00000244   Code   RO         1371    CL$$btod_mult_common  c_w.l(btod.o)
    0x0801405a   0x00000028   Code   RO         1397    i.__ARM_fpclassify  m_ws.l(fpclassify.o)
    0x08014082   0x0000000e   Code   RO         1158    i._is_digit         c_w.l(__printf_wp.o)
    0x08014090   0x0000004c   Code   RO         1239    i.sqrt              m_ws.l(sqrt.o)
    0x080140dc   0x0000002c   Code   RO         1385    locale$$code        c_w.l(lc_numeric_c.o)
    0x08014108   0x0000002c   Code   RO         1402    locale$$code        c_w.l(lc_ctype_c.o)
    0x08014134   0x00000150   Code   RO         1186    x$fpl$dadd          fz_ws.l(daddsub_clz.o)
    0x08014284   0x00000018   Code   RO         1294    x$fpl$dcmpinf       fz_ws.l(dcmpi.o)
    0x0801429c   0x0000005a   Code   RO         1192    x$fpl$dfixu         fz_ws.l(dfixu.o)
    0x080142f6   0x0000002e   Code   RO         1197    x$fpl$dflt          fz_ws.l(dflt_clz.o)
    0x08014324   0x00000026   Code   RO         1196    x$fpl$dfltu         fz_ws.l(dflt_clz.o)
    0x0801434a   0x00000002   PAD
    0x0801434c   0x00000078   Code   RO         1202    x$fpl$dleqf         fz_ws.l(dleqf.o)
    0x080143c4   0x00000154   Code   RO         1204    x$fpl$dmul          fz_ws.l(dmul.o)
    0x08014518   0x0000009c   Code   RO         1296    x$fpl$dnaninf       fz_ws.l(dnaninf.o)
    0x080145b4   0x0000000c   Code   RO         1298    x$fpl$dretinf       fz_ws.l(dretinf.o)
    0x080145c0   0x0000006c   Code   RO         1206    x$fpl$drleqf        fz_ws.l(drleqf.o)
    0x0801462c   0x00000016   Code   RO         1187    x$fpl$drsb          fz_ws.l(daddsub_clz.o)
    0x08014642   0x00000002   PAD
    0x08014644   0x000001cc   Code   RO         1300    x$fpl$dsqrt         fz_ws.l(dsqrt_noumaal.o)
    0x08014810   0x000001d4   Code   RO         1188    x$fpl$dsub          fz_ws.l(daddsub_clz.o)
    0x080149e4   0x00000056   Code   RO         1208    x$fpl$f2d           fz_ws.l(f2d.o)
    0x08014a3a   0x00000002   PAD
    0x08014a3c   0x000000c4   Code   RO         1210    x$fpl$fadd          fz_ws.l(faddsub_clz.o)
    0x08014b00   0x00000018   Code   RO         1302    x$fpl$fcmpinf       fz_ws.l(fcmpi.o)
    0x08014b18   0x00000184   Code   RO         1217    x$fpl$fdiv          fz_ws.l(fdiv.o)
    0x08014c9c   0x00000068   Code   RO         1220    x$fpl$feqf          fz_ws.l(feqf.o)
    0x08014d04   0x00000036   Code   RO         1222    x$fpl$ffix          fz_ws.l(ffix.o)
    0x08014d3a   0x00000002   PAD
    0x08014d3c   0x0000003e   Code   RO         1226    x$fpl$ffixu         fz_ws.l(ffixu.o)
    0x08014d7a   0x00000002   PAD
    0x08014d7c   0x00000030   Code   RO         1231    x$fpl$fflt          fz_ws.l(fflt_clz.o)
    0x08014dac   0x00000026   Code   RO         1230    x$fpl$ffltu         fz_ws.l(fflt_clz.o)
    0x08014dd2   0x00000002   PAD
    0x08014dd4   0x00000102   Code   RO         1236    x$fpl$fmul          fz_ws.l(fmul.o)
    0x08014ed6   0x0000008c   Code   RO         1304    x$fpl$fnaninf       fz_ws.l(fnaninf.o)
    0x08014f62   0x0000000a   Code   RO         1306    x$fpl$fretinf       fz_ws.l(fretinf.o)
    0x08014f6c   0x000000ea   Code   RO         1212    x$fpl$fsub          fz_ws.l(faddsub_clz.o)
    0x08015056   0x00000004   Code   RO         1308    x$fpl$printf1       fz_ws.l(printf1.o)
    0x0801505a   0x00000000   Code   RO         1310    x$fpl$usenofp       fz_ws.l(usenofp.o)
    0x0801505a   0x000017c0   Data   RO          369    .constdata          lcd.o
    0x0801681a   0x0000000a   Data   RO          458    .constdata          ft5206.o
    0x08016824   0x000000c2   Data   RO          474    .constdata          gt9147.o
    0x080168e6   0x0000000a   Data   RO          490    .constdata          ott2001a.o
    0x080168f0   0x0000000c   Data   RO          506    .constdata          touch.o
    0x080168fc   0x0000003a   Data   RO          918    .constdata          ff.o
    0x08016936   0x000003c0   Data   RO          979    .constdata          mycc936.o
    0x08016cf6   0x00000028   Data   RO         1146    .constdata          c_w.l(_printf_hex_int_ll_ptr.o)
    0x08016d1e   0x00000011   Data   RO         1166    .constdata          c_w.l(__printf_flags_ss_wp.o)
    0x08016d2f   0x00000001   PAD
    0x08016d30   0x00000008   Data   RO         1266    .constdata          c_w.l(_printf_wctomb.o)
    0x08016d38   0x00000094   Data   RO         1360    .constdata          c_w.l(bigflt0.o)
    0x08016dcc   0x00000079   Data   RO          507    .conststring        touch.o
    0x08016e45   0x0000001f   Data   RO          852    .conststring        usmart.o
    0x08016e64   0x0000008c   Data   RO          867    .conststring        usmart_config.o
    0x08016ef0   0x00000054   Data   RO          937    .conststring        exfuns.o
    0x08016f44   0x00000065   Data   RO          993    .conststring        fontupd.o
    0x08016fa9   0x000000a2   Data   RO         1040    .conststring        common.o
    0x0801704b   0x00000001   PAD
    0x0801704c   0x00000020   Data   RO         1519    Region$$Table       anon$$obj.o
    0x0801706c   0x0000001c   Data   RO         1384    locale$$data        c_w.l(lc_numeric_c.o)
    0x08017088   0x00000110   Data   RO         1401    locale$$data        c_w.l(lc_ctype_c.o)


    Execution Region RW_IRAM1 (Base: 0x20000000, Size: 0x0000a7f8, Max: 0x00010000, ABSOLUTE, COMPRESSED[0x00000148])

    Base Addr    Size         Type   Attr      Idx    E Section Name        Object

    0x20000000   0x00000014   Data   RW          233    .data               system_stm32f10x.o
    0x20000014   0x00000004   Data   RW          251    .data               delay.o
    0x20000018   0x00000008   Data   RW          278    .data               usart.o
    0x20000020   0x00000002   Data   RW          318    .data               flash.o
    0x20000022   0x00000001   Data   RW          355    .data               key.o
    0x20000023   0x00000001   PAD
    0x20000024   0x00000004   Data   RW          370    .data               lcd.o
    0x20000028   0x00000001   Data   RW          410    .data               mmc_sd.o
    0x20000029   0x00000001   Data   RW          459    .data               ft5206.o
    0x2000002a   0x00000001   Data   RW          475    .data               gt9147.o
    0x2000002b   0x00000001   Data   RW          491    .data               ott2001a.o
    0x2000002c   0x0000003c   Data   RW          508    .data               touch.o
    0x20000068   0x00000002   Data   RW          531    .data               usart2.o
    0x2000006a   0x00000014   Data   RW          766    .data               stm32f10x_rcc.o
    0x2000007e   0x00000002   PAD
    0x20000080   0x0000001c   Data   RW          853    .data               usmart.o
    0x2000009c   0x00000114   Data   RW          868    .data               usmart_config.o
    0x200001b0   0x00000002   Data   RW          896    .data               diskio.o
    0x200001b2   0x00000002   PAD
    0x200001b4   0x0000000a   Data   RW          919    .data               ff.o
    0x200001be   0x00000002   PAD
    0x200001c0   0x00000154   Data   RW          938    .data               exfuns.o
    0x20000314   0x00000010   Data   RW          994    .data               fontupd.o
    0x20000324   0x00000088   Data   RW         1041    .data               common.o
    0x200003ac   0x00000001   Data   RW         1071    .data               wifista.o
    0x200003ad   0x00000003   PAD
    0x200003b0   0x00000014   Data   RW         1088    .data               malloc.o
    0x200003c4   0x000000c8   Zero   RW          277    .bss                usart.o
    0x2000048c   0x0000000e   Zero   RW          368    .bss                lcd.o
    0x2000049a   0x00000012   Zero   RW          428    .bss                spi.o
    0x200004ac   0x00000004   PAD
    0x200004b0   0x00000800   Zero   RW          530    .bss                usart2.o
    0x20000cb0   0x00000021   Zero   RW          992    .bss                fontupd.o
    0x20000cd1   0x00000003   PAD
    0x20000cd4   0x000094c0   Zero   RW         1086    .bss                malloc.o
    0x2000a194   0x00000060   Zero   RW         1346    .bss                c_w.l(libspace.o)
    0x2000a1f4   0x00000004   PAD
    0x2000a1f8   0x00000200   Zero   RW          567    HEAP                startup_stm32f10x_md.o
    0x2000a3f8   0x00000400   Zero   RW          566    STACK               startup_stm32f10x_md.o


==============================================================================

Image component sizes


      Code (inc. data)   RO Data    RW Data    ZI Data      Debug   Object Name

       378          0          0          0          0       2534   24cxx.o
      2200        736          0          0          0       1474   apsta.o
      5292       1116        162        136          0       7989   common.o
         0          0          0          0          0         32   core_cm3.o
       604         26          0          0          0       1949   ctiic.o
       208         18          0          4          0        935   delay.o
       504         12          0          2          0       3990   diskio.o
       408         20         84        340          0       2480   exfuns.o
     12944        140         58         10          0      36394   ff.o
       980         16          0          2          0       4512   flash.o
       964        126        101         16         33       3292   fontupd.o
       820         38         10          1          0       2307   ft5206.o
       996         70        194          1          0       2694   gt9147.o
       252         16          0          1          0        768   key.o
     22590        212       6080          4         14      24111   lcd.o
        80          8          0          0          0        439   led.o
       508        130          0          0          0     269855   main.o
       412          6          0         20      38080       3745   malloc.o
       220         20          0          0          0       1693   misc.o
      1320         18          0          1          0       5502   mmc_sd.o
       204         12        960          0          0       1489   mycc936.o
       628         22          0          0          0       1800   myiic.o
       872         56         10          1          0       2459   ott2001a.o
       232         12          0          0         18       1189   spi.o
        64         26        236          0       1536        752   startup_stm32f10x_md.o
       592          8          0          0          0       4222   stm32f10x_dma.o
       856         40          0          0          0       5533   stm32f10x_gpio.o
        26          0          0          0          0       1146   stm32f10x_it.o
       932         44          0         20          0       8656   stm32f10x_rcc.o
       780         14          0          0          0       6418   stm32f10x_spi.o
      3610         88          0          0          0      22020   stm32f10x_tim.o
      1032         22          0          0          0       8264   stm32f10x_usart.o
       476         36          0         20          0       1611   system_stm32f10x.o
       724         16          0          0          0       2820   text.o
      3244        220        133         60          0       6319   touch.o
       324         16          0          8        200       2986   usart.o
       636         30          0          2       2048       3409   usart2.o
      3128       1286         31         28          0       4146   usmart.o
         0          0        140        276          0       1508   usmart_config.o
      1320         12          0          0          0       4969   usmart_str.o
      2024        584          0          0          0       1479   wifiap.o
      2180        636          0          1          0       1733   wifista.o

    ----------------------------------------------------------------------
     75572       5908       8232        964      41936     471623   Object Totals
         0          0         32          0          0          0   (incl. Generated)
         8          0          1         10          7          0   (incl. Padding)

    ----------------------------------------------------------------------

      Code (inc. data)   RO Data    RW Data    ZI Data      Debug   Library Member Name

        24          4          0          0          0         84   __2printf.o
        44          6          0          0          0         84   __2sprintf.o
        90          0          0          0          0          0   __dczerorl2.o
         8          0          0          0          0         68   __main.o
       396          6         17          0          0         92   __printf_flags_ss_wp.o
        14          0          0          0          0         68   __printf_wp.o
        52          8          0          0          0          0   __scatter.o
        28          0          0          0          0          0   __scatter_zi.o
         6          0          0          0          0          0   _printf_a.o
         6          0          0          0          0          0   _printf_c.o
        44          0          0          0          0        108   _printf_char.o
        48          6          0          0          0         96   _printf_char_common.o
        36          4          0          0          0         80   _printf_char_file.o
        42          0          0          0          0         68   _printf_charcount.o
         6          0          0          0          0          0   _printf_d.o
       120         18          0          0          0         92   _printf_dec.o
         6          0          0          0          0          0   _printf_e.o
         6          0          0          0          0          0   _printf_f.o
      1056          0          0          0          0        216   _printf_fp_dec.o
       128         16          0          0          0         84   _printf_fp_infnan.o
         6          0          0          0          0          0   _printf_g.o
       156          6         40          0          0        160   _printf_hex_int_ll_ptr.o
         6          0          0          0          0          0   _printf_i.o
       184          0          0          0          0         88   _printf_intcommon.o
        10          0          0          0          0          0   _printf_l.o
         6          0          0          0          0          0   _printf_lc.o
        10          0          0          0          0          0   _printf_ll.o
         6          0          0          0          0          0   _printf_lld.o
         6          0          0          0          0          0   _printf_lli.o
         6          0          0          0          0          0   _printf_llo.o
         6          0          0          0          0          0   _printf_llu.o
         6          0          0          0          0          0   _printf_llx.o
       120         16          0          0          0         92   _printf_longlong_dec.o
         6          0          0          0          0          0   _printf_ls.o
         6          0          0          0          0          0   _printf_n.o
         6          0          0          0          0          0   _printf_o.o
       120          8          0          0          0        124   _printf_oct_int_ll.o
         6          0          0          0          0          0   _printf_p.o
        82          0          0          0          0        108   _printf_pad.o
         0          0          0          0          0          0   _printf_percent.o
         4          0          0          0          0          0   _printf_percent_end.o
         6          0          0          0          0          0   _printf_s.o
        82          0          0          0          0         80   _printf_str.o
        36          0          0          0          0         84   _printf_truncate.o
         6          0          0          0          0          0   _printf_u.o
        44          0          0          0          0        108   _printf_wchar.o
       188          6          8          0          0         92   _printf_wctomb.o
         6          0          0          0          0          0   _printf_x.o
        22          0          0          0          0        100   _rserrno.o
        10          0          0          0          0         68   _sputc.o
        64          0          0          0          0         92   _wcrtomb.o
       228          6        148          0          0         96   bigflt0.o
      1910        128          0          0          0        672   btod.o
        36          4          0          0          0         76   c89vsprintf.o
        12          0          0          0          0         72   exit.o
         8          0          0          0          0         68   ferror.o
         6          0          0          0          0        152   heapauxi.o
        44         10        272          0          0         76   lc_ctype_c.o
        44         10         28          0          0         76   lc_numeric_c.o
         2          0          0          0          0          0   libinit.o
        30          0          0          0          0          0   libinit2.o
         2          0          0          0          0          0   libshutdown.o
         2          0          0          0          0          0   libshutdown2.o
         8          4          0          0         96         68   libspace.o
       138          0          0          0          0         80   lludiv10.o
        16          4          0          0          0         76   rt_ctype_table.o
         8          4          0          0          0         68   rt_errno_addr_intlibspace.o
         8          4          0          0          0         68   rt_locale_intlibspace.o
         0          0          0          0          0          0   rtentry.o
        12          0          0          0          0          0   rtentry2.o
         6          0          0          0          0          0   rtentry4.o
         2          0          0          0          0          0   rtexit.o
        10          0          0          0          0          0   rtexit2.o
       128          0          0          0          0         68   strcmpv7m.o
        72          0          0          0          0         80   strcpy.o
        62          0          0          0          0         76   strlen.o
        36          0          0          0          0         80   strstr.o
        74          0          0          0          0         80   sys_stackheap_outer.o
         2          0          0          0          0         68   use_no_semi.o
         2          0          0          0          0         68   use_no_semi_2.o
       826         16          0          0          0        348   daddsub_clz.o
        24          0          0          0          0         68   dcmpi.o
        90          4          0          0          0         92   dfixu.o
        84          0          0          0          0        136   dflt_clz.o
       120          4          0          0          0         92   dleqf.o
       340         12          0          0          0        104   dmul.o
       156          4          0          0          0         92   dnaninf.o
        12          0          0          0          0         68   dretinf.o
       108          0          0          0          0         80   drleqf.o
       460         56          0          0          0        120   dsqrt_noumaal.o
        86          4          0          0          0         84   f2d.o
       430          8          0          0          0        168   faddsub_clz.o
        24          0          0          0          0         68   fcmpi.o
       388         76          0          0          0         96   fdiv.o
       104          4          0          0          0         84   feqf.o
        54          4          0          0          0         84   ffix.o
        62          4          0          0          0         84   ffixu.o
        86          0          0          0          0        136   fflt_clz.o
       258          4          0          0          0         84   fmul.o
       140          4          0          0          0         84   fnaninf.o
        10          0          0          0          0         68   fretinf.o
         4          0          0          0          0         68   printf1.o
         0          0          0          0          0          0   usenofp.o
        40          0          0          0          0         68   fpclassify.o
        76          0          0          0          0         84   sqrt.o

    ----------------------------------------------------------------------
     10298        482        514          0        100       6964   Library Totals
        26          0          1          0          4          0   (incl. Padding)

    ----------------------------------------------------------------------

      Code (inc. data)   RO Data    RW Data    ZI Data      Debug   Library Name

      6290        278        513          0         96       4504   c_w.l
      3866        204          0          0          0       2308   fz_ws.l
       116          0          0          0          0        152   m_ws.l

    ----------------------------------------------------------------------
     10298        482        514          0        100       6964   Library Totals

    ----------------------------------------------------------------------

==============================================================================


      Code (inc. data)   RO Data    RW Data    ZI Data      Debug   

     85870       6390       8746        964      42036     471255   Grand Totals
     85870       6390       8746        328      42036     471255   ELF Image Totals (compressed)
     85870       6390       8746        328          0          0   ROM Totals

==============================================================================

    Total RO  Size (Code + RO Data)                94616 (  92.40kB)
    Total RW  Size (RW Data + ZI Data)             43000 (  41.99kB)
    Total ROM Size (Code + RO Data + RW Data)      94944 (  92.72kB)

==============================================================================

