Component: ARM Compiler 5.05 update 1 (build 106) Tool: armlink [4d0efa]

==============================================================================

Section Cross References

    main.o(i.Load_Drow_Dialog) refers to tft.o(i.LCD_Clear) for LCD_Clear
    main.o(i.Load_Drow_Dialog) refers to tft.o(i.LCD_ShowString) for LCD_ShowString
    main.o(i.Load_Drow_Dialog) refers to tft.o(.data) for POINT_COLOR
    main.o(i.main) refers to delay.o(i.delay_init) for delay_init
    main.o(i.main) refers to sys.o(i.NVIC_Configuration) for NVIC_Configuration
    main.o(i.main) refers to usart.o(i.uart_init) for uart_init
    main.o(i.main) refers to led.o(i.LED_Init) for LED_Init
    main.o(i.main) refers to tft.o(i.LCD_Init) for LCD_Init
    main.o(i.main) refers to tft.o(i.LCD_ShowString) for LCD_ShowString
    main.o(i.main) refers to delay.o(i.delay_ms) for delay_ms
    main.o(i.main) refers to touch.o(i.Touch_Init) for Touch_Init
    main.o(i.main) refers to led.o(i.LED_1) for LED_1
    main.o(i.main) refers to tft.o(i.LCD_Clear) for LCD_Clear
    main.o(i.main) refers to touch.o(i.Touch_Adjust) for Touch_Adjust
    main.o(i.main) refers to touch.o(i.Save_Adjdata) for Save_Adjdata
    main.o(i.main) refers to main.o(i.Load_Drow_Dialog) for Load_Drow_Dialog
    main.o(i.main) refers to led.o(i.LED_0) for LED_0
    main.o(i.main) refers to touch.o(i.Pen_Int_Set) for Pen_Int_Set
    main.o(i.main) refers to touch.o(i.Convert_Pos) for Convert_Pos
    main.o(i.main) refers to touch.o(i.Draw_Big_Point) for Draw_Big_Point
    main.o(i.main) refers to tft.o(.data) for POINT_COLOR
    main.o(i.main) refers to touch.o(.bss) for Pen_Point
    system_stm32f10x.o(i.SetSysClock) refers to system_stm32f10x.o(i.SetSysClockTo72) for SetSysClockTo72
    system_stm32f10x.o(i.SystemCoreClockUpdate) refers to system_stm32f10x.o(.data) for SystemCoreClock
    system_stm32f10x.o(i.SystemInit) refers to system_stm32f10x.o(i.SetSysClock) for SetSysClock
    startup_stm32f10x_md.o(STACK) refers (Special) to heapauxi.o(.text) for __use_two_region_memory
    startup_stm32f10x_md.o(HEAP) refers (Special) to heapauxi.o(.text) for __use_two_region_memory
    startup_stm32f10x_md.o(RESET) refers (Special) to heapauxi.o(.text) for __use_two_region_memory
    startup_stm32f10x_md.o(RESET) refers to startup_stm32f10x_md.o(STACK) for __initial_sp
    startup_stm32f10x_md.o(RESET) refers to startup_stm32f10x_md.o(.text) for Reset_Handler
    startup_stm32f10x_md.o(RESET) refers to stm32f10x_it.o(i.NMI_Handler) for NMI_Handler
    startup_stm32f10x_md.o(RESET) refers to stm32f10x_it.o(i.HardFault_Handler) for HardFault_Handler
    startup_stm32f10x_md.o(RESET) refers to stm32f10x_it.o(i.MemManage_Handler) for MemManage_Handler
    startup_stm32f10x_md.o(RESET) refers to stm32f10x_it.o(i.BusFault_Handler) for BusFault_Handler
    startup_stm32f10x_md.o(RESET) refers to stm32f10x_it.o(i.UsageFault_Handler) for UsageFault_Handler
    startup_stm32f10x_md.o(RESET) refers to stm32f10x_it.o(i.SVC_Handler) for SVC_Handler
    startup_stm32f10x_md.o(RESET) refers to stm32f10x_it.o(i.DebugMon_Handler) for DebugMon_Handler
    startup_stm32f10x_md.o(RESET) refers to stm32f10x_it.o(i.PendSV_Handler) for PendSV_Handler
    startup_stm32f10x_md.o(RESET) refers to stm32f10x_it.o(i.SysTick_Handler) for SysTick_Handler
    startup_stm32f10x_md.o(RESET) refers to touch.o(i.EXTI4_IRQHandler) for EXTI4_IRQHandler
    startup_stm32f10x_md.o(RESET) refers to usart.o(i.USART1_IRQHandler) for USART1_IRQHandler
    startup_stm32f10x_md.o(.text) refers (Special) to heapauxi.o(.text) for __use_two_region_memory
    startup_stm32f10x_md.o(.text) refers to system_stm32f10x.o(i.SystemInit) for SystemInit
    startup_stm32f10x_md.o(.text) refers to __main.o(!!!main) for __main
    startup_stm32f10x_md.o(.text) refers to startup_stm32f10x_md.o(HEAP) for Heap_Mem
    startup_stm32f10x_md.o(.text) refers to startup_stm32f10x_md.o(STACK) for Stack_Mem
    delay.o(i.delay_init) refers to misc.o(i.SysTick_CLKSourceConfig) for SysTick_CLKSourceConfig
    delay.o(i.delay_init) refers to system_stm32f10x.o(.data) for SystemCoreClock
    delay.o(i.delay_init) refers to delay.o(.data) for fac_us
    delay.o(i.delay_ms) refers to delay.o(.data) for fac_ms
    delay.o(i.delay_us) refers to delay.o(.data) for fac_us
    sys.o(i.NVIC_Configuration) refers to misc.o(i.NVIC_PriorityGroupConfig) for NVIC_PriorityGroupConfig
    usart.o(i.USART1_IRQHandler) refers (Special) to use_no_semi_2.o(.text) for __use_no_semihosting
    usart.o(i.USART1_IRQHandler) refers to stm32f10x_usart.o(i.USART_GetITStatus) for USART_GetITStatus
    usart.o(i.USART1_IRQHandler) refers to stm32f10x_usart.o(i.USART_ReceiveData) for USART_ReceiveData
    usart.o(i.USART1_IRQHandler) refers to usart.o(.data) for USART_RX_STA
    usart.o(i.USART1_IRQHandler) refers to usart.o(.bss) for USART_RX_BUF
    usart.o(i._sys_exit) refers (Special) to use_no_semi_2.o(.text) for __use_no_semihosting
[...]
    Removing stm32f10x_tim.o(i.TIM_SetCompare4), (6 bytes).
    Removing stm32f10x_tim.o(i.TIM_SetCounter), (4 bytes).
    Removing stm32f10x_tim.o(i.TIM_SetIC1Prescaler), (18 bytes).
    Removing stm32f10x_tim.o(i.TIM_SetIC2Prescaler), (26 bytes).
    Removing stm32f10x_tim.o(i.TIM_SetIC3Prescaler), (18 bytes).
    Removing stm32f10x_tim.o(i.TIM_SetIC4Prescaler), (26 bytes).
    Removing stm32f10x_tim.o(i.TIM_TIxExternalClockConfig), (62 bytes).
    Removing stm32f10x_tim.o(i.TIM_TimeBaseInit), (164 bytes).
    Removing stm32f10x_tim.o(i.TIM_TimeBaseStructInit), (18 bytes).
    Removing stm32f10x_tim.o(i.TIM_UpdateDisableConfig), (24 bytes).
    Removing stm32f10x_tim.o(i.TIM_UpdateRequestConfig), (24 bytes).
    Removing stm32f10x_usart.o(i.USART_ClearFlag), (18 bytes).
    Removing stm32f10x_usart.o(i.USART_ClearITPendingBit), (30 bytes).
    Removing stm32f10x_usart.o(i.USART_ClockInit), (34 bytes).
    Removing stm32f10x_usart.o(i.USART_ClockStructInit), (12 bytes).
    Removing stm32f10x_usart.o(i.USART_DMACmd), (18 bytes).
    Removing stm32f10x_usart.o(i.USART_GetFlagStatus), (26 bytes).
    Removing stm32f10x_usart.o(i.USART_HalfDuplexCmd), (24 bytes).
    Removing stm32f10x_usart.o(i.USART_IrDACmd), (24 bytes).
    Removing stm32f10x_usart.o(i.USART_IrDAConfig), (18 bytes).
    Removing stm32f10x_usart.o(i.USART_LINBreakDetectLengthConfig), (18 bytes).
    Removing stm32f10x_usart.o(i.USART_LINCmd), (24 bytes).
    Removing stm32f10x_usart.o(i.USART_OneBitMethodCmd), (24 bytes).
    Removing stm32f10x_usart.o(i.USART_OverSampling8Cmd), (22 bytes).
    Removing stm32f10x_usart.o(i.USART_ReceiverWakeUpCmd), (24 bytes).
    Removing stm32f10x_usart.o(i.USART_SendBreak), (10 bytes).
    Removing stm32f10x_usart.o(i.USART_SendData), (8 bytes).
    Removing stm32f10x_usart.o(i.USART_SetAddress), (18 bytes).
    Removing stm32f10x_usart.o(i.USART_SetGuardTime), (16 bytes).
    Removing stm32f10x_usart.o(i.USART_SetPrescaler), (16 bytes).
    Removing stm32f10x_usart.o(i.USART_SmartCardCmd), (24 bytes).
    Removing stm32f10x_usart.o(i.USART_SmartCardNACKCmd), (24 bytes).
    Removing stm32f10x_usart.o(i.USART_StructInit), (24 bytes).
    Removing stm32f10x_usart.o(i.USART_WakeUpConfig), (18 bytes).
    Removing stm32f10x_wwdg.o(i.WWDG_ClearFlag), (12 bytes).
    Removing stm32f10x_wwdg.o(i.WWDG_DeInit), (22 bytes).
    Removing stm32f10x_wwdg.o(i.WWDG_Enable), (16 bytes).
    Removing stm32f10x_wwdg.o(i.WWDG_EnableIT), (12 bytes).
    Removing stm32f10x_wwdg.o(i.WWDG_GetFlagStatus), (12 bytes).
    Removing stm32f10x_wwdg.o(i.WWDG_SetCounter), (16 bytes).
    Removing stm32f10x_wwdg.o(i.WWDG_SetPrescaler), (24 bytes).
    Removing stm32f10x_wwdg.o(i.WWDG_SetWindowValue), (40 bytes).

476 unused section(s) (total 18944 bytes) removed from the image.

==============================================================================

Image Symbol Table

    Local Symbols

    Symbol Name                              Value     Ov Type        Size  Object(Section)

    ../clib/angel/boardlib.s                 0x00000000   Number         0  boardshut.o ABSOLUTE
    ../clib/angel/boardlib.s                 0x00000000   Number         0  boardinit1.o ABSOLUTE
    ../clib/angel/boardlib.s                 0x00000000   Number         0  boardinit2.o ABSOLUTE
    ../clib/angel/boardlib.s                 0x00000000   Number         0  boardinit3.o ABSOLUTE
    ../clib/angel/handlers.s                 0x00000000   Number         0  __scatter_copy.o ABSOLUTE
    ../clib/angel/handlers.s                 0x00000000   Number         0  __scatter_zi.o ABSOLUTE
    ../clib/angel/kernel.s                   0x00000000   Number         0  __rtentry4.o ABSOLUTE
    ../clib/angel/kernel.s                   0x00000000   Number         0  __rtentry.o ABSOLUTE
    ../clib/angel/kernel.s                   0x00000000   Number         0  __rtentry2.o ABSOLUTE
    ../clib/angel/kernel.s                   0x00000000   Number         0  rtexit2.o ABSOLUTE
    ../clib/angel/kernel.s                   0x00000000   Number         0  rtexit.o ABSOLUTE
    ../clib/angel/rt.s                       0x00000000   Number         0  rt_raise.o ABSOLUTE
    ../clib/angel/rt.s                       0x00000000   Number         0  rt_errno_addr.o ABSOLUTE
    ../clib/angel/rt.s                       0x00000000   Number         0  rt_errno_addr_intlibspace.o ABSOLUTE
    ../clib/angel/scatter.s                  0x00000000   Number         0  __scatter.o ABSOLUTE
    ../clib/angel/startup.s                  0x00000000   Number         0  __main.o ABSOLUTE
    ../clib/angel/sys.s                      0x00000000   Number         0  use_no_semi.o ABSOLUTE
    ../clib/angel/sys.s                      0x00000000   Number         0  use_no_semi_2.o ABSOLUTE
    ../clib/angel/sys.s                      0x00000000   Number         0  libspace.o ABSOLUTE
    ../clib/angel/sys.s                      0x00000000   Number         0  sys_stackheap_outer.o ABSOLUTE
    ../clib/angel/sys.s                      0x00000000   Number         0  indicate_semi.o ABSOLUTE
    ../clib/angel/sysapp.c                   0x00000000   Number         0  sys_command.o ABSOLUTE
    ../clib/angel/sysapp.c                   0x00000000   Number         0  sys_wrch.o ABSOLUTE
    ../clib/armsys.c                         0x00000000   Number         0  no_argv.o ABSOLUTE
    ../clib/armsys.c                         0x00000000   Number         0  _get_argv_nomalloc.o ABSOLUTE
    ../clib/armsys.c                         0x00000000   Number         0  argv_veneer.o ABSOLUTE
    ../clib/armsys.c                         0x00000000   Number         0  argv_veneer.o ABSOLUTE
    ../clib/fenv.c                           0x00000000   Number         0  _rserrno.o ABSOLUTE
    ../clib/heapalloc.c                      0x00000000   Number         0  hrguard.o ABSOLUTE
    ../clib/heapaux.c                        0x00000000   Number         0  heapauxi.o ABSOLUTE
    ../clib/libinit.s                        0x00000000   Number         0  libinit.o ABSOLUTE
    ../clib/libinit.s                        0x00000000   Number         0  libinit2.o ABSOLUTE
    ../clib/libinit.s                        0x00000000   Number         0  libshutdown.o ABSOLUTE
    ../clib/libinit.s                        0x00000000   Number         0  libshutdown2.o ABSOLUTE
    ../clib/printf.c                         0x00000000   Number         0  _printf_hex_int_ll.o ABSOLUTE
    ../clib/printf.c                         0x00000000   Number         0  _printf_hex_ptr.o ABSOLUTE
    ../clib/printf.c                         0x00000000   Number         0  _printf_hex_int_ptr.o ABSOLUTE
    ../clib/printf.c                         0x00000000   Number         0  __printf_flags_wp.o ABSOLUTE
    ../clib/printf.c                         0x00000000   Number         0  _printf_hex_int_ll_ptr.o ABSOLUTE
    ../clib/printf.c                         0x00000000   Number         0  __printf_flags.o ABSOLUTE
    ../clib/printf.c                         0x00000000   Number         0  __printf_ss.o ABSOLUTE
    ../clib/printf.c                         0x00000000   Number         0  __printf_ss_wp.o ABSOLUTE
    ../clib/printf.c                         0x00000000   Number         0  __printf_flags_ss_wp.o ABSOLUTE
    ../clib/printf.c                         0x00000000   Number         0  _printf_hex_int.o ABSOLUTE
    ../clib/printf.c                         0x00000000   Number         0  _printf_hex_ll.o ABSOLUTE
    ../clib/printf.c                         0x00000000   Number         0  __printf_nopercent.o ABSOLUTE
    ../clib/printf.c                         0x00000000   Number         0  __printf.o ABSOLUTE
    ../clib/printf.c                         0x00000000   Number         0  noretval__2printf.o ABSOLUTE
    ../clib/printf.c                         0x00000000   Number         0  __2printf.o ABSOLUTE
    ../clib/printf.c                         0x00000000   Number         0  __printf_wp.o ABSOLUTE
    ../clib/printf.c                         0x00000000   Number         0  _printf_hex_ll_ptr.o ABSOLUTE
    ../clib/printf.c                         0x00000000   Number         0  _printf_char_common.o ABSOLUTE
    ../clib/printf.c                         0x00000000   Number         0  _printf_char_file.o ABSOLUTE
    ../clib/printf.c                         0x00000000   Number         0  _printf_intcommon.o ABSOLUTE
    ../clib/printf.c                         0x00000000   Number         0  __printf_flags_ss.o ABSOLUTE
    ../clib/printf_percent.s                 0x00000000   Number         0  _printf_x.o ABSOLUTE
    ../clib/printf_percent.s                 0x00000000   Number         0  _printf_percent.o ABSOLUTE
    ../clib/printf_percent.s                 0x00000000   Number         0  _printf_percent_end.o ABSOLUTE
    ../clib/signal.c                         0x00000000   Number         0  defsig_cppl_inner.o ABSOLUTE
    ../clib/signal.c                         0x00000000   Number         0  defsig_pvfn_inner.o ABSOLUTE
    ../clib/signal.c                         0x00000000   Number         0  defsig_rtred_inner.o ABSOLUTE
    ../clib/signal.c                         0x00000000   Number         0  defsig_fpe_inner.o ABSOLUTE
    ../clib/signal.c                         0x00000000   Number         0  defsig_abrt_inner.o ABSOLUTE
    ../clib/signal.c                         0x00000000   Number         0  defsig_general.o ABSOLUTE
    ../clib/signal.c                         0x00000000   Number         0  __raise.o ABSOLUTE
    ../clib/signal.c                         0x00000000   Number         0  defsig_rtmem_inner.o ABSOLUTE
    ../clib/signal.c                         0x00000000   Number         0  defsig_exit.o ABSOLUTE
    ../clib/signal.c                         0x00000000   Number         0  defsig_rtmem_formal.o ABSOLUTE
    ../clib/signal.c                         0x00000000   Number         0  defsig_rtmem_outer.o ABSOLUTE
    ../clib/signal.c                         0x00000000   Number         0  defsig_stak_inner.o ABSOLUTE
    ../clib/signal.c                         0x00000000   Number         0  defsig_other.o ABSOLUTE
    ../clib/signal.c                         0x00000000   Number         0  defsig_segv_inner.o ABSOLUTE
    ../clib/signal.s                         0x00000000   Number         0  defsig.o ABSOLUTE
    ../clib/stdio.c                          0x00000000   Number         0  ferror_locked.o ABSOLUTE
    ../clib/stdio.c                          0x00000000   Number         0  ferror.o ABSOLUTE
    ../clib/stdlib.c                         0x00000000   Number         0  exit.o ABSOLUTE
    ../fplib/dcmpi.s                         0x00000000   Number         0  dcmpi.o ABSOLUTE
    ../fplib/dfixu.s                         0x00000000   Number         0  dfixu.o ABSOLUTE
    ../fplib/dflt.s                          0x00000000   Number         0  dflt_clz.o ABSOLUTE
    ../fplib/dleqf.s                         0x00000000   Number         0  dleqf.o ABSOLUTE
    ../fplib/dnaninf.s                       0x00000000   Number         0  dnaninf.o ABSOLUTE
    ../fplib/dretinf.s                       0x00000000   Number         0  dretinf.o ABSOLUTE
    ../fplib/drleqf.s                        0x00000000   Number         0  drleqf.o ABSOLUTE
    ../fplib/dsqrt.s                         0x00000000   Number         0  dsqrt_noumaal.o ABSOLUTE
    ../fplib/f2d.s                           0x00000000   Number         0  f2d.o ABSOLUTE
    ../fplib/faddsub.s                       0x00000000   Number         0  faddsub_clz.o ABSOLUTE
    ../fplib/fdiv.s                          0x00000000   Number         0  fdiv.o ABSOLUTE
    ../fplib/ffix.s                          0x00000000   Number         0  ffix.o ABSOLUTE
    ../fplib/ffixu.s                         0x00000000   Number         0  ffixu.o ABSOLUTE
    ../fplib/fflt.s                          0x00000000   Number         0  fflt_clz.o ABSOLUTE
    ../fplib/fmul.s                          0x00000000   Number         0  fmul.o ABSOLUTE
    ../fplib/fnaninf.s                       0x00000000   Number         0  fnaninf.o ABSOLUTE
    ../fplib/fpinit.s                        0x00000000   Number         0  fpinit.o ABSOLUTE
    ../fplib/fretinf.s                       0x00000000   Number         0  fretinf.o ABSOLUTE
    ../fplib/usenofp.s                       0x00000000   Number         0  usenofp.o ABSOLUTE
    ../mathlib/sqrt.c                        0x00000000   Number         0  sqrt.o ABSOLUTE
    ../mathlib/sqrt.c                        0x00000000   Number         0  sqrt_x.o ABSOLUTE
    ..\CORE\core_cm3.c                       0x00000000   Number         0  core_cm3.o ABSOLUTE
    ..\CORE\startup_stm32f10x_md.s           0x00000000   Number         0  startup_stm32f10x_md.o ABSOLUTE
    ..\OV\24cxx.c                            0x00000000   Number         0  24cxx.o ABSOLUTE
    ..\OV\LED.c                              0x00000000   Number         0  led.o ABSOLUTE
    ..\OV\TFT.c                              0x00000000   Number         0  tft.o ABSOLUTE
    ..\OV\myiic.c                            0x00000000   Number         0  myiic.o ABSOLUTE
    ..\OV\touch.c                            0x00000000   Number         0  touch.o ABSOLUTE
    ..\STM32FWLIB\src\misc.c                 0x00000000   Number         0  misc.o ABSOLUTE
    ..\STM32FWLIB\src\stm32f10x_adc.c        0x00000000   Number         0  stm32f10x_adc.o ABSOLUTE
    ..\STM32FWLIB\src\stm32f10x_bkp.c        0x00000000   Number         0  stm32f10x_bkp.o ABSOLUTE
    ..\STM32FWLIB\src\stm32f10x_can.c        0x00000000   Number         0  stm32f10x_can.o ABSOLUTE
    ..\STM32FWLIB\src\stm32f10x_cec.c        0x00000000   Number         0  stm32f10x_cec.o ABSOLUTE
    ..\STM32FWLIB\src\stm32f10x_crc.c        0x00000000   Number         0  stm32f10x_crc.o ABSOLUTE
    ..\STM32FWLIB\src\stm32f10x_dac.c        0x00000000   Number         0  stm32f10x_dac.o ABSOLUTE
    ..\STM32FWLIB\src\stm32f10x_dbgmcu.c     0x00000000   Number         0  stm32f10x_dbgmcu.o ABSOLUTE
    ..\STM32FWLIB\src\stm32f10x_dma.c        0x00000000   Number         0  stm32f10x_dma.o ABSOLUTE
    ..\STM32FWLIB\src\stm32f10x_exti.c       0x00000000   Number         0  stm32f10x_exti.o ABSOLUTE
    ..\STM32FWLIB\src\stm32f10x_flash.c      0x00000000   Number         0  stm32f10x_flash.o ABSOLUTE
    ..\STM32FWLIB\src\stm32f10x_fsmc.c       0x00000000   Number         0  stm32f10x_fsmc.o ABSOLUTE
    ..\STM32FWLIB\src\stm32f10x_gpio.c       0x00000000   Number         0  stm32f10x_gpio.o ABSOLUTE
    ..\STM32FWLIB\src\stm32f10x_i2c.c        0x00000000   Number         0  stm32f10x_i2c.o ABSOLUTE
    ..\STM32FWLIB\src\stm32f10x_iwdg.c       0x00000000   Number         0  stm32f10x_iwdg.o ABSOLUTE
    ..\STM32FWLIB\src\stm32f10x_pwr.c        0x00000000   Number         0  stm32f10x_pwr.o ABSOLUTE
    ..\STM32FWLIB\src\stm32f10x_rcc.c        0x00000000   Number         0  stm32f10x_rcc.o ABSOLUTE
    ..\STM32FWLIB\src\stm32f10x_rtc.c        0x00000000   Number         0  stm32f10x_rtc.o ABSOLUTE
    ..\STM32FWLIB\src\stm32f10x_sdio.c       0x00000000   Number         0  stm32f10x_sdio.o ABSOLUTE
    ..\STM32FWLIB\src\stm32f10x_spi.c        0x00000000   Number         0  stm32f10x_spi.o ABSOLUTE
    ..\STM32FWLIB\src\stm32f10x_tim.c        0x00000000   Number         0  stm32f10x_tim.o ABSOLUTE
    ..\STM32FWLIB\src\stm32f10x_usart.c      0x00000000   Number         0  stm32f10x_usart.o ABSOLUTE
    ..\STM32FWLIB\src\stm32f10x_wwdg.c       0x00000000   Number         0  stm32f10x_wwdg.o ABSOLUTE
    ..\SYSTEM\delay\delay.c                  0x00000000   Number         0  delay.o ABSOLUTE
    ..\SYSTEM\sys\sys.c                      0x00000000   Number         0  sys.o ABSOLUTE
    ..\SYSTEM\usart\usart.c                  0x00000000   Number         0  usart.o ABSOLUTE
    ..\\CORE\\core_cm3.c                     0x00000000   Number         0  core_cm3.o ABSOLUTE
    dc.s                                     0x00000000   Number         0  dc.o ABSOLUTE
    main.c                                   0x00000000   Number         0  main.o ABSOLUTE
    stm32f10x_it.c                           0x00000000   Number         0  stm32f10x_it.o ABSOLUTE
    system_stm32f10x.c                       0x00000000   Number         0  system_stm32f10x.o ABSOLUTE
    RESET                                    0x08000000   Section      236  startup_stm32f10x_md.o(RESET)
    !!!main                                  0x080000ec   Section        8  __main.o(!!!main)
    !!!scatter                               0x080000f4   Section       52  __scatter.o(!!!scatter)
    !!handler_copy                           0x08000128   Section       26  __scatter_copy.o(!!handler_copy)
    !!handler_zi                             0x08000144   Section       28  __scatter_zi.o(!!handler_zi)
    .ARM.Collect$$_printf_percent$$00000000  0x08000160   Section        0  _printf_percent.o(.ARM.Collect$$_printf_percent$$00000000)
    .ARM.Collect$$_printf_percent$$0000000C  0x08000160   Section        6  _printf_x.o(.ARM.Collect$$_printf_percent$$0000000C)
    .ARM.Collect$$_printf_percent$$00000017  0x08000166   Section        4  _printf_percent_end.o(.ARM.Collect$$_printf_percent$$00000017)
    .ARM.Collect$$libinit$$00000000          0x0800016a   Section        2  libinit.o(.ARM.Collect$$libinit$$00000000)
    .ARM.Collect$$libinit$$00000002          0x0800016c   Section        0  libinit2.o(.ARM.Collect$$libinit$$00000002)
    .ARM.Collect$$libinit$$00000004          0x0800016c   Section        0  libinit2.o(.ARM.Collect$$libinit$$00000004)
    .ARM.Collect$$libinit$$0000000A          0x0800016c   Section        0  libinit2.o(.ARM.Collect$$libinit$$0000000A)
    .ARM.Collect$$libinit$$0000000C          0x0800016c   Section        0  libinit2.o(.ARM.Collect$$libinit$$0000000C)
    .ARM.Collect$$libinit$$0000000E          0x0800016c   Section        0  libinit2.o(.ARM.Collect$$libinit$$0000000E)
    .ARM.Collect$$libinit$$00000011          0x0800016c   Section        0  libinit2.o(.ARM.Collect$$libinit$$00000011)
    .ARM.Collect$$libinit$$00000013          0x0800016c   Section        0  libinit2.o(.ARM.Collect$$libinit$$00000013)
    .ARM.Collect$$libinit$$00000015          0x0800016c   Section        0  libinit2.o(.ARM.Collect$$libinit$$00000015)
    .ARM.Collect$$libinit$$00000017          0x0800016c   Section        0  libinit2.o(.ARM.Collect$$libinit$$00000017)
    .ARM.Collect$$libinit$$00000019          0x0800016c   Section        0  libinit2.o(.ARM.Collect$$libinit$$00000019)
    .ARM.Collect$$libinit$$0000001B          0x0800016c   Section        0  libinit2.o(.ARM.Collect$$libinit$$0000001B)
    .ARM.Collect$$libinit$$0000001D          0x0800016c   Section        0  libinit2.o(.ARM.Collect$$libinit$$0000001D)
    .ARM.Collect$$libinit$$0000001F          0x0800016c   Section        0  libinit2.o(.ARM.Collect$$libinit$$0000001F)
    .ARM.Collect$$libinit$$00000021          0x0800016c   Section        0  libinit2.o(.ARM.Collect$$libinit$$00000021)
    .ARM.Collect$$libinit$$00000023          0x0800016c   Section        0  libinit2.o(.ARM.Collect$$libinit$$00000023)
    .ARM.Collect$$libinit$$00000025          0x0800016c   Section        0  libinit2.o(.ARM.Collect$$libinit$$00000025)
    .ARM.Collect$$libinit$$0000002C          0x0800016c   Section        0  libinit2.o(.ARM.Collect$$libinit$$0000002C)
    .ARM.Collect$$libinit$$0000002E          0x0800016c   Section        0  libinit2.o(.ARM.Collect$$libinit$$0000002E)
    .ARM.Collect$$libinit$$00000030          0x0800016c   Section        0  libinit2.o(.ARM.Collect$$libinit$$00000030)
    .ARM.Collect$$libinit$$00000032          0x0800016c   Section        0  libinit2.o(.ARM.Collect$$libinit$$00000032)
    .ARM.Collect$$libinit$$00000033          0x0800016c   Section        2  libinit2.o(.ARM.Collect$$libinit$$00000033)
    .ARM.Collect$$libshutdown$$00000000      0x0800016e   Section        2  libshutdown.o(.ARM.Collect$$libshutdown$$00000000)
    .ARM.Collect$$libshutdown$$00000003      0x08000170   Section        0  libshutdown2.o(.ARM.Collect$$libshutdown$$00000003)
    .ARM.Collect$$libshutdown$$00000006      0x08000170   Section        0  libshutdown2.o(.ARM.Collect$$libshutdown$$00000006)
    .ARM.Collect$$libshutdown$$00000009      0x08000170   Section        0  libshutdown2.o(.ARM.Collect$$libshutdown$$00000009)
    .ARM.Collect$$libshutdown$$0000000B      0x08000170   Section        0  libshutdown2.o(.ARM.Collect$$libshutdown$$0000000B)
    .ARM.Collect$$libshutdown$$0000000E      0x08000170   Section        0  libshutdown2.o(.ARM.Collect$$libshutdown$$0000000E)
    .ARM.Collect$$libshutdown$$0000000F      0x08000170   Section        2  libshutdown2.o(.ARM.Collect$$libshutdown$$0000000F)
    .ARM.Collect$$rtentry$$00000000          0x08000172   Section        0  __rtentry.o(.ARM.Collect$$rtentry$$00000000)
    .ARM.Collect$$rtentry$$00000002          0x08000172   Section        0  __rtentry2.o(.ARM.Collect$$rtentry$$00000002)
    .ARM.Collect$$rtentry$$00000004          0x08000172   Section        6  __rtentry4.o(.ARM.Collect$$rtentry$$00000004)
    .ARM.Collect$$rtentry$$00000009          0x08000178   Section        0  __rtentry2.o(.ARM.Collect$$rtentry$$00000009)
    .ARM.Collect$$rtentry$$0000000A          0x08000178   Section        4  __rtentry2.o(.ARM.Collect$$rtentry$$0000000A)
    .ARM.Collect$$rtentry$$0000000C          0x0800017c   Section        0  __rtentry2.o(.ARM.Collect$$rtentry$$0000000C)
    .ARM.Collect$$rtentry$$0000000D          0x0800017c   Section        8  __rtentry2.o(.ARM.Collect$$rtentry$$0000000D)
    .ARM.Collect$$rtexit$$00000000           0x08000184   Section        2  rtexit.o(.ARM.Collect$$rtexit$$00000000)
    .ARM.Collect$$rtexit$$00000002           0x08000186   Section        0  rtexit2.o(.ARM.Collect$$rtexit$$00000002)
    .ARM.Collect$$rtexit$$00000003           0x08000186   Section        4  rtexit2.o(.ARM.Collect$$rtexit$$00000003)
    .ARM.Collect$$rtexit$$00000004           0x0800018a   Section        6  rtexit2.o(.ARM.Collect$$rtexit$$00000004)
    .text                                    0x08000190   Section       64  startup_stm32f10x_md.o(.text)
    .text                                    0x080001d0   Section        2  use_no_semi_2.o(.text)
    .text                                    0x080001d4   Section        0  noretval__2printf.o(.text)
    .text                                    0x080001ec   Section        0  __printf.o(.text)
    .text                                    0x08000254   Section        0  _printf_hex_int.o(.text)
    .text                                    0x080002ac   Section        0  heapauxi.o(.text)
    .text                                    0x080002b2   Section        2  use_no_semi.o(.text)
    .text                                    0x080002b4   Section        0  _rserrno.o(.text)
    .text                                    0x080002ca   Section        0  _printf_intcommon.o(.text)
    .text                                    0x0800037c   Section        0  _printf_char_file.o(.text)
    .text                                    0x080003a0   Section        8  rt_errno_addr_intlibspace.o(.text)
    .text                                    0x080003a8   Section        0  _printf_char_common.o(.text)
    _printf_input_char                       0x080003a9   Thumb Code    10  _printf_char_common.o(.text)
    .text                                    0x080003d8   Section        0  ferror.o(.text)
    .text                                    0x080003e0   Section        8  libspace.o(.text)
    .text                                    0x080003e8   Section       74  sys_stackheap_outer.o(.text)
    .text                                    0x08000432   Section        0  exit.o(.text)
    i.ADJ_INFO_SHOW                          0x08000440   Section        0  touch.o(i.ADJ_INFO_SHOW)
    i.ADS_Read_AD                            0x080004e4   Section        0  touch.o(i.ADS_Read_AD)
    i.ADS_Read_XY                            0x0800055c   Section        0  touch.o(i.ADS_Read_XY)
    i.ADS_Write_Byte                         0x080005d8   Section        0  touch.o(i.ADS_Write_Byte)
    i.AT24CXX_Init                           0x08000618   Section        0  24cxx.o(i.AT24CXX_Init)
    i.AT24CXX_ReadLenByte                    0x08000620   Section        0  24cxx.o(i.AT24CXX_ReadLenByte)
    i.AT24CXX_ReadOneByte                    0x0800064c   Section        0  24cxx.o(i.AT24CXX_ReadOneByte)
    i.AT24CXX_WriteLenByte                   0x080006a4   Section        0  24cxx.o(i.AT24CXX_WriteLenByte)
    i.AT24CXX_WriteOneByte                   0x080006ce   Section        0  24cxx.o(i.AT24CXX_WriteOneByte)
    i.BusFault_Handler                       0x0800071e   Section        0  stm32f10x_it.o(i.BusFault_Handler)
    i.Convert_Pos                            0x08000724   Section        0  touch.o(i.Convert_Pos)
    i.DebugMon_Handler                       0x080007ac   Section        0  stm32f10x_it.o(i.DebugMon_Handler)
    i.Draw_Big_Point                         0x080007ae   Section        0  touch.o(i.Draw_Big_Point)
    i.Draw_Circle                            0x080007da   Section        0  tft.o(i.Draw_Circle)
    i.Drow_Touch_Point                       0x0800088a   Section        0  touch.o(i.Drow_Touch_Point)
    i.EXTI4_IRQHandler                       0x080008ec   Section        0  touch.o(i.EXTI4_IRQHandler)
    i.EXTI_Init                              0x08000904   Section        0  stm32f10x_exti.o(i.EXTI_Init)
    i.GPIO_EXTILineConfig                    0x08000998   Section        0  stm32f10x_gpio.o(i.GPIO_EXTILineConfig)
    i.GPIO_Init                              0x080009d8   Section        0  stm32f10x_gpio.o(i.GPIO_Init)
    i.GPIO_PinRemapConfig                    0x08000af0   Section        0  stm32f10x_gpio.o(i.GPIO_PinRemapConfig)
    i.GPIO_ResetBits                         0x08000b80   Section        0  stm32f10x_gpio.o(i.GPIO_ResetBits)
    i.GPIO_SetBits                           0x08000b84   Section        0  stm32f10x_gpio.o(i.GPIO_SetBits)
    i.Get_Adjdata                            0x08000b88   Section        0  touch.o(i.Get_Adjdata)
    i.HardFault_Handler                      0x08000c2c   Section        0  stm32f10x_it.o(i.HardFault_Handler)
    i.IIC_Ack                                0x08000c30   Section        0  myiic.o(i.IIC_Ack)
    i.IIC_Init                               0x08000c80   Section        0  myiic.o(i.IIC_Init)
    i.IIC_NAck                               0x08000cc0   Section        0  myiic.o(i.IIC_NAck)
    i.IIC_Read_Byte                          0x08000d10   Section        0  myiic.o(i.IIC_Read_Byte)
    i.IIC_Send_Byte                          0x08000d80   Section        0  myiic.o(i.IIC_Send_Byte)
    i.IIC_Start                              0x08000de8   Section        0  myiic.o(i.IIC_Start)
    i.IIC_Stop                               0x08000e34   Section        0  myiic.o(i.IIC_Stop)
    i.IIC_Wait_Ack                           0x08000e80   Section        0  myiic.o(i.IIC_Wait_Ack)
    i.LCD_Clear                              0x08000ee4   Section        0  tft.o(i.LCD_Clear)
    i.LCD_DrawLine                           0x08000f28   Section        0  tft.o(i.LCD_DrawLine)
    i.LCD_DrawPoint                          0x08000fd8   Section        0  tft.o(i.LCD_DrawPoint)
    i.LCD_Init                               0x08001018   Section        0  tft.o(i.LCD_Init)
    i.LCD_RD_DATA                            0x08002a6c   Section        0  tft.o(i.LCD_RD_DATA)
    i.LCD_ReadReg                            0x08002adc   Section        0  tft.o(i.LCD_ReadReg)
    i.LCD_Scan_Dir                           0x08002aec   Section        0  tft.o(i.LCD_Scan_Dir)
    i.LCD_SetCursor                          0x08002d9c   Section        0  tft.o(i.LCD_SetCursor)
    i.LCD_ShowChar                           0x08002e68   Section        0  tft.o(i.LCD_ShowChar)
    i.LCD_ShowNum                            0x08002f80   Section        0  tft.o(i.LCD_ShowNum)
    i.LCD_ShowString                         0x08003014   Section        0  tft.o(i.LCD_ShowString)
    i.LCD_WR_REG                             0x08003060   Section        0  tft.o(i.LCD_WR_REG)
    i.LCD_WriteRAM_Prepare                   0x08003084   Section        0  tft.o(i.LCD_WriteRAM_Prepare)
    i.LCD_WriteReg                           0x080030a8   Section        0  tft.o(i.LCD_WriteReg)
    i.LED_0                                  0x080030d8   Section        0  led.o(i.LED_0)
    i.LED_1                                  0x080030f0   Section        0  led.o(i.LED_1)
    i.LED_Init                               0x08003108   Section        0  led.o(i.LED_Init)
    i.Load_Drow_Dialog                       0x08003134   Section        0  main.o(i.Load_Drow_Dialog)
    i.MemManage_Handler                      0x08003160   Section        0  stm32f10x_it.o(i.MemManage_Handler)
    i.NMI_Handler                            0x08003164   Section        0  stm32f10x_it.o(i.NMI_Handler)
    i.NVIC_Configuration                     0x08003166   Section        0  sys.o(i.NVIC_Configuration)
    i.NVIC_Init                              0x08003174   Section        0  misc.o(i.NVIC_Init)
    i.NVIC_PriorityGroupConfig               0x080031e4   Section        0  misc.o(i.NVIC_PriorityGroupConfig)
    i.Pen_Int_Set                            0x080031f8   Section        0  touch.o(i.Pen_Int_Set)
    i.PendSV_Handler                         0x0800321c   Section        0  stm32f10x_it.o(i.PendSV_Handler)
    i.RCC_APB1PeriphResetCmd                 0x08003220   Section        0  stm32f10x_rcc.o(i.RCC_APB1PeriphResetCmd)
    i.RCC_APB2PeriphClockCmd                 0x08003240   Section        0  stm32f10x_rcc.o(i.RCC_APB2PeriphClockCmd)
    i.RCC_APB2PeriphResetCmd                 0x08003260   Section        0  stm32f10x_rcc.o(i.RCC_APB2PeriphResetCmd)
    i.RCC_GetClocksFreq                      0x08003280   Section        0  stm32f10x_rcc.o(i.RCC_GetClocksFreq)
    i.Read_ADS                               0x08003410   Section        0  touch.o(i.Read_ADS)
    i.Read_ADS2                              0x0800344c   Section        0  touch.o(i.Read_ADS2)
    i.Read_TP_Once                           0x0800350c   Section        0  touch.o(i.Read_TP_Once)
    i.SVC_Handler                            0x08003554   Section        0  stm32f10x_it.o(i.SVC_Handler)
    i.Save_Adjdata                           0x08003558   Section        0  touch.o(i.Save_Adjdata)
    i.SetSysClock                            0x080035cc   Section        0  system_stm32f10x.o(i.SetSysClock)
    SetSysClock                              0x080035cd   Thumb Code     8  system_stm32f10x.o(i.SetSysClock)
    i.SetSysClockTo72                        0x080035d4   Section        0  system_stm32f10x.o(i.SetSysClockTo72)
    SetSysClockTo72                          0x080035d5   Thumb Code   264  system_stm32f10x.o(i.SetSysClockTo72)
    i.SysTick_CLKSourceConfig                0x080036ec   Section        0  misc.o(i.SysTick_CLKSourceConfig)
    i.SysTick_Handler                        0x08003714   Section        0  stm32f10x_it.o(i.SysTick_Handler)
    i.SystemInit                             0x08003718   Section        0  system_stm32f10x.o(i.SystemInit)
    i.Touch_Adjust                           0x08003784   Section        0  touch.o(i.Touch_Adjust)
    i.Touch_Init                             0x0800403c   Section        0  touch.o(i.Touch_Init)
    i.USART1_IRQHandler                      0x08004124   Section        0  usart.o(i.USART1_IRQHandler)
    i.USART_Cmd                              0x080041ac   Section        0  stm32f10x_usart.o(i.USART_Cmd)
    i.USART_DeInit                           0x080041c4   Section        0  stm32f10x_usart.o(i.USART_DeInit)
    i.USART_GetITStatus                      0x08004260   Section        0  stm32f10x_usart.o(i.USART_GetITStatus)
    i.USART_ITConfig                         0x080042b4   Section        0  stm32f10x_usart.o(i.USART_ITConfig)
    i.USART_Init                             0x08004300   Section        0  stm32f10x_usart.o(i.USART_Init)
    i.USART_ReceiveData                      0x080043d8   Section        0  stm32f10x_usart.o(i.USART_ReceiveData)
    i.UsageFault_Handler                     0x080043e2   Section        0  stm32f10x_it.o(i.UsageFault_Handler)
    i._sys_exit                              0x080043e6   Section        0  usart.o(i._sys_exit)
    i.delay_init                             0x080043ec   Section        0  delay.o(i.delay_init)
    i.delay_ms                               0x08004430   Section        0  delay.o(i.delay_ms)
    i.delay_us                               0x0800447c   Section        0  delay.o(i.delay_us)
    i.fputc                                  0x080044c8   Section        0  usart.o(i.fputc)
    i.main                                   0x080044e4   Section        0  main.o(i.main)
    i.mypow                                  0x080045fc   Section        0  tft.o(i.mypow)
    i.sqrt                                   0x08004612   Section        0  sqrt.o(i.sqrt)
    i.uart_init                              0x08004660   Section        0  usart.o(i.uart_init)
    x$fpl$dcmpinf                            0x08004708   Section       24  dcmpi.o(x$fpl$dcmpinf)
    x$fpl$dfixu                              0x08004720   Section       90  dfixu.o(x$fpl$dfixu)
    x$fpl$dfltu                              0x0800477a   Section       38  dflt_clz.o(x$fpl$dfltu)
    x$fpl$dleqf                              0x080047a0   Section      120  dleqf.o(x$fpl$dleqf)
    x$fpl$dnaninf                            0x08004818   Section      156  dnaninf.o(x$fpl$dnaninf)
    x$fpl$dretinf                            0x080048b4   Section       12  dretinf.o(x$fpl$dretinf)
    x$fpl$drleqf                             0x080048c0   Section      108  drleqf.o(x$fpl$drleqf)
    x$fpl$dsqrt                              0x0800492c   Section      460  dsqrt_noumaal.o(x$fpl$dsqrt)
    x$fpl$f2d                                0x08004af8   Section       86  f2d.o(x$fpl$f2d)
    x$fpl$fadd                               0x08004b50   Section      196  faddsub_clz.o(x$fpl$fadd)
    _fadd1                                   0x08004b5f   Thumb Code     0  faddsub_clz.o(x$fpl$fadd)
    x$fpl$fdiv                               0x08004c14   Section      388  fdiv.o(x$fpl$fdiv)
    _fdiv1                                   0x08004c15   Thumb Code     0  fdiv.o(x$fpl$fdiv)
    x$fpl$ffix                               0x08004d98   Section       54  ffix.o(x$fpl$ffix)
    x$fpl$ffixu                              0x08004dd0   Section       62  ffixu.o(x$fpl$ffixu)
    x$fpl$fflt                               0x08004e10   Section       48  fflt_clz.o(x$fpl$fflt)
    x$fpl$ffltu                              0x08004e40   Section       38  fflt_clz.o(x$fpl$ffltu)
    x$fpl$fmul                               0x08004e68   Section      258  fmul.o(x$fpl$fmul)
    x$fpl$fnaninf                            0x08004f6a   Section      140  fnaninf.o(x$fpl$fnaninf)
    x$fpl$fretinf                            0x08004ff6   Section       10  fretinf.o(x$fpl$fretinf)
    x$fpl$frsb                               0x08005000   Section       20  faddsub_clz.o(x$fpl$frsb)
    x$fpl$fsub                               0x08005014   Section      234  faddsub_clz.o(x$fpl$fsub)
    _fsub1                                   0x08005023   Thumb Code     0  faddsub_clz.o(x$fpl$fsub)
    .constdata                               0x080050fe   Section     2660  tft.o(.constdata)
    x$fpl$usenofp                            0x080050fe   Section        0  usenofp.o(x$fpl$usenofp)
    .constdata                               0x08005b62   Section       40  _printf_hex_int.o(.constdata)
    uc_hextab                                0x08005b62   Data          20  _printf_hex_int.o(.constdata)
    lc_hextab                                0x08005b76   Data          20  _printf_hex_int.o(.constdata)
    .data                                    0x20000000   Section       20  system_stm32f10x.o(.data)
    .data                                    0x20000014   Section        4  delay.o(.data)
    fac_us                                   0x20000014   Data           1  delay.o(.data)
    fac_ms                                   0x20000016   Data           2  delay.o(.data)
    .data                                    0x20000018   Section        6  usart.o(.data)
    .data                                    0x2000001e   Section        6  tft.o(.data)
    .data                                    0x20000024   Section        2  touch.o(.data)
    .data                                    0x20000026   Section       20  stm32f10x_rcc.o(.data)
    APBAHBPrescTable                         0x20000026   Data          16  stm32f10x_rcc.o(.data)
    ADCPrescTable                            0x20000036   Data           4  stm32f10x_rcc.o(.data)
    .bss                                     0x2000003c   Section      200  usart.o(.bss)
    .bss                                     0x20000104   Section       28  touch.o(.bss)
    .bss                                     0x20000120   Section       96  libspace.o(.bss)
    HEAP                                     0x20000180   Section      512  startup_stm32f10x_md.o(HEAP)
    Heap_Mem                                 0x20000180   Data         512  startup_stm32f10x_md.o(HEAP)
    STACK                                    0x20000380   Section     1024  startup_stm32f10x_md.o(STACK)
    Stack_Mem                                0x20000380   Data        1024  startup_stm32f10x_md.o(STACK)
    __initial_sp                             0x20000780   Data           0  startup_stm32f10x_md.o(STACK)

    Global Symbols

    Symbol Name                              Value     Ov Type        Size  Object(Section)

    BuildAttributes$$THM_ISAv4$P$D$K$B$S$PE$A:L22UL41UL21$X:L11$S22US41US21$IEEE1$IW$USESV6$~STKCKD$USESV7$~SHL$OTIME$ROPI$IEEEJ$EBA8$UX$STANDARDLIB$REQ8$PRES8$EABIv2 0x00000000   Number         0  anon$$obj.o ABSOLUTE
    __ARM_use_no_argv                        0x00000000   Number         0  main.o ABSOLUTE
    __ARM_exceptions_init                     - Undefined Weak Reference
    __alloca_initialize                       - Undefined Weak Reference
    __arm_preinit_                            - Undefined Weak Reference
    __cpp_initialize__aeabi_                  - Undefined Weak Reference
    __cxa_finalize                            - Undefined Weak Reference
    __rt_locale                               - Undefined Weak Reference
    __sigvec_lookup                           - Undefined Weak Reference
    _atexit_init                              - Undefined Weak Reference
    _call_atexit_fns                          - Undefined Weak Reference
    _clock_init                               - Undefined Weak Reference
    _fp_trap_init                             - Undefined Weak Reference
    _fp_trap_shutdown                         - Undefined Weak Reference
    _get_lc_collate                           - Undefined Weak Reference
    _get_lc_ctype                             - Undefined Weak Reference
    _get_lc_monetary                          - Undefined Weak Reference
    _get_lc_numeric                           - Undefined Weak Reference
    _get_lc_time                              - Undefined Weak Reference
    _getenv_init                              - Undefined Weak Reference
    _handle_redirection                       - Undefined Weak Reference
    _init_alloc                               - Undefined Weak Reference
    _init_user_alloc                          - Undefined Weak Reference
    _initio                                   - Undefined Weak Reference
    _mutex_acquire                            - Undefined Weak Reference
    _mutex_release                            - Undefined Weak Reference
    _printf_post_padding                      - Undefined Weak Reference
    _printf_pre_padding                       - Undefined Weak Reference
    _printf_truncate_unsigned                 - Undefined Weak Reference
    _rand_init                                - Undefined Weak Reference
    _signal_finish                            - Undefined Weak Reference
    _signal_init                              - Undefined Weak Reference
    _terminate_alloc                          - Undefined Weak Reference
    _terminate_user_alloc                     - Undefined Weak Reference
    _terminateio                              - Undefined Weak Reference
    __Vectors_Size                           0x000000ec   Number         0  startup_stm32f10x_md.o ABSOLUTE
    __Vectors                                0x08000000   Data           4  startup_stm32f10x_md.o(RESET)
    __Vectors_End                            0x080000ec   Data           0  startup_stm32f10x_md.o(RESET)
    __main                                   0x080000ed   Thumb Code     8  __main.o(!!!main)
    __scatterload                            0x080000f5   Thumb Code     0  __scatter.o(!!!scatter)
    __scatterload_rt2                        0x080000f5   Thumb Code    44  __scatter.o(!!!scatter)
    __scatterload_rt2_thumb_only             0x080000f5   Thumb Code     0  __scatter.o(!!!scatter)
    __scatterload_null                       0x08000103   Thumb Code     0  __scatter.o(!!!scatter)
    __scatterload_copy                       0x08000129   Thumb Code    26  __scatter_copy.o(!!handler_copy)
    __scatterload_zeroinit                   0x08000145   Thumb Code    28  __scatter_zi.o(!!handler_zi)
    _printf_percent                          0x08000161   Thumb Code     0  _printf_percent.o(.ARM.Collect$$_printf_percent$$00000000)
    _printf_x                                0x08000161   Thumb Code     0  _printf_x.o(.ARM.Collect$$_printf_percent$$0000000C)
    _printf_percent_end                      0x08000167   Thumb Code     0  _printf_percent_end.o(.ARM.Collect$$_printf_percent$$00000017)
    __rt_lib_init                            0x0800016b   Thumb Code     0  libinit.o(.ARM.Collect$$libinit$$00000000)
    __rt_lib_init_alloca_1                   0x0800016d   Thumb Code     0  libinit2.o(.ARM.Collect$$libinit$$0000002E)
    __rt_lib_init_argv_1                     0x0800016d   Thumb Code     0  libinit2.o(.ARM.Collect$$libinit$$0000002C)
    __rt_lib_init_atexit_1                   0x0800016d   Thumb Code     0  libinit2.o(.ARM.Collect$$libinit$$0000001B)
    __rt_lib_init_clock_1                    0x0800016d   Thumb Code     0  libinit2.o(.ARM.Collect$$libinit$$00000021)
    __rt_lib_init_cpp_1                      0x0800016d   Thumb Code     0  libinit2.o(.ARM.Collect$$libinit$$00000032)
    __rt_lib_init_exceptions_1               0x0800016d   Thumb Code     0  libinit2.o(.ARM.Collect$$libinit$$00000030)
    __rt_lib_init_fp_1                       0x0800016d   Thumb Code     0  libinit2.o(.ARM.Collect$$libinit$$00000002)
    __rt_lib_init_fp_trap_1                  0x0800016d   Thumb Code     0  libinit2.o(.ARM.Collect$$libinit$$0000001F)
    __rt_lib_init_getenv_1                   0x0800016d   Thumb Code     0  libinit2.o(.ARM.Collect$$libinit$$00000023)
    __rt_lib_init_heap_1                     0x0800016d   Thumb Code     0  libinit2.o(.ARM.Collect$$libinit$$0000000A)
    __rt_lib_init_lc_collate_1               0x0800016d   Thumb Code     0  libinit2.o(.ARM.Collect$$libinit$$00000011)
    __rt_lib_init_lc_ctype_1                 0x0800016d   Thumb Code     0  libinit2.o(.ARM.Collect$$libinit$$00000013)
    __rt_lib_init_lc_monetary_1              0x0800016d   Thumb Code     0  libinit2.o(.ARM.Collect$$libinit$$00000015)
    __rt_lib_init_lc_numeric_1               0x0800016d   Thumb Code     0  libinit2.o(.ARM.Collect$$libinit$$00000017)
    __rt_lib_init_lc_time_1                  0x0800016d   Thumb Code     0  libinit2.o(.ARM.Collect$$libinit$$00000019)
    __rt_lib_init_preinit_1                  0x0800016d   Thumb Code     0  libinit2.o(.ARM.Collect$$libinit$$00000004)
    __rt_lib_init_rand_1                     0x0800016d   Thumb Code     0  libinit2.o(.ARM.Collect$$libinit$$0000000E)
    __rt_lib_init_return                     0x0800016d   Thumb Code     0  libinit2.o(.ARM.Collect$$libinit$$00000033)
    __rt_lib_init_signal_1                   0x0800016d   Thumb Code     0  libinit2.o(.ARM.Collect$$libinit$$0000001D)
    __rt_lib_init_stdio_1                    0x0800016d   Thumb Code     0  libinit2.o(.ARM.Collect$$libinit$$00000025)
    __rt_lib_init_user_alloc_1               0x0800016d   Thumb Code     0  libinit2.o(.ARM.Collect$$libinit$$0000000C)
    __rt_lib_shutdown                        0x0800016f   Thumb Code     0  libshutdown.o(.ARM.Collect$$libshutdown$$00000000)
    __rt_lib_shutdown_fp_trap_1              0x08000171   Thumb Code     0  libshutdown2.o(.ARM.Collect$$libshutdown$$00000006)
    __rt_lib_shutdown_heap_1                 0x08000171   Thumb Code     0  libshutdown2.o(.ARM.Collect$$libshutdown$$0000000E)
    __rt_lib_shutdown_return                 0x08000171   Thumb Code     0  libshutdown2.o(.ARM.Collect$$libshutdown$$0000000F)
    __rt_lib_shutdown_signal_1               0x08000171   Thumb Code     0  libshutdown2.o(.ARM.Collect$$libshutdown$$00000009)
    __rt_lib_shutdown_stdio_1                0x08000171   Thumb Code     0  libshutdown2.o(.ARM.Collect$$libshutdown$$00000003)
    __rt_lib_shutdown_user_alloc_1           0x08000171   Thumb Code     0  libshutdown2.o(.ARM.Collect$$libshutdown$$0000000B)
    __rt_entry                               0x08000173   Thumb Code     0  __rtentry.o(.ARM.Collect$$rtentry$$00000000)
    __rt_entry_presh_1                       0x08000173   Thumb Code     0  __rtentry2.o(.ARM.Collect$$rtentry$$00000002)
    __rt_entry_sh                            0x08000173   Thumb Code     0  __rtentry4.o(.ARM.Collect$$rtentry$$00000004)
    __rt_entry_li                            0x08000179   Thumb Code     0  __rtentry2.o(.ARM.Collect$$rtentry$$0000000A)
    __rt_entry_postsh_1                      0x08000179   Thumb Code     0  __rtentry2.o(.ARM.Collect$$rtentry$$00000009)
    __rt_entry_main                          0x0800017d   Thumb Code     0  __rtentry2.o(.ARM.Collect$$rtentry$$0000000D)
    __rt_entry_postli_1                      0x0800017d   Thumb Code     0  __rtentry2.o(.ARM.Collect$$rtentry$$0000000C)
    __rt_exit                                0x08000185   Thumb Code     0  rtexit.o(.ARM.Collect$$rtexit$$00000000)
    __rt_exit_ls                             0x08000187   Thumb Code     0  rtexit2.o(.ARM.Collect$$rtexit$$00000003)
    __rt_exit_prels_1                        0x08000187   Thumb Code     0  rtexit2.o(.ARM.Collect$$rtexit$$00000002)
    __rt_exit_exit                           0x0800018b   Thumb Code     0  rtexit2.o(.ARM.Collect$$rtexit$$00000004)
    Reset_Handler                            0x08000191   Thumb Code     8  startup_stm32f10x_md.o(.text)
    ADC1_2_IRQHandler                        0x080001ab   Thumb Code     0  startup_stm32f10x_md.o(.text)
    CAN1_RX1_IRQHandler                      0x080001ab   Thumb Code     0  startup_stm32f10x_md.o(.text)
    CAN1_SCE_IRQHandler                      0x080001ab   Thumb Code     0  startup_stm32f10x_md.o(.text)
    DMA1_Channel1_IRQHandler                 0x080001ab   Thumb Code     0  startup_stm32f10x_md.o(.text)
    DMA1_Channel2_IRQHandler                 0x080001ab   Thumb Code     0  startup_stm32f10x_md.o(.text)
    DMA1_Channel3_IRQHandler                 0x080001ab   Thumb Code     0  startup_stm32f10x_md.o(.text)
    DMA1_Channel4_IRQHandler                 0x080001ab   Thumb Code     0  startup_stm32f10x_md.o(.text)
    DMA1_Channel5_IRQHandler                 0x080001ab   Thumb Code     0  startup_stm32f10x_md.o(.text)
    DMA1_Channel6_IRQHandler                 0x080001ab   Thumb Code     0  startup_stm32f10x_md.o(.text)
    DMA1_Channel7_IRQHandler                 0x080001ab   Thumb Code     0  startup_stm32f10x_md.o(.text)
    EXTI0_IRQHandler                         0x080001ab   Thumb Code     0  startup_stm32f10x_md.o(.text)
    EXTI15_10_IRQHandler                     0x080001ab   Thumb Code     0  startup_stm32f10x_md.o(.text)
    EXTI1_IRQHandler                         0x080001ab   Thumb Code     0  startup_stm32f10x_md.o(.text)
    EXTI2_IRQHandler                         0x080001ab   Thumb Code     0  startup_stm32f10x_md.o(.text)
    EXTI3_IRQHandler                         0x080001ab   Thumb Code     0  startup_stm32f10x_md.o(.text)
    EXTI9_5_IRQHandler                       0x080001ab   Thumb Code     0  startup_stm32f10x_md.o(.text)
    FLASH_IRQHandler                         0x080001ab   Thumb Code     0  startup_stm32f10x_md.o(.text)
    I2C1_ER_IRQHandler                       0x080001ab   Thumb Code     0  startup_stm32f10x_md.o(.text)
    I2C1_EV_IRQHandler                       0x080001ab   Thumb Code     0  startup_stm32f10x_md.o(.text)
    I2C2_ER_IRQHandler                       0x080001ab   Thumb Code     0  startup_stm32f10x_md.o(.text)
    I2C2_EV_IRQHandler                       0x080001ab   Thumb Code     0  startup_stm32f10x_md.o(.text)
    PVD_IRQHandler                           0x080001ab   Thumb Code     0  startup_stm32f10x_md.o(.text)
    RCC_IRQHandler                           0x080001ab   Thumb Code     0  startup_stm32f10x_md.o(.text)
    RTCAlarm_IRQHandler                      0x080001ab   Thumb Code     0  startup_stm32f10x_md.o(.text)
    RTC_IRQHandler                           0x080001ab   Thumb Code     0  startup_stm32f10x_md.o(.text)
    SPI1_IRQHandler                          0x080001ab   Thumb Code     0  startup_stm32f10x_md.o(.text)
    SPI2_IRQHandler                          0x080001ab   Thumb Code     0  startup_stm32f10x_md.o(.text)
    TAMPER_IRQHandler                        0x080001ab   Thumb Code     0  startup_stm32f10x_md.o(.text)
    TIM1_BRK_IRQHandler                      0x080001ab   Thumb Code     0  startup_stm32f10x_md.o(.text)
    TIM1_CC_IRQHandler                       0x080001ab   Thumb Code     0  startup_stm32f10x_md.o(.text)
    TIM1_TRG_COM_IRQHandler                  0x080001ab   Thumb Code     0  startup_stm32f10x_md.o(.text)
    TIM1_UP_IRQHandler                       0x080001ab   Thumb Code     0  startup_stm32f10x_md.o(.text)
    TIM2_IRQHandler                          0x080001ab   Thumb Code     0  startup_stm32f10x_md.o(.text)
    TIM3_IRQHandler                          0x080001ab   Thumb Code     0  startup_stm32f10x_md.o(.text)
    TIM4_IRQHandler                          0x080001ab   Thumb Code     0  startup_stm32f10x_md.o(.text)
    USART2_IRQHandler                        0x080001ab   Thumb Code     0  startup_stm32f10x_md.o(.text)
    USART3_IRQHandler                        0x080001ab   Thumb Code     0  startup_stm32f10x_md.o(.text)
    USBWakeUp_IRQHandler                     0x080001ab   Thumb Code     0  startup_stm32f10x_md.o(.text)
    USB_HP_CAN1_TX_IRQHandler                0x080001ab   Thumb Code     0  startup_stm32f10x_md.o(.text)
    USB_LP_CAN1_RX0_IRQHandler               0x080001ab   Thumb Code     0  startup_stm32f10x_md.o(.text)
    WWDG_IRQHandler                          0x080001ab   Thumb Code     0  startup_stm32f10x_md.o(.text)
    __user_initial_stackheap                 0x080001ad   Thumb Code     0  startup_stm32f10x_md.o(.text)
    __use_no_semihosting                     0x080001d1   Thumb Code     2  use_no_semi_2.o(.text)
    __2printf                                0x080001d5   Thumb Code    20  noretval__2printf.o(.text)
    __printf                                 0x080001ed   Thumb Code   104  __printf.o(.text)
    _printf_int_hex                          0x08000255   Thumb Code    84  _printf_hex_int.o(.text)
    _printf_longlong_hex                     0x08000255   Thumb Code     0  _printf_hex_int.o(.text)
    __use_two_region_memory                  0x080002ad   Thumb Code     2  heapauxi.o(.text)
    __rt_heap_escrow$2region                 0x080002af   Thumb Code     2  heapauxi.o(.text)
    __rt_heap_expand$2region                 0x080002b1   Thumb Code     2  heapauxi.o(.text)
    __I$use$semihosting                      0x080002b3   Thumb Code     0  use_no_semi.o(.text)
    __use_no_semihosting_swi                 0x080002b3   Thumb Code     2  use_no_semi.o(.text)
    __read_errno                             0x080002b5   Thumb Code    10  _rserrno.o(.text)
    __set_errno                              0x080002bf   Thumb Code    12  _rserrno.o(.text)
    _printf_int_common                       0x080002cb   Thumb Code   178  _printf_intcommon.o(.text)
    _printf_char_file                        0x0800037d   Thumb Code    32  _printf_char_file.o(.text)
    __aeabi_errno_addr                       0x080003a1   Thumb Code     8  rt_errno_addr_intlibspace.o(.text)
    __errno$intlibspace                      0x080003a1   Thumb Code     0  rt_errno_addr_intlibspace.o(.text)
    __rt_errno_addr$intlibspace              0x080003a1   Thumb Code     0  rt_errno_addr_intlibspace.o(.text)
    _printf_char_common                      0x080003b3   Thumb Code    32  _printf_char_common.o(.text)
    ferror                                   0x080003d9   Thumb Code     8  ferror.o(.text)
    __user_libspace                          0x080003e1   Thumb Code     8  libspace.o(.text)
    __user_perproc_libspace                  0x080003e1   Thumb Code     0  libspace.o(.text)
    __user_perthread_libspace                0x080003e1   Thumb Code     0  libspace.o(.text)
    __user_setup_stackheap                   0x080003e9   Thumb Code    74  sys_stackheap_outer.o(.text)
    exit                                     0x08000433   Thumb Code    12  exit.o(.text)
    ADJ_INFO_SHOW                            0x08000441   Thumb Code    66  touch.o(i.ADJ_INFO_SHOW)
    ADS_Read_AD                              0x080004e5   Thumb Code   104  touch.o(i.ADS_Read_AD)
    ADS_Read_XY                              0x0800055d   Thumb Code   124  touch.o(i.ADS_Read_XY)
    ADS_Write_Byte                           0x080005d9   Thumb Code    56  touch.o(i.ADS_Write_Byte)
    AT24CXX_Init                             0x08000619   Thumb Code     8  24cxx.o(i.AT24CXX_Init)
    AT24CXX_ReadLenByte                      0x08000621   Thumb Code    44  24cxx.o(i.AT24CXX_ReadLenByte)
    AT24CXX_ReadOneByte                      0x0800064d   Thumb Code    88  24cxx.o(i.AT24CXX_ReadOneByte)
    AT24CXX_WriteLenByte                     0x080006a5   Thumb Code    42  24cxx.o(i.AT24CXX_WriteLenByte)
    AT24CXX_WriteOneByte                     0x080006cf   Thumb Code    80  24cxx.o(i.AT24CXX_WriteOneByte)
    BusFault_Handler                         0x0800071f   Thumb Code     4  stm32f10x_it.o(i.BusFault_Handler)
    Convert_Pos                              0x08000725   Thumb Code   130  touch.o(i.Convert_Pos)
    DebugMon_Handler                         0x080007ad   Thumb Code     2  stm32f10x_it.o(i.DebugMon_Handler)
    Draw_Big_Point                           0x080007af   Thumb Code    44  touch.o(i.Draw_Big_Point)
    Draw_Circle                              0x080007db   Thumb Code   176  tft.o(i.Draw_Circle)
    Drow_Touch_Point                         0x0800088b   Thumb Code    98  touch.o(i.Drow_Touch_Point)
    EXTI4_IRQHandler                         0x080008ed   Thumb Code    14  touch.o(i.EXTI4_IRQHandler)
    EXTI_Init                                0x08000905   Thumb Code   142  stm32f10x_exti.o(i.EXTI_Init)
    GPIO_EXTILineConfig                      0x08000999   Thumb Code    60  stm32f10x_gpio.o(i.GPIO_EXTILineConfig)
    GPIO_Init                                0x080009d9   Thumb Code   278  stm32f10x_gpio.o(i.GPIO_Init)
    GPIO_PinRemapConfig                      0x08000af1   Thumb Code   138  stm32f10x_gpio.o(i.GPIO_PinRemapConfig)
    GPIO_ResetBits                           0x08000b81   Thumb Code     4  stm32f10x_gpio.o(i.GPIO_ResetBits)
    GPIO_SetBits                             0x08000b85   Thumb Code     4  stm32f10x_gpio.o(i.GPIO_SetBits)
    Get_Adjdata                              0x08000b89   Thumb Code   148  touch.o(i.Get_Adjdata)
    HardFault_Handler                        0x08000c2d   Thumb Code     4  stm32f10x_it.o(i.HardFault_Handler)
    IIC_Ack                                  0x08000c31   Thumb Code    66  myiic.o(i.IIC_Ack)
    IIC_Init                                 0x08000c81   Thumb Code    50  myiic.o(i.IIC_Init)
    IIC_NAck                                 0x08000cc1   Thumb Code    66  myiic.o(i.IIC_NAck)
    IIC_Read_Byte                            0x08000d11   Thumb Code    98  myiic.o(i.IIC_Read_Byte)
    IIC_Send_Byte                            0x08000d81   Thumb Code    90  myiic.o(i.IIC_Send_Byte)
    IIC_Start                                0x08000de9   Thumb Code    64  myiic.o(i.IIC_Start)
    IIC_Stop                                 0x08000e35   Thumb Code    62  myiic.o(i.IIC_Stop)
    IIC_Wait_Ack                             0x08000e81   Thumb Code    86  myiic.o(i.IIC_Wait_Ack)
    LCD_Clear                                0x08000ee5   Thumb Code    58  tft.o(i.LCD_Clear)
    LCD_DrawLine                             0x08000f29   Thumb Code   176  tft.o(i.LCD_DrawLine)
    LCD_DrawPoint                            0x08000fd9   Thumb Code    52  tft.o(i.LCD_DrawPoint)
    LCD_Init                                 0x08001019   Thumb Code  6732  tft.o(i.LCD_Init)
    LCD_RD_DATA                              0x08002a6d   Thumb Code   100  tft.o(i.LCD_RD_DATA)
    LCD_ReadReg                              0x08002add   Thumb Code    16  tft.o(i.LCD_ReadReg)
    LCD_Scan_Dir                             0x08002aed   Thumb Code   674  tft.o(i.LCD_Scan_Dir)
    LCD_SetCursor                            0x08002d9d   Thumb Code   192  tft.o(i.LCD_SetCursor)
    LCD_ShowChar                             0x08002e69   Thumb Code   264  tft.o(i.LCD_ShowChar)
    LCD_ShowNum                              0x08002f81   Thumb Code   148  tft.o(i.LCD_ShowNum)
    LCD_ShowString                           0x08003015   Thumb Code    74  tft.o(i.LCD_ShowString)
    LCD_WR_REG                               0x08003061   Thumb Code    28  tft.o(i.LCD_WR_REG)
    LCD_WriteRAM_Prepare                     0x08003085   Thumb Code    30  tft.o(i.LCD_WriteRAM_Prepare)
    LCD_WriteReg                             0x080030a9   Thumb Code    40  tft.o(i.LCD_WriteReg)
    LED_0                                    0x080030d9   Thumb Code    20  led.o(i.LED_0)
    LED_1                                    0x080030f1   Thumb Code    20  led.o(i.LED_1)
    LED_Init                                 0x08003109   Thumb Code    38  led.o(i.LED_Init)
    Load_Drow_Dialog                         0x08003135   Thumb Code    36  main.o(i.Load_Drow_Dialog)
    MemManage_Handler                        0x08003161   Thumb Code     4  stm32f10x_it.o(i.MemManage_Handler)
    NMI_Handler                              0x08003165   Thumb Code     2  stm32f10x_it.o(i.NMI_Handler)
    NVIC_Configuration                       0x08003167   Thumb Code    12  sys.o(i.NVIC_Configuration)
    NVIC_Init                                0x08003175   Thumb Code   100  misc.o(i.NVIC_Init)
    NVIC_PriorityGroupConfig                 0x080031e5   Thumb Code    10  misc.o(i.NVIC_PriorityGroupConfig)
    Pen_Int_Set                              0x080031f9   Thumb Code    30  touch.o(i.Pen_Int_Set)
    PendSV_Handler                           0x0800321d   Thumb Code     2  stm32f10x_it.o(i.PendSV_Handler)
    RCC_APB1PeriphResetCmd                   0x08003221   Thumb Code    26  stm32f10x_rcc.o(i.RCC_APB1PeriphResetCmd)
    RCC_APB2PeriphClockCmd                   0x08003241   Thumb Code    26  stm32f10x_rcc.o(i.RCC_APB2PeriphClockCmd)
    RCC_APB2PeriphResetCmd                   0x08003261   Thumb Code    26  stm32f10x_rcc.o(i.RCC_APB2PeriphResetCmd)
    RCC_GetClocksFreq                        0x08003281   Thumb Code   374  stm32f10x_rcc.o(i.RCC_GetClocksFreq)
    Read_ADS                                 0x08003411   Thumb Code    50  touch.o(i.Read_ADS)
    Read_ADS2                                0x0800344d   Thumb Code   192  touch.o(i.Read_ADS2)
    Read_TP_Once                             0x0800350d   Thumb Code    64  touch.o(i.Read_TP_Once)
    SVC_Handler                              0x08003555   Thumb Code     2  stm32f10x_it.o(i.SVC_Handler)
    Save_Adjdata                             0x08003559   Thumb Code   108  touch.o(i.Save_Adjdata)
    SysTick_CLKSourceConfig                  0x080036ed   Thumb Code    40  misc.o(i.SysTick_CLKSourceConfig)
    SysTick_Handler                          0x08003715   Thumb Code     2  stm32f10x_it.o(i.SysTick_Handler)
    SystemInit                               0x08003719   Thumb Code    92  system_stm32f10x.o(i.SystemInit)
    Touch_Adjust                             0x08003785   Thumb Code  2126  touch.o(i.Touch_Adjust)
    Touch_Init                               0x0800403d   Thumb Code   220  touch.o(i.Touch_Init)
    USART1_IRQHandler                        0x08004125   Thumb Code   122  usart.o(i.USART1_IRQHandler)
    USART_Cmd                                0x080041ad   Thumb Code    24  stm32f10x_usart.o(i.USART_Cmd)
    USART_DeInit                             0x080041c5   Thumb Code   134  stm32f10x_usart.o(i.USART_DeInit)
    USART_GetITStatus                        0x08004261   Thumb Code    84  stm32f10x_usart.o(i.USART_GetITStatus)
    USART_ITConfig                           0x080042b5   Thumb Code    74  stm32f10x_usart.o(i.USART_ITConfig)
    USART_Init                               0x08004301   Thumb Code   210  stm32f10x_usart.o(i.USART_Init)
    USART_ReceiveData                        0x080043d9   Thumb Code    10  stm32f10x_usart.o(i.USART_ReceiveData)
    UsageFault_Handler                       0x080043e3   Thumb Code     4  stm32f10x_it.o(i.UsageFault_Handler)
    _sys_exit                                0x080043e7   Thumb Code     6  usart.o(i._sys_exit)
    delay_init                               0x080043ed   Thumb Code    50  delay.o(i.delay_init)
    delay_ms                                 0x08004431   Thumb Code    72  delay.o(i.delay_ms)
    delay_us                                 0x0800447d   Thumb Code    72  delay.o(i.delay_us)
    fputc                                    0x080044c9   Thumb Code    24  usart.o(i.fputc)
    main                                     0x080044e5   Thumb Code   212  main.o(i.main)
    mypow                                    0x080045fd   Thumb Code    22  tft.o(i.mypow)
    sqrt                                     0x08004613   Thumb Code    76  sqrt.o(i.sqrt)
    uart_init                                0x08004661   Thumb Code   158  usart.o(i.uart_init)
    __fpl_dcmp_Inf                           0x08004709   Thumb Code    24  dcmpi.o(x$fpl$dcmpinf)
    __aeabi_d2uiz                            0x08004721   Thumb Code     0  dfixu.o(x$fpl$dfixu)
    _dfixu                                   0x08004721   Thumb Code    90  dfixu.o(x$fpl$dfixu)
    __aeabi_ui2d                             0x0800477b   Thumb Code     0  dflt_clz.o(x$fpl$dfltu)
    _dfltu                                   0x0800477b   Thumb Code    38  dflt_clz.o(x$fpl$dfltu)
    __aeabi_cdcmple                          0x080047a1   Thumb Code     0  dleqf.o(x$fpl$dleqf)
    _dcmple                                  0x080047a1   Thumb Code   120  dleqf.o(x$fpl$dleqf)
    __fpl_dcmple_InfNaN                      0x08004803   Thumb Code     0  dleqf.o(x$fpl$dleqf)
    __fpl_dnaninf                            0x08004819   Thumb Code   156  dnaninf.o(x$fpl$dnaninf)
    __fpl_dretinf                            0x080048b5   Thumb Code    12  dretinf.o(x$fpl$dretinf)
    __aeabi_cdrcmple                         0x080048c1   Thumb Code     0  drleqf.o(x$fpl$drleqf)
    _drcmple                                 0x080048c1   Thumb Code   108  drleqf.o(x$fpl$drleqf)
    _dsqrt                                   0x0800492d   Thumb Code   456  dsqrt_noumaal.o(x$fpl$dsqrt)
    __aeabi_f2d                              0x08004af9   Thumb Code     0  f2d.o(x$fpl$f2d)
    _f2d                                     0x08004af9   Thumb Code    86  f2d.o(x$fpl$f2d)
    __aeabi_fadd                             0x08004b51   Thumb Code     0  faddsub_clz.o(x$fpl$fadd)
    _fadd                                    0x08004b51   Thumb Code   196  faddsub_clz.o(x$fpl$fadd)
    __aeabi_fdiv                             0x08004c15   Thumb Code     0  fdiv.o(x$fpl$fdiv)
    _fdiv                                    0x08004c15   Thumb Code   384  fdiv.o(x$fpl$fdiv)
    __aeabi_f2iz                             0x08004d99   Thumb Code     0  ffix.o(x$fpl$ffix)
    _ffix                                    0x08004d99   Thumb Code    54  ffix.o(x$fpl$ffix)
    __aeabi_f2uiz                            0x08004dd1   Thumb Code     0  ffixu.o(x$fpl$ffixu)
    _ffixu                                   0x08004dd1   Thumb Code    62  ffixu.o(x$fpl$ffixu)
    __aeabi_i2f                              0x08004e11   Thumb Code     0  fflt_clz.o(x$fpl$fflt)
    _fflt                                    0x08004e11   Thumb Code    48  fflt_clz.o(x$fpl$fflt)
    __aeabi_ui2f                             0x08004e41   Thumb Code     0  fflt_clz.o(x$fpl$ffltu)
    _ffltu                                   0x08004e41   Thumb Code    38  fflt_clz.o(x$fpl$ffltu)
    __aeabi_fmul                             0x08004e69   Thumb Code     0  fmul.o(x$fpl$fmul)
    _fmul                                    0x08004e69   Thumb Code   258  fmul.o(x$fpl$fmul)
    __fpl_fnaninf                            0x08004f6b   Thumb Code   140  fnaninf.o(x$fpl$fnaninf)
    __fpl_fretinf                            0x08004ff7   Thumb Code    10  fretinf.o(x$fpl$fretinf)
    __aeabi_frsub                            0x08005001   Thumb Code     0  faddsub_clz.o(x$fpl$frsb)
    _frsb                                    0x08005001   Thumb Code    20  faddsub_clz.o(x$fpl$frsb)
    __aeabi_fsub                             0x08005015   Thumb Code     0  faddsub_clz.o(x$fpl$fsub)
    _fsub                                    0x08005015   Thumb Code   234  faddsub_clz.o(x$fpl$fsub)
    __I$use$fp                               0x080050fe   Number         0  usenofp.o(x$fpl$usenofp)
    asc2_1206                                0x080050fe   Data        1140  tft.o(.constdata)
    asc2_1608                                0x08005572   Data        1520  tft.o(.constdata)
    Region$$Table$$Base                      0x08005b8c   Number         0  anon$$obj.o(Region$$Table)
    Region$$Table$$Limit                     0x08005bac   Number         0  anon$$obj.o(Region$$Table)
    SystemCoreClock                          0x20000000   Data           4  system_stm32f10x.o(.data)
    AHBPrescTable                            0x20000004   Data          16  system_stm32f10x.o(.data)
    __stdout                                 0x20000018   Data           4  usart.o(.data)
    USART_RX_STA                             0x2000001c   Data           2  usart.o(.data)
    POINT_COLOR                              0x2000001e   Data           2  tft.o(.data)
    BACK_COLOR                               0x20000020   Data           2  tft.o(.data)
    DeviceCode                               0x20000022   Data           2  tft.o(.data)
    CMD_RDX                                  0x20000024   Data           1  touch.o(.data)
    CMD_RDY                                  0x20000025   Data           1  touch.o(.data)
    USART_RX_BUF                             0x2000003c   Data         200  usart.o(.bss)
    Pen_Point                                0x20000104   Data          28  touch.o(.bss)
    __libspace_start                         0x20000120   Data          96  libspace.o(.bss)
    __temporary_stack_top$libspace           0x20000180   Data           0  libspace.o(.bss)



==============================================================================

Memory Map of the image

  Image Entry point : 0x080000ed

  Load Region LR_IROM1 (Base: 0x08000000, Size: 0x00005be8, Max: 0x00040000, ABSOLUTE)

    Execution Region ER_IROM1 (Base: 0x08000000, Size: 0x00005bac, Max: 0x00040000, ABSOLUTE)

    Base Addr    Size         Type   Attr      Idx    E Section Name        Object

    0x08000000   0x000000ec   Data   RO          245    RESET               startup_stm32f10x_md.o
    0x080000ec   0x00000008   Code   RO         3863  * !!!main             c_w.l(__main.o)
    0x080000f4   0x00000034   Code   RO         4100    !!!scatter          c_w.l(__scatter.o)
    0x08000128   0x0000001a   Code   RO         4102    !!handler_copy      c_w.l(__scatter_copy.o)
    0x08000142   0x00000002   PAD
    0x08000144   0x0000001c   Code   RO         4104    !!handler_zi        c_w.l(__scatter_zi.o)
    0x08000160   0x00000000   Code   RO         3860    .ARM.Collect$$_printf_percent$$00000000  c_w.l(_printf_percent.o)
    0x08000160   0x00000006   Code   RO         3859    .ARM.Collect$$_printf_percent$$0000000C  c_w.l(_printf_x.o)
    0x08000166   0x00000004   Code   RO         3924    .ARM.Collect$$_printf_percent$$00000017  c_w.l(_printf_percent_end.o)
    0x0800016a   0x00000002   Code   RO         3978    .ARM.Collect$$libinit$$00000000  c_w.l(libinit.o)
    0x0800016c   0x00000000   Code   RO         3982    .ARM.Collect$$libinit$$00000002  c_w.l(libinit2.o)
    0x0800016c   0x00000000   Code   RO         3984    .ARM.Collect$$libinit$$00000004  c_w.l(libinit2.o)
    0x0800016c   0x00000000   Code   RO         3987    .ARM.Collect$$libinit$$0000000A  c_w.l(libinit2.o)
    0x0800016c   0x00000000   Code   RO         3989    .ARM.Collect$$libinit$$0000000C  c_w.l(libinit2.o)
    0x0800016c   0x00000000   Code   RO         3991    .ARM.Collect$$libinit$$0000000E  c_w.l(libinit2.o)
    0x0800016c   0x00000000   Code   RO         3994    .ARM.Collect$$libinit$$00000011  c_w.l(libinit2.o)
    0x0800016c   0x00000000   Code   RO         3996    .ARM.Collect$$libinit$$00000013  c_w.l(libinit2.o)
    0x0800016c   0x00000000   Code   RO         3998    .ARM.Collect$$libinit$$00000015  c_w.l(libinit2.o)
    0x0800016c   0x00000000   Code   RO         4000    .ARM.Collect$$libinit$$00000017  c_w.l(libinit2.o)
    0x0800016c   0x00000000   Code   RO         4002    .ARM.Collect$$libinit$$00000019  c_w.l(libinit2.o)
    0x0800016c   0x00000000   Code   RO         4004    .ARM.Collect$$libinit$$0000001B  c_w.l(libinit2.o)
    0x0800016c   0x00000000   Code   RO         4006    .ARM.Collect$$libinit$$0000001D  c_w.l(libinit2.o)
    0x0800016c   0x00000000   Code   RO         4008    .ARM.Collect$$libinit$$0000001F  c_w.l(libinit2.o)
    0x0800016c   0x00000000   Code   RO         4010    .ARM.Collect$$libinit$$00000021  c_w.l(libinit2.o)
    0x0800016c   0x00000000   Code   RO         4012    .ARM.Collect$$libinit$$00000023  c_w.l(libinit2.o)
    0x0800016c   0x00000000   Code   RO         4014    .ARM.Collect$$libinit$$00000025  c_w.l(libinit2.o)
    0x0800016c   0x00000000   Code   RO         4018    .ARM.Collect$$libinit$$0000002C  c_w.l(libinit2.o)
    0x0800016c   0x00000000   Code   RO         4020    .ARM.Collect$$libinit$$0000002E  c_w.l(libinit2.o)
    0x0800016c   0x00000000   Code   RO         4022    .ARM.Collect$$libinit$$00000030  c_w.l(libinit2.o)
    0x0800016c   0x00000000   Code   RO         4024    .ARM.Collect$$libinit$$00000032  c_w.l(libinit2.o)
    0x0800016c   0x00000002   Code   RO         4025    .ARM.Collect$$libinit$$00000033  c_w.l(libinit2.o)
    0x0800016e   0x00000002   Code   RO         4043    .ARM.Collect$$libshutdown$$00000000  c_w.l(libshutdown.o)
    0x08000170   0x00000000   Code   RO         4054    .ARM.Collect$$libshutdown$$00000003  c_w.l(libshutdown2.o)
    0x08000170   0x00000000   Code   RO         4057    .ARM.Collect$$libshutdown$$00000006  c_w.l(libshutdown2.o)
    0x08000170   0x00000000   Code   RO         4060    .ARM.Collect$$libshutdown$$00000009  c_w.l(libshutdown2.o)
    0x08000170   0x00000000   Code   RO         4062    .ARM.Collect$$libshutdown$$0000000B  c_w.l(libshutdown2.o)
    0x08000170   0x00000000   Code   RO         4065    .ARM.Collect$$libshutdown$$0000000E  c_w.l(libshutdown2.o)
    0x08000170   0x00000002   Code   RO         4066    .ARM.Collect$$libshutdown$$0000000F  c_w.l(libshutdown2.o)
    0x08000172   0x00000000   Code   RO         3917    .ARM.Collect$$rtentry$$00000000  c_w.l(__rtentry.o)
    0x08000172   0x00000000   Code   RO         3939    .ARM.Collect$$rtentry$$00000002  c_w.l(__rtentry2.o)
    0x08000172   0x00000006   Code   RO         3951    .ARM.Collect$$rtentry$$00000004  c_w.l(__rtentry4.o)
    0x08000178   0x00000000   Code   RO         3941    .ARM.Collect$$rtentry$$00000009  c_w.l(__rtentry2.o)
    0x08000178   0x00000004   Code   RO         3942    .ARM.Collect$$rtentry$$0000000A  c_w.l(__rtentry2.o)
    0x0800017c   0x00000000   Code   RO         3944    .ARM.Collect$$rtentry$$0000000C  c_w.l(__rtentry2.o)
    0x0800017c   0x00000008   Code   RO         3945    .ARM.Collect$$rtentry$$0000000D  c_w.l(__rtentry2.o)
    0x08000184   0x00000002   Code   RO         3979    .ARM.Collect$$rtexit$$00000000  c_w.l(rtexit.o)
    0x08000186   0x00000000   Code   RO         4027    .ARM.Collect$$rtexit$$00000002  c_w.l(rtexit2.o)
    0x08000186   0x00000004   Code   RO         4028    .ARM.Collect$$rtexit$$00000003  c_w.l(rtexit2.o)
    0x0800018a   0x00000006   Code   RO         4029    .ARM.Collect$$rtexit$$00000004  c_w.l(rtexit2.o)
    0x08000190   0x00000040   Code   RO          246    .text               startup_stm32f10x_md.o
    0x080001d0   0x00000002   Code   RO         3810    .text               c_w.l(use_no_semi_2.o)
    0x080001d2   0x00000002   PAD
    0x080001d4   0x00000018   Code   RO         3814    .text               c_w.l(noretval__2printf.o)
    0x080001ec   0x00000068   Code   RO         3816    .text               c_w.l(__printf.o)
    0x08000254   0x00000058   Code   RO         3821    .text               c_w.l(_printf_hex_int.o)
    0x080002ac   0x00000006   Code   RO         3861    .text               c_w.l(heapauxi.o)
    0x080002b2   0x00000002   Code   RO         3915    .text               c_w.l(use_no_semi.o)
    0x080002b4   0x00000016   Code   RO         3918    .text               c_w.l(_rserrno.o)
    0x080002ca   0x000000b2   Code   RO         3920    .text               c_w.l(_printf_intcommon.o)
    0x0800037c   0x00000024   Code   RO         3922    .text               c_w.l(_printf_char_file.o)
    0x080003a0   0x00000008   Code   RO         3956    .text               c_w.l(rt_errno_addr_intlibspace.o)
    0x080003a8   0x00000030   Code   RO         3958    .text               c_w.l(_printf_char_common.o)
    0x080003d8   0x00000008   Code   RO         3960    .text               c_w.l(ferror.o)
    0x080003e0   0x00000008   Code   RO         3964    .text               c_w.l(libspace.o)
    0x080003e8   0x0000004a   Code   RO         3967    .text               c_w.l(sys_stackheap_outer.o)
    0x08000432   0x0000000c   Code   RO         3971    .text               c_w.l(exit.o)
    0x0800043e   0x00000002   PAD
    0x08000440   0x000000a4   Code   RO          556    i.ADJ_INFO_SHOW     touch.o
    0x080004e4   0x00000078   Code   RO          557    i.ADS_Read_AD       touch.o
    0x0800055c   0x0000007c   Code   RO          558    i.ADS_Read_XY       touch.o
    0x080005d8   0x00000040   Code   RO          559    i.ADS_Write_Byte    touch.o
    0x08000618   0x00000008   Code   RO          680    i.AT24CXX_Init      24cxx.o
    0x08000620   0x0000002c   Code   RO          682    i.AT24CXX_ReadLenByte  24cxx.o
    0x0800064c   0x00000058   Code   RO          683    i.AT24CXX_ReadOneByte  24cxx.o
    0x080006a4   0x0000002a   Code   RO          685    i.AT24CXX_WriteLenByte  24cxx.o
    0x080006ce   0x00000050   Code   RO          686    i.AT24CXX_WriteOneByte  24cxx.o
    0x0800071e   0x00000004   Code   RO          135    i.BusFault_Handler  stm32f10x_it.o
    0x08000722   0x00000002   PAD
    0x08000724   0x00000088   Code   RO          560    i.Convert_Pos       touch.o
    0x080007ac   0x00000002   Code   RO          136    i.DebugMon_Handler  stm32f10x_it.o
    0x080007ae   0x0000002c   Code   RO          561    i.Draw_Big_Point    touch.o
    0x080007da   0x000000b0   Code   RO          385    i.Draw_Circle       tft.o
    0x0800088a   0x00000062   Code   RO          562    i.Drow_Touch_Point  touch.o
    0x080008ec   0x00000018   Code   RO          563    i.EXTI4_IRQHandler  touch.o
    0x08000904   0x00000094   Code   RO         1590    i.EXTI_Init         stm32f10x_exti.o
    0x08000998   0x00000040   Code   RO         1935    i.GPIO_EXTILineConfig  stm32f10x_gpio.o
    0x080009d8   0x00000116   Code   RO         1938    i.GPIO_Init         stm32f10x_gpio.o
    0x08000aee   0x00000002   PAD
    0x08000af0   0x00000090   Code   RO         1940    i.GPIO_PinRemapConfig  stm32f10x_gpio.o
    0x08000b80   0x00000004   Code   RO         1945    i.GPIO_ResetBits    stm32f10x_gpio.o
    0x08000b84   0x00000004   Code   RO         1946    i.GPIO_SetBits      stm32f10x_gpio.o
    0x08000b88   0x000000a4   Code   RO          564    i.Get_Adjdata       touch.o
    0x08000c2c   0x00000004   Code   RO          137    i.HardFault_Handler  stm32f10x_it.o
    0x08000c30   0x00000050   Code   RO          733    i.IIC_Ack           myiic.o
    0x08000c80   0x00000040   Code   RO          734    i.IIC_Init          myiic.o
    0x08000cc0   0x00000050   Code   RO          735    i.IIC_NAck          myiic.o
    0x08000d10   0x00000070   Code   RO          736    i.IIC_Read_Byte     myiic.o
    0x08000d80   0x00000068   Code   RO          737    i.IIC_Send_Byte     myiic.o
    0x08000de8   0x0000004c   Code   RO          738    i.IIC_Start         myiic.o
    0x08000e34   0x0000004c   Code   RO          739    i.IIC_Stop          myiic.o
    0x08000e80   0x00000064   Code   RO          740    i.IIC_Wait_Ack      myiic.o
    0x08000ee4   0x00000044   Code   RO          387    i.LCD_Clear         tft.o
    0x08000f28   0x000000b0   Code   RO          390    i.LCD_DrawLine      tft.o
    0x08000fd8   0x00000040   Code   RO          391    i.LCD_DrawPoint     tft.o
    0x08001018   0x00001a54   Code   RO          394    i.LCD_Init          tft.o
    0x08002a6c   0x00000070   Code   RO          395    i.LCD_RD_DATA       tft.o
    0x08002adc   0x00000010   Code   RO          397    i.LCD_ReadReg       tft.o
    0x08002aec   0x000002b0   Code   RO          398    i.LCD_Scan_Dir      tft.o
    0x08002d9c   0x000000cc   Code   RO          530    i.LCD_SetCursor     tft.o
    0x08002e68   0x00000118   Code   RO          400    i.LCD_ShowChar      tft.o
    0x08002f80   0x00000094   Code   RO          401    i.LCD_ShowNum       tft.o
    0x08003014   0x0000004a   Code   RO          402    i.LCD_ShowString    tft.o
    0x0800305e   0x00000002   PAD
    0x08003060   0x00000024   Code   RO          403    i.LCD_WR_REG        tft.o
    0x08003084   0x00000024   Code   RO          405    i.LCD_WriteRAM_Prepare  tft.o
    0x080030a8   0x00000030   Code   RO          406    i.LCD_WriteReg      tft.o
    0x080030d8   0x00000018   Code   RO          355    i.LED_0             led.o
    0x080030f0   0x00000018   Code   RO          357    i.LED_1             led.o
    0x08003108   0x0000002c   Code   RO          358    i.LED_Init          led.o
    0x08003134   0x0000002c   Code   RO            1    i.Load_Drow_Dialog  main.o
    0x08003160   0x00000004   Code   RO          138    i.MemManage_Handler  stm32f10x_it.o
    0x08003164   0x00000002   Code   RO          139    i.NMI_Handler       stm32f10x_it.o
    0x08003166   0x0000000c   Code   RO          302    i.NVIC_Configuration  sys.o
    0x08003172   0x00000002   PAD
    0x08003174   0x00000070   Code   RO          787    i.NVIC_Init         misc.o
    0x080031e4   0x00000014   Code   RO          788    i.NVIC_PriorityGroupConfig  misc.o
    0x080031f8   0x00000024   Code   RO          565    i.Pen_Int_Set       touch.o
    0x0800321c   0x00000002   Code   RO          140    i.PendSV_Handler    stm32f10x_it.o
    0x0800321e   0x00000002   PAD
    0x08003220   0x00000020   Code   RO         2356    i.RCC_APB1PeriphResetCmd  stm32f10x_rcc.o
    0x08003240   0x00000020   Code   RO         2357    i.RCC_APB2PeriphClockCmd  stm32f10x_rcc.o
    0x08003260   0x00000020   Code   RO         2358    i.RCC_APB2PeriphResetCmd  stm32f10x_rcc.o
    0x08003280   0x00000190   Code   RO         2365    i.RCC_GetClocksFreq  stm32f10x_rcc.o
    0x08003410   0x0000003c   Code   RO          566    i.Read_ADS          touch.o
    0x0800344c   0x000000c0   Code   RO          567    i.Read_ADS2         touch.o
    0x0800350c   0x00000048   Code   RO          568    i.Read_TP_Once      touch.o
    0x08003554   0x00000002   Code   RO          141    i.SVC_Handler       stm32f10x_it.o
    0x08003556   0x00000002   PAD
    0x08003558   0x00000074   Code   RO          569    i.Save_Adjdata      touch.o
    0x080035cc   0x00000008   Code   RO          198    i.SetSysClock       system_stm32f10x.o
    0x080035d4   0x00000118   Code   RO          199    i.SetSysClockTo72   system_stm32f10x.o
    0x080036ec   0x00000028   Code   RO          791    i.SysTick_CLKSourceConfig  misc.o
    0x08003714   0x00000002   Code   RO          142    i.SysTick_Handler   stm32f10x_it.o
    0x08003716   0x00000002   PAD
    0x08003718   0x0000006c   Code   RO          201    i.SystemInit        system_stm32f10x.o
    0x08003784   0x000008b8   Code   RO          570    i.Touch_Adjust      touch.o
    0x0800403c   0x000000e8   Code   RO          571    i.Touch_Init        touch.o
    0x08004124   0x00000088   Code   RO          314    i.USART1_IRQHandler  usart.o
    0x080041ac   0x00000018   Code   RO         3578    i.USART_Cmd         stm32f10x_usart.o
    0x080041c4   0x0000009c   Code   RO         3580    i.USART_DeInit      stm32f10x_usart.o
    0x08004260   0x00000054   Code   RO         3582    i.USART_GetITStatus  stm32f10x_usart.o
    0x080042b4   0x0000004a   Code   RO         3584    i.USART_ITConfig    stm32f10x_usart.o
    0x080042fe   0x00000002   PAD
    0x08004300   0x000000d8   Code   RO         3585    i.USART_Init        stm32f10x_usart.o
    0x080043d8   0x0000000a   Code   RO         3592    i.USART_ReceiveData  stm32f10x_usart.o
    0x080043e2   0x00000004   Code   RO          143    i.UsageFault_Handler  stm32f10x_it.o
    0x080043e6   0x00000006   Code   RO          315    i._sys_exit         usart.o
    0x080043ec   0x00000044   Code   RO          250    i.delay_init        delay.o
    0x08004430   0x0000004c   Code   RO          251    i.delay_ms          delay.o
    0x0800447c   0x0000004c   Code   RO          252    i.delay_us          delay.o
    0x080044c8   0x0000001c   Code   RO          316    i.fputc             usart.o
    0x080044e4   0x00000118   Code   RO            2    i.main              main.o
    0x080045fc   0x00000016   Code   RO          407    i.mypow             tft.o
    0x08004612   0x0000004c   Code   RO         3908    i.sqrt              m_ws.l(sqrt.o)
    0x0800465e   0x00000002   PAD
    0x08004660   0x000000a8   Code   RO          317    i.uart_init         usart.o
    0x08004708   0x00000018   Code   RO         3925    x$fpl$dcmpinf       fz_ws.l(dcmpi.o)
    0x08004720   0x0000005a   Code   RO         3865    x$fpl$dfixu         fz_ws.l(dfixu.o)
    0x0800477a   0x00000026   Code   RO         3869    x$fpl$dfltu         fz_ws.l(dflt_clz.o)
    0x080047a0   0x00000078   Code   RO         3875    x$fpl$dleqf         fz_ws.l(dleqf.o)
    0x08004818   0x0000009c   Code   RO         3927    x$fpl$dnaninf       fz_ws.l(dnaninf.o)
    0x080048b4   0x0000000c   Code   RO         3929    x$fpl$dretinf       fz_ws.l(dretinf.o)
    0x080048c0   0x0000006c   Code   RO         3877    x$fpl$drleqf        fz_ws.l(drleqf.o)
    0x0800492c   0x000001cc   Code   RO         3931    x$fpl$dsqrt         fz_ws.l(dsqrt_noumaal.o)
    0x08004af8   0x00000056   Code   RO         3879    x$fpl$f2d           fz_ws.l(f2d.o)
    0x08004b4e   0x00000002   PAD
    0x08004b50   0x000000c4   Code   RO         3881    x$fpl$fadd          fz_ws.l(faddsub_clz.o)
    0x08004c14   0x00000184   Code   RO         3888    x$fpl$fdiv          fz_ws.l(fdiv.o)
    0x08004d98   0x00000036   Code   RO         3891    x$fpl$ffix          fz_ws.l(ffix.o)
    0x08004dce   0x00000002   PAD
    0x08004dd0   0x0000003e   Code   RO         3895    x$fpl$ffixu         fz_ws.l(ffixu.o)
    0x08004e0e   0x00000002   PAD
    0x08004e10   0x00000030   Code   RO         3900    x$fpl$fflt          fz_ws.l(fflt_clz.o)
    0x08004e40   0x00000026   Code   RO         3899    x$fpl$ffltu         fz_ws.l(fflt_clz.o)
    0x08004e66   0x00000002   PAD
    0x08004e68   0x00000102   Code   RO         3905    x$fpl$fmul          fz_ws.l(fmul.o)
    0x08004f6a   0x0000008c   Code   RO         3933    x$fpl$fnaninf       fz_ws.l(fnaninf.o)
    0x08004ff6   0x0000000a   Code   RO         3935    x$fpl$fretinf       fz_ws.l(fretinf.o)
    0x08005000   0x00000014   Code   RO         3882    x$fpl$frsb          fz_ws.l(faddsub_clz.o)
    0x08005014   0x000000ea   Code   RO         3883    x$fpl$fsub          fz_ws.l(faddsub_clz.o)
    0x080050fe   0x00000000   Code   RO         3937    x$fpl$usenofp       fz_ws.l(usenofp.o)
    0x080050fe   0x00000a64   Data   RO          408    .constdata          tft.o
    0x08005b62   0x00000028   Data   RO         3822    .constdata          c_w.l(_printf_hex_int.o)
    0x08005b8a   0x00000002   PAD
    0x08005b8c   0x00000020   Data   RO         4098    Region$$Table       anon$$obj.o


    Execution Region RW_IRAM1 (Base: 0x20000000, Size: 0x00000780, Max: 0x00010000, ABSOLUTE)

    Base Addr    Size         Type   Attr      Idx    E Section Name        Object

    0x20000000   0x00000014   Data   RW          202    .data               system_stm32f10x.o
    0x20000014   0x00000004   Data   RW          253    .data               delay.o
    0x20000018   0x00000006   Data   RW          319    .data               usart.o
    0x2000001e   0x00000006   Data   RW          409    .data               tft.o
    0x20000024   0x00000002   Data   RW          573    .data               touch.o
    0x20000026   0x00000014   Data   RW         2393    .data               stm32f10x_rcc.o
    0x2000003a   0x00000002   PAD
    0x2000003c   0x000000c8   Zero   RW          318    .bss                usart.o
    0x20000104   0x0000001c   Zero   RW          572    .bss                touch.o
    0x20000120   0x00000060   Zero   RW         3965    .bss                c_w.l(libspace.o)
    0x20000180   0x00000200   Zero   RW          244    HEAP                startup_stm32f10x_md.o
    0x20000380   0x00000400   Zero   RW          243    STACK               startup_stm32f10x_md.o


==============================================================================

Image component sizes


      Code (inc. data)   RO Data    RW Data    ZI Data      Debug   Object Name

       262          0          0          0          0       2801   24cxx.o
         0          0          0          0          0         32   core_cm3.o
       220         26          0          4          0     225079   delay.o
        92         14          0          0          0       1291   led.o
       324         76          0          0          0     252746   main.o
       172         22          0          0          0       2001   misc.o
       692        110          0          0          0       4034   myiic.o
        64         26        236          0       1536        796   startup_stm32f10x_md.o
       148          6          0          0          0        948   stm32f10x_exti.o
       494         10          0          0          0       4384   stm32f10x_gpio.o
        26          0          0          0          0       3690   stm32f10x_it.o
       496         44          0         20          0       5719   stm32f10x_rcc.o
       564         28          0          0          0       5449   stm32f10x_usart.o
        12          0          0          0          0        453   sys.o
       396         32          0         20          0       2105   system_stm32f10x.o
      8888        184       2660          6          0      14920   tft.o
      3878        356          0          2         28      10915   touch.o
       338         28          0          6        200       4108   usart.o

    ----------------------------------------------------------------------
     17082        962       2928         60       1764     541471   Object Totals
         0          0         32          0          0          0   (incl. Generated)
        16          0          0          2          0          0   (incl. Padding)

    ----------------------------------------------------------------------

      Code (inc. data)   RO Data    RW Data    ZI Data      Debug   Library Member Name

         8          0          0          0          0         68   __main.o
       104          0          0          0          0         84   __printf.o
         0          0          0          0          0          0   __rtentry.o
        12          0          0          0          0          0   __rtentry2.o
         6          0          0          0          0          0   __rtentry4.o
        52          8          0          0          0          0   __scatter.o
        26          0          0          0          0          0   __scatter_copy.o
        28          0          0          0          0          0   __scatter_zi.o
        48          6          0          0          0         96   _printf_char_common.o
        36          4          0          0          0         80   _printf_char_file.o
        88          4         40          0          0         88   _printf_hex_int.o
       178          0          0          0          0         88   _printf_intcommon.o
         0          0          0          0          0          0   _printf_percent.o
         4          0          0          0          0          0   _printf_percent_end.o
         6          0          0          0          0          0   _printf_x.o
        22          0          0          0          0        100   _rserrno.o
        12          0          0          0          0         72   exit.o
         8          0          0          0          0         68   ferror.o
         6          0          0          0          0        152   heapauxi.o
         2          0          0          0          0          0   libinit.o
         2          0          0          0          0          0   libinit2.o
         2          0          0          0          0          0   libshutdown.o
         2          0          0          0          0          0   libshutdown2.o
         8          4          0          0         96         68   libspace.o
        24          4          0          0          0         84   noretval__2printf.o
         8          4          0          0          0         68   rt_errno_addr_intlibspace.o
         2          0          0          0          0          0   rtexit.o
        10          0          0          0          0          0   rtexit2.o
        74          0          0          0          0         80   sys_stackheap_outer.o
         2          0          0          0          0         68   use_no_semi.o
         2          0          0          0          0         68   use_no_semi_2.o
        24          0          0          0          0         68   dcmpi.o
        90          4          0          0          0         92   dfixu.o
        38          0          0          0          0         68   dflt_clz.o
       120          4          0          0          0         92   dleqf.o
       156          4          0          0          0         92   dnaninf.o
        12          0          0          0          0         68   dretinf.o
       108          0          0          0          0         80   drleqf.o
       460         56          0          0          0        120   dsqrt_noumaal.o
        86          4          0          0          0         84   f2d.o
       450          8          0          0          0        236   faddsub_clz.o
       388         76          0          0          0         96   fdiv.o
        54          4          0          0          0         84   ffix.o
        62          4          0          0          0         84   ffixu.o
        86          0          0          0          0        136   fflt_clz.o
       258          4          0          0          0         84   fmul.o
       140          4          0          0          0         84   fnaninf.o
        10          0          0          0          0         68   fretinf.o
         0          0          0          0          0          0   usenofp.o
        76          0          0          0          0         84   sqrt.o

    ----------------------------------------------------------------------
      3416        206         42          0         96       3052   Library Totals
        16          0          2          0          0          0   (incl. Padding)

    ----------------------------------------------------------------------

      Code (inc. data)   RO Data    RW Data    ZI Data      Debug   Library Name

       782         34         40          0         96       1332   c_w.l
      2542        172          0          0          0       1636   fz_ws.l
        76          0          0          0          0         84   m_ws.l

    ----------------------------------------------------------------------
      3416        206         42          0         96       3052   Library Totals

    ----------------------------------------------------------------------

==============================================================================


      Code (inc. data)   RO Data    RW Data    ZI Data      Debug   

     20498       1168       2970         60       1860     538383   Grand Totals
     20498       1168       2970         60       1860     538383   ELF Image Totals
     20498       1168       2970         60          0          0   ROM Totals

==============================================================================

    Total RO  Size (Code + RO Data)                23468 (  22.92kB)
    Total RW  Size (RW Data + ZI Data)              1920 (   1.88kB)
    Total ROM Size (Code + RO Data + RW Data)      23528 (  22.98kB)

==============================================================================

