<html>
<body>
<pre>
<h1>µVision Build Log</h1>
<h2>Project:</h2>
C:\Users\user\Documents\KEIL\STM32F107Àý³Ì\7.24C02\USER\24C02.uvproj
Project File Date:  09/27/2016

<h2>Output:</h2>
Build target 'EEPROM'
linking...
Program Size: Code=16036 RO-data=2988 RW-data=60 ZI-data=1836  
FromELF: creating hex file...
"..\OBJ\24C02.axf" - 0 Error(s), 0 Warning(s).
Load "..\\OBJ\\24C02.axf" 
Set JLink Project File to "C:\Users\user\Documents\KEIL\STM32F107Àý³Ì\7.24C02\USER\JLinkSettings.ini"
* JLink Info: Device "STM32F107VC" selected (256 KB flash, 64 KB RAM).
 
JLink info:
------------
DLL: V4.80g, compiled Feb 13 2014 20:50:02
Firmware: J-Link ARM V8 compiled Nov 25 2013 19:20:08
Hardware: V8.00
S/N : 799713843 
Feature(s) : RDI,FlashDL,FlashBP,JFlash,GDBFULL 
 
* JLink Info: Could not measure total IR len. TDO is constant high.
* JLink Info: STM32F1xxx: Can not attach to CPU. Trying connect under reset.
* JLink Info: TotalIRLen = 9, IRPrint = 0x0011
* JLink Info: TotalIRLen = 9, IRPrint = 0x0011
* JLink Info: Found Cortex-M3 r1p1, Little endian.
* JLink Info: FPUnit: 6 code (BP) slots and 2 literal slots
* JLink Info: TPIU fitted.
* JLink Info: ETM fitted.
ROMTableAddr = 0xE00FF003
 
Target info:
------------
Device: STM32F107VC
VTarget = 3.261V
State of Pins: 
TCK: 1, TDI: 0, TDO: 1, TMS: 0, TRES: 1, TRST: 1
Hardware-Breakpoints: 6
Software-Breakpoints: 8192
Watchpoints:          4
JTAG speed: 2000 kHz
 
Erase Done.
Programming Done.
Verify OK.
Application running ...
***JLink Error: Bad JTAG communication: Write to IR: Expected 0x1, got 0xF (TAP Command : 10) @ Off 0x5.
</pre>
</body>
</html>
